#! /c/Source/iverilog-install/bin/vvp
:ivl_version "12.0 (devel)" "(s20150603-1539-g2693dd32b)";
:ivl_delay_selection "TYPICAL";
:vpi_time_precision - 12;
:vpi_module "C:\iverilog\lib\ivl\system.vpi";
:vpi_module "C:\iverilog\lib\ivl\vhdl_sys.vpi";
:vpi_module "C:\iverilog\lib\ivl\vhdl_textio.vpi";
:vpi_module "C:\iverilog\lib\ivl\v2005_math.vpi";
:vpi_module "C:\iverilog\lib\ivl\va_math.vpi";
S_000002ed4cfeca00 .scope module, "Multiplexer" "Multiplexer" 2 3;
 .timescale -9 -12;
    .port_info 0 /INPUT 4 "button";
    .port_info 1 /OUTPUT 5 "LED";
o000002ed4d025bf8 .functor BUFZ 4, C4<zzzz>; HiZ drive
L_000002ed4cfeeef0 .functor NOT 4, o000002ed4d025bf8, C4<0000>, C4<0000>, C4<0000>;
L_000002ed4cfecc20 .functor NOT 1, L_000002ed4d079570, C4<0>, C4<0>, C4<0>;
L_000002ed4cfecc90 .functor NOT 1, L_000002ed4d079430, C4<0>, C4<0>, C4<0>;
L_000002ed4cfecd00 .functor OR 1, L_000002ed4cfecc20, L_000002ed4cfecc90, C4<0>, C4<0>;
L_000002ed4d07b2c0 .functor NOT 1, L_000002ed4d07a150, C4<0>, C4<0>, C4<0>;
L_000002ed4d07bb40 .functor OR 1, L_000002ed4d07b2c0, L_000002ed4d079610, C4<0>, C4<0>;
L_000002ed4d07bbb0 .functor OR 1, L_000002ed4d07bb40, L_000002ed4d07a1f0, C4<0>, C4<0>;
L_000002ed4d07bc20 .functor AND 1, L_000002ed4cfecd00, L_000002ed4d07bbb0, C4<1>, C4<1>;
v000002ed4d002ce0_0 .net "LED", 4 0, L_000002ed4d079750;  1 drivers
v000002ed4d0028f0_0 .net *"_ivl_10", 0 0, L_000002ed4cfecc90;  1 drivers
v000002ed4cfeee50_0 .net *"_ivl_12", 0 0, L_000002ed4cfecd00;  1 drivers
v000002ed4d0799d0_0 .net *"_ivl_15", 0 0, L_000002ed4d07a150;  1 drivers
v000002ed4d079390_0 .net *"_ivl_16", 0 0, L_000002ed4d07b2c0;  1 drivers
v000002ed4d079a70_0 .net *"_ivl_19", 0 0, L_000002ed4d079610;  1 drivers
v000002ed4d0794d0_0 .net *"_ivl_20", 0 0, L_000002ed4d07bb40;  1 drivers
v000002ed4d079b10_0 .net *"_ivl_23", 0 0, L_000002ed4d07a1f0;  1 drivers
v000002ed4d079ed0_0 .net *"_ivl_24", 0 0, L_000002ed4d07bbb0;  1 drivers
v000002ed4d079e30_0 .net *"_ivl_26", 0 0, L_000002ed4d07bc20;  1 drivers
v000002ed4d0796b0_0 .net *"_ivl_5", 0 0, L_000002ed4d079570;  1 drivers
v000002ed4d0792f0_0 .net *"_ivl_6", 0 0, L_000002ed4cfecc20;  1 drivers
v000002ed4d0797f0_0 .net *"_ivl_9", 0 0, L_000002ed4d079430;  1 drivers
v000002ed4d079c50_0 .net "btn", 3 0, L_000002ed4cfeeef0;  1 drivers
v000002ed4d079930_0 .net "button", 3 0, o000002ed4d025bf8;  0 drivers
L_000002ed4d079750 .part/pv L_000002ed4d07bc20, 0, 1, 5;
L_000002ed4d079570 .part L_000002ed4cfeeef0, 3, 1;
L_000002ed4d079430 .part L_000002ed4cfeeef0, 1, 1;
L_000002ed4d07a150 .part L_000002ed4cfeeef0, 2, 1;
L_000002ed4d079610 .part L_000002ed4cfeeef0, 3, 1;
L_000002ed4d07a1f0 .part L_000002ed4cfeeef0, 1, 1;
# The file index is used to find the file name in the following table.
:file_names 3;
    "N/A";
    "<interactive>";
    "Maxtem_Function.v";
