#! /c/Source/iverilog-install/bin/vvp
:ivl_version "12.0 (devel)" "(s20150603-1539-g2693dd32b)";
:ivl_delay_selection "TYPICAL";
:vpi_time_precision - 12;
:vpi_module "C:\iverilog\lib\ivl\system.vpi";
:vpi_module "C:\iverilog\lib\ivl\vhdl_sys.vpi";
:vpi_module "C:\iverilog\lib\ivl\vhdl_textio.vpi";
:vpi_module "C:\iverilog\lib\ivl\v2005_math.vpi";
:vpi_module "C:\iverilog\lib\ivl\va_math.vpi";
S_00000209871b5410 .scope module, "signed_3bit_adder_and_subtractor" "signed_3bit_adder_and_subtractor" 2 106;
 .timescale -9 -12;
    .port_info 0 /INPUT 8 "Dip";
    .port_info 1 /INPUT 1 "op";
    .port_info 2 /OUTPUT 1 "a";
    .port_info 3 /OUTPUT 1 "b";
    .port_info 4 /OUTPUT 1 "c";
    .port_info 5 /OUTPUT 1 "d";
    .port_info 6 /OUTPUT 1 "e";
    .port_info 7 /OUTPUT 1 "f";
    .port_info 8 /OUTPUT 1 "g";
    .port_info 9 /OUTPUT 1 "dp";
    .port_info 10 /OUTPUT 4 "Dig";
    .port_info 11 /OUTPUT 1 "sgn";
    .port_info 12 /OUTPUT 1 "overflow";
L_00000209871d8f70 .functor XOR 4, L_0000020987247240, L_0000020987247920, C4<0000>, C4<0000>;
L_000002098724c030 .functor XNOR 1, L_000002098724e2c0, L_000002098724cb00, C4<0>, C4<0>;
L_000002098724c420 .functor XOR 1, L_000002098724e0e0, L_000002098724d500, C4<0>, C4<0>;
L_000002098724b8c0 .functor AND 1, L_000002098724c030, L_000002098724c420, C4<1>, C4<1>;
v0000020987245050_0 .net "Cout", 0 0, L_000002098724c110;  1 drivers
v00000209872463b0_0 .net "D", 2 0, L_000002098724c500;  1 drivers
L_0000020987260118 .functor BUFT 1, C4<0001>, C4<0>, C4<0>, C4<0>;
v0000020987246090_0 .net "Dig", 3 0, L_0000020987260118;  1 drivers
o00000209871f0628 .functor BUFZ 8, C4<zzzzzzzz>; HiZ drive
v0000020987246a90_0 .net "Dip", 7 0, o00000209871f0628;  0 drivers
v0000020987245190_0 .net "S", 3 0, L_000002098724e4a0;  1 drivers
v0000020987246bd0_0 .net "XOR_pattern", 3 0, L_0000020987247240;  1 drivers
v0000020987245b90_0 .net "XORed_second_number", 3 0, L_00000209871d8f70;  1 drivers
v0000020987246c70_0 .net *"_ivl_3", 0 0, L_0000020987247880;  1 drivers
v00000209872455f0_0 .net *"_ivl_40", 0 0, L_000002098724e2c0;  1 drivers
v0000020987245f50_0 .net *"_ivl_42", 0 0, L_000002098724cb00;  1 drivers
v0000020987245690_0 .net *"_ivl_43", 0 0, L_000002098724c030;  1 drivers
v00000209872457d0_0 .net *"_ivl_46", 0 0, L_000002098724e0e0;  1 drivers
v0000020987245730_0 .net *"_ivl_48", 0 0, L_000002098724d500;  1 drivers
v0000020987245870_0 .net *"_ivl_49", 0 0, L_000002098724c420;  1 drivers
v00000209872459b0_0 .net *"_ivl_5", 0 0, L_0000020987247a60;  1 drivers
v0000020987245a50_0 .net *"_ivl_51", 0 0, L_000002098724b8c0;  1 drivers
L_0000020987260088 .functor BUFT 1, C4<1>, C4<0>, C4<0>, C4<0>;
v00000209872461d0_0 .net/2u *"_ivl_53", 0 0, L_0000020987260088;  1 drivers
L_00000209872600d0 .functor BUFT 1, C4<0>, C4<0>, C4<0>, C4<0>;
v0000020987246310_0 .net/2u *"_ivl_55", 0 0, L_00000209872600d0;  1 drivers
v0000020987248e60_0 .net *"_ivl_60", 0 0, L_000002098724e220;  1 drivers
v00000209872483c0_0 .net *"_ivl_62", 0 0, L_000002098724d6e0;  1 drivers
v0000020987248dc0_0 .net *"_ivl_64", 0 0, L_000002098724cce0;  1 drivers
L_00000209872601a8 .functor BUFT 1, C4<0>, C4<0>, C4<0>, C4<0>;
v0000020987248500_0 .net/2u *"_ivl_67", 0 0, L_00000209872601a8;  1 drivers
v0000020987248a00_0 .net *"_ivl_7", 0 0, L_0000020987247ec0;  1 drivers
v0000020987248140_0 .net *"_ivl_70", 0 0, L_000002098724cd80;  1 drivers
v00000209872481e0_0 .net *"_ivl_72", 0 0, L_000002098724c920;  1 drivers
v0000020987248b40_0 .net *"_ivl_74", 0 0, L_000002098724de60;  1 drivers
L_00000209872601f0 .functor BUFT 1, C4<1111111>, C4<0>, C4<0>, C4<0>;
v0000020987247560_0 .net/2u *"_ivl_85", 6 0, L_00000209872601f0;  1 drivers
v0000020987248000_0 .net *"_ivl_87", 6 0, L_000002098724df00;  1 drivers
v0000020987248be0_0 .net *"_ivl_89", 6 0, L_000002098724dfa0;  1 drivers
v0000020987247ce0_0 .net *"_ivl_9", 0 0, L_00000209872480a0;  1 drivers
L_0000020987260238 .functor BUFT 1, C4<0>, C4<0>, C4<0>, C4<0>;
v00000209872471a0_0 .net/2u *"_ivl_91", 0 0, L_0000020987260238;  1 drivers
v0000020987248280_0 .net *"_ivl_94", 0 0, L_000002098724dd20;  1 drivers
v0000020987248f00_0 .net "a", 0 0, L_000002098724d780;  1 drivers
v0000020987248aa0_0 .net "aa", 0 0, v000002098723ec50_0;  1 drivers
v00000209872486e0_0 .net "b", 0 0, L_000002098724e400;  1 drivers
v00000209872479c0_0 .net "bb", 0 0, v0000020987240190_0;  1 drivers
v00000209872474c0_0 .net "c", 0 0, L_000002098724db40;  1 drivers
v0000020987248460_0 .net "cc", 0 0, v00000209872402d0_0;  1 drivers
v00000209872485a0_0 .net "d", 0 0, L_000002098724d820;  1 drivers
v0000020987247c40_0 .net "dd", 0 0, v000002098723f6f0_0;  1 drivers
L_0000020987260160 .functor BUFT 1, C4<1>, C4<0>, C4<0>, C4<0>;
v0000020987248c80_0 .net "dp", 0 0, L_0000020987260160;  1 drivers
v00000209872472e0_0 .net "e", 0 0, L_000002098724c7e0;  1 drivers
v0000020987247420_0 .net "ee", 0 0, v000002098723f290_0;  1 drivers
v0000020987247d80_0 .net "f", 0 0, L_000002098724ca60;  1 drivers
v0000020987247600_0 .net "ff", 0 0, v0000020987240550_0;  1 drivers
v00000209872476a0_0 .net "g", 0 0, L_000002098724ce20;  1 drivers
v0000020987247060_0 .net "gg", 0 0, v000002098723e7f0_0;  1 drivers
o00000209871ee6d8 .functor BUFZ 1, C4<z>; HiZ drive
v00000209872477e0_0 .net "op", 0 0, o00000209871ee6d8;  0 drivers
v0000020987248320_0 .net "overflow", 0 0, L_000002098724d5a0;  1 drivers
v0000020987247100_0 .net "second_number", 3 0, L_0000020987247920;  1 drivers
v0000020987247740_0 .net "sgn", 0 0, L_000002098724e360;  1 drivers
v0000020987248d20_0 .net "tempC1", 0 0, L_00000209871d8d40;  1 drivers
v0000020987248960_0 .net "tempC2", 0 0, L_00000209871d8410;  1 drivers
v0000020987247380_0 .net "tempC3", 0 0, L_000002098724b7e0;  1 drivers
L_0000020987247240 .concat [ 1 1 1 1], o00000209871ee6d8, o00000209871ee6d8, o00000209871ee6d8, o00000209871ee6d8;
L_0000020987247880 .part o00000209871f0628, 7, 1;
L_0000020987247a60 .part o00000209871f0628, 6, 1;
L_0000020987247ec0 .part o00000209871f0628, 5, 1;
L_00000209872480a0 .part o00000209871f0628, 4, 1;
L_0000020987247920 .concat [ 1 1 1 1], L_00000209872480a0, L_0000020987247ec0, L_0000020987247a60, L_0000020987247880;
L_0000020987248820 .part o00000209871f0628, 3, 1;
L_0000020987247b00 .part L_00000209871d8f70, 3, 1;
L_0000020987247ba0 .part o00000209871f0628, 2, 1;
L_0000020987247e20 .part L_00000209871d8f70, 2, 1;
L_0000020987247f60 .part o00000209871f0628, 1, 1;
L_0000020987248640 .part L_00000209871d8f70, 1, 1;
L_0000020987248780 .part o00000209871f0628, 0, 1;
L_00000209872488c0 .part L_00000209871d8f70, 0, 1;
L_000002098724e4a0 .concat8 [ 1 1 1 1], L_00000209871d8950, L_00000209871d8b80, L_00000209871d8e90, L_000002098724b850;
L_000002098724e2c0 .part o00000209871f0628, 0, 1;
L_000002098724cb00 .part L_00000209871d8f70, 0, 1;
L_000002098724e0e0 .part L_000002098724e4a0, 3, 1;
L_000002098724d500 .part o00000209871f0628, 0, 1;
L_000002098724d5a0 .functor MUXZ 1, L_00000209872600d0, L_0000020987260088, L_000002098724b8c0, C4<>;
L_000002098724e220 .part L_000002098724e4a0, 0, 1;
L_000002098724d6e0 .part L_000002098724e4a0, 1, 1;
L_000002098724cce0 .part L_000002098724e4a0, 2, 1;
LS_000002098724e540_0_0 .concat [ 1 1 1 1], L_000002098724cce0, L_000002098724d6e0, L_000002098724e220, o00000209871ee6d8;
LS_000002098724e540_0_4 .concat [ 1 1 1 0], o00000209871ee6d8, o00000209871ee6d8, o00000209871ee6d8;
L_000002098724e540 .concat [ 4 3 0 0], LS_000002098724e540_0_0, LS_000002098724e540_0_4;
L_000002098724cd80 .part L_000002098724c500, 2, 1;
L_000002098724c920 .part L_000002098724c500, 1, 1;
L_000002098724de60 .part L_000002098724c500, 0, 1;
L_000002098724c9c0 .concat [ 1 1 1 1], L_000002098724de60, L_000002098724c920, L_000002098724cd80, L_00000209872601a8;
L_000002098724d780 .part L_000002098724dfa0, 6, 1;
L_000002098724e400 .part L_000002098724dfa0, 5, 1;
L_000002098724db40 .part L_000002098724dfa0, 4, 1;
L_000002098724d820 .part L_000002098724dfa0, 3, 1;
L_000002098724c7e0 .part L_000002098724dfa0, 2, 1;
L_000002098724ca60 .part L_000002098724dfa0, 1, 1;
L_000002098724ce20 .part L_000002098724dfa0, 0, 1;
LS_000002098724df00_0_0 .concat [ 1 1 1 1], v000002098723e7f0_0, v0000020987240550_0, v000002098723f290_0, v000002098723f6f0_0;
LS_000002098724df00_0_4 .concat [ 1 1 1 0], v00000209872402d0_0, v0000020987240190_0, v000002098723ec50_0;
L_000002098724df00 .concat [ 4 3 0 0], LS_000002098724df00_0_0, LS_000002098724df00_0_4;
L_000002098724dfa0 .functor MUXZ 7, L_000002098724df00, L_00000209872601f0, L_000002098724d5a0, C4<>;
L_000002098724dd20 .part L_000002098724e4a0, 3, 1;
L_000002098724e360 .functor MUXZ 1, L_000002098724dd20, L_0000020987260238, L_000002098724d5a0, C4<>;
S_00000209871b55a0 .scope module, "ff1" "Full_Adder" 2 127, 2 16 0, S_00000209871b5410;
 .timescale -9 -12;
    .port_info 0 /INPUT 1 "A";
    .port_info 1 /INPUT 1 "B";
    .port_info 2 /INPUT 1 "Cin";
    .port_info 3 /OUTPUT 1 "S";
    .port_info 4 /OUTPUT 1 "Cout";
L_00000209871d8d40 .functor OR 1, L_00000209871d89c0, L_00000209871d8aa0, C4<0>, C4<0>;
v000002098723ebb0_0 .net "A", 0 0, L_0000020987248820;  1 drivers
v000002098723f790_0 .net "B", 0 0, L_0000020987247b00;  1 drivers
v0000020987240370_0 .net "C1", 0 0, L_00000209871d89c0;  1 drivers
v0000020987240410_0 .net "C2", 0 0, L_00000209871d8aa0;  1 drivers
v000002098723fd30_0 .net "Cin", 0 0, o00000209871ee6d8;  alias, 0 drivers
v000002098723f830_0 .net "Cout", 0 0, L_00000209871d8d40;  alias, 1 drivers
v000002098723fc90_0 .net "S", 0 0, L_00000209871d8950;  1 drivers
v000002098723ee30_0 .net "S1", 0 0, L_00000209871d8870;  1 drivers
S_00000209871b94a0 .scope module, "fH" "Half_Adder" 2 29, 2 3 0, S_00000209871b55a0;
 .timescale -9 -12;
    .port_info 0 /INPUT 1 "A";
    .port_info 1 /INPUT 1 "B";
    .port_info 2 /OUTPUT 1 "S";
    .port_info 3 /OUTPUT 1 "C";
L_00000209871d8870 .functor XOR 1, L_0000020987248820, L_0000020987247b00, C4<0>, C4<0>;
L_00000209871d89c0 .functor AND 1, L_0000020987248820, L_0000020987247b00, C4<1>, C4<1>;
v00000209871dab50_0 .net "A", 0 0, L_0000020987248820;  alias, 1 drivers
v00000209871dabf0_0 .net "B", 0 0, L_0000020987247b00;  alias, 1 drivers
v00000209871dad30_0 .net "C", 0 0, L_00000209871d89c0;  alias, 1 drivers
v00000209871dadd0_0 .net "S", 0 0, L_00000209871d8870;  alias, 1 drivers
S_00000209871b9630 .scope module, "sH" "Half_Adder" 2 30, 2 3 0, S_00000209871b55a0;
 .timescale -9 -12;
    .port_info 0 /INPUT 1 "A";
    .port_info 1 /INPUT 1 "B";
    .port_info 2 /OUTPUT 1 "S";
    .port_info 3 /OUTPUT 1 "C";
L_00000209871d8950 .functor XOR 1, L_00000209871d8870, o00000209871ee6d8, C4<0>, C4<0>;
L_00000209871d8aa0 .functor AND 1, L_00000209871d8870, o00000209871ee6d8, C4<1>, C4<1>;
v000002098723ff10_0 .net "A", 0 0, L_00000209871d8870;  alias, 1 drivers
v000002098723fb50_0 .net "B", 0 0, o00000209871ee6d8;  alias, 0 drivers
v000002098723fbf0_0 .net "C", 0 0, L_00000209871d8aa0;  alias, 1 drivers
v000002098723ea70_0 .net "S", 0 0, L_00000209871d8950;  alias, 1 drivers
S_00000209871a6360 .scope module, "fourthf" "Full_Adder" 2 130, 2 16 0, S_00000209871b5410;
 .timescale -9 -12;
    .port_info 0 /INPUT 1 "A";
    .port_info 1 /INPUT 1 "B";
    .port_info 2 /INPUT 1 "Cin";
    .port_info 3 /OUTPUT 1 "S";
    .port_info 4 /OUTPUT 1 "Cout";
L_000002098724c110 .functor OR 1, L_000002098724c3b0, L_000002098724c260, C4<0>, C4<0>;
v000002098723fdd0_0 .net "A", 0 0, L_0000020987248780;  1 drivers
v0000020987240050_0 .net "B", 0 0, L_00000209872488c0;  1 drivers
v000002098723fab0_0 .net "C1", 0 0, L_000002098724c3b0;  1 drivers
v000002098723eb10_0 .net "C2", 0 0, L_000002098724c260;  1 drivers
v000002098723f8d0_0 .net "Cin", 0 0, L_000002098724b7e0;  alias, 1 drivers
v000002098723e6b0_0 .net "Cout", 0 0, L_000002098724c110;  alias, 1 drivers
v00000209872400f0_0 .net "S", 0 0, L_000002098724b850;  1 drivers
v000002098723f1f0_0 .net "S1", 0 0, L_000002098724be00;  1 drivers
S_00000209871a64f0 .scope module, "fH" "Half_Adder" 2 29, 2 3 0, S_00000209871a6360;
 .timescale -9 -12;
    .port_info 0 /INPUT 1 "A";
    .port_info 1 /INPUT 1 "B";
    .port_info 2 /OUTPUT 1 "S";
    .port_info 3 /OUTPUT 1 "C";
L_000002098724be00 .functor XOR 1, L_0000020987248780, L_00000209872488c0, C4<0>, C4<0>;
L_000002098724c3b0 .functor AND 1, L_0000020987248780, L_00000209872488c0, C4<1>, C4<1>;
v000002098723ef70_0 .net "A", 0 0, L_0000020987248780;  alias, 1 drivers
v000002098723f470_0 .net "B", 0 0, L_00000209872488c0;  alias, 1 drivers
v000002098723e890_0 .net "C", 0 0, L_000002098724c3b0;  alias, 1 drivers
v00000209872404b0_0 .net "S", 0 0, L_000002098724be00;  alias, 1 drivers
S_000002098715d610 .scope module, "sH" "Half_Adder" 2 30, 2 3 0, S_00000209871a6360;
 .timescale -9 -12;
    .port_info 0 /INPUT 1 "A";
    .port_info 1 /INPUT 1 "B";
    .port_info 2 /OUTPUT 1 "S";
    .port_info 3 /OUTPUT 1 "C";
L_000002098724b850 .functor XOR 1, L_000002098724be00, L_000002098724b7e0, C4<0>, C4<0>;
L_000002098724c260 .functor AND 1, L_000002098724be00, L_000002098724b7e0, C4<1>, C4<1>;
v0000020987240230_0 .net "A", 0 0, L_000002098724be00;  alias, 1 drivers
v000002098723ed90_0 .net "B", 0 0, L_000002098724b7e0;  alias, 1 drivers
v000002098723fe70_0 .net "C", 0 0, L_000002098724c260;  alias, 1 drivers
v000002098723ffb0_0 .net "S", 0 0, L_000002098724b850;  alias, 1 drivers
S_000002098715d7a0 .scope module, "out" "show_Hex_on_7seg" 2 141, 2 63 0, S_00000209871b5410;
 .timescale -9 -12;
    .port_info 0 /INPUT 4 "Dip";
    .port_info 1 /OUTPUT 1 "a";
    .port_info 2 /OUTPUT 1 "b";
    .port_info 3 /OUTPUT 1 "c";
    .port_info 4 /OUTPUT 1 "d";
    .port_info 5 /OUTPUT 1 "e";
    .port_info 6 /OUTPUT 1 "f";
    .port_info 7 /OUTPUT 1 "g";
    .port_info 8 /OUTPUT 1 "dp";
    .port_info 9 /OUTPUT 4 "Dig";
v000002098723e750_0 .net "Dig", 3 0, L_0000020987260118;  alias, 1 drivers
v000002098723e930_0 .net "Dip", 3 0, L_000002098724c9c0;  1 drivers
v000002098723f0b0_0 .net "a", 0 0, v000002098723ec50_0;  alias, 1 drivers
v000002098723f150_0 .net "b", 0 0, v0000020987240190_0;  alias, 1 drivers
v000002098723f510_0 .net "c", 0 0, v00000209872402d0_0;  alias, 1 drivers
v000002098723e9d0_0 .net "d", 0 0, v000002098723f6f0_0;  alias, 1 drivers
v000002098723f330_0 .net "dp", 0 0, L_0000020987260160;  alias, 1 drivers
v000002098723ecf0_0 .net "e", 0 0, v000002098723f290_0;  alias, 1 drivers
v000002098723eed0_0 .net "f", 0 0, v0000020987240550_0;  alias, 1 drivers
v000002098723f3d0_0 .net "g", 0 0, v000002098723e7f0_0;  alias, 1 drivers
S_0000020987172ce0 .scope module, "instans1" "Hex_to_7_seg" 2 73, 2 36 0, S_000002098715d7a0;
 .timescale -9 -12;
    .port_info 0 /INPUT 4 "Hex";
    .port_info 1 /OUTPUT 1 "a";
    .port_info 2 /OUTPUT 1 "b";
    .port_info 3 /OUTPUT 1 "c";
    .port_info 4 /OUTPUT 1 "d";
    .port_info 5 /OUTPUT 1 "e";
    .port_info 6 /OUTPUT 1 "f";
    .port_info 7 /OUTPUT 1 "g";
v000002098723f010_0 .net "Hex", 3 0, L_000002098724c9c0;  alias, 1 drivers
v000002098723ec50_0 .var "a", 0 0;
v0000020987240190_0 .var "b", 0 0;
v00000209872402d0_0 .var "c", 0 0;
v000002098723f6f0_0 .var "d", 0 0;
v000002098723f290_0 .var "e", 0 0;
v0000020987240550_0 .var "f", 0 0;
v000002098723e7f0_0 .var "g", 0 0;
E_00000209871e4a10 .event anyedge, v000002098723f010_0;
S_0000020987172e70 .scope module, "sf" "Full_Adder" 2 128, 2 16 0, S_00000209871b5410;
 .timescale -9 -12;
    .port_info 0 /INPUT 1 "A";
    .port_info 1 /INPUT 1 "B";
    .port_info 2 /INPUT 1 "Cin";
    .port_info 3 /OUTPUT 1 "S";
    .port_info 4 /OUTPUT 1 "Cout";
L_00000209871d8410 .functor OR 1, L_00000209871d83a0, L_00000209871d8bf0, C4<0>, C4<0>;
v0000020987241cc0_0 .net "A", 0 0, L_0000020987247ba0;  1 drivers
v0000020987242580_0 .net "B", 0 0, L_0000020987247e20;  1 drivers
v0000020987241860_0 .net "C1", 0 0, L_00000209871d83a0;  1 drivers
v0000020987242d00_0 .net "C2", 0 0, L_00000209871d8bf0;  1 drivers
v0000020987242300_0 .net "Cin", 0 0, L_00000209871d8d40;  alias, 1 drivers
v0000020987242800_0 .net "Cout", 0 0, L_00000209871d8410;  alias, 1 drivers
v0000020987241900_0 .net "S", 0 0, L_00000209871d8b80;  1 drivers
v00000209872430c0_0 .net "S1", 0 0, L_00000209871d8b10;  1 drivers
S_0000020987173000 .scope module, "fH" "Half_Adder" 2 29, 2 3 0, S_0000020987172e70;
 .timescale -9 -12;
    .port_info 0 /INPUT 1 "A";
    .port_info 1 /INPUT 1 "B";
    .port_info 2 /OUTPUT 1 "S";
    .port_info 3 /OUTPUT 1 "C";
L_00000209871d8b10 .functor XOR 1, L_0000020987247ba0, L_0000020987247e20, C4<0>, C4<0>;
L_00000209871d83a0 .functor AND 1, L_0000020987247ba0, L_0000020987247e20, C4<1>, C4<1>;
v000002098723f5b0_0 .net "A", 0 0, L_0000020987247ba0;  alias, 1 drivers
v000002098723f650_0 .net "B", 0 0, L_0000020987247e20;  alias, 1 drivers
v000002098723f970_0 .net "C", 0 0, L_00000209871d83a0;  alias, 1 drivers
v000002098723fa10_0 .net "S", 0 0, L_00000209871d8b10;  alias, 1 drivers
S_0000020987241680 .scope module, "sH" "Half_Adder" 2 30, 2 3 0, S_0000020987172e70;
 .timescale -9 -12;
    .port_info 0 /INPUT 1 "A";
    .port_info 1 /INPUT 1 "B";
    .port_info 2 /OUTPUT 1 "S";
    .port_info 3 /OUTPUT 1 "C";
L_00000209871d8b80 .functor XOR 1, L_00000209871d8b10, L_00000209871d8d40, C4<0>, C4<0>;
L_00000209871d8bf0 .functor AND 1, L_00000209871d8b10, L_00000209871d8d40, C4<1>, C4<1>;
v0000020987242260_0 .net "A", 0 0, L_00000209871d8b10;  alias, 1 drivers
v0000020987242c60_0 .net "B", 0 0, L_00000209871d8d40;  alias, 1 drivers
v0000020987241c20_0 .net "C", 0 0, L_00000209871d8bf0;  alias, 1 drivers
v00000209872432a0_0 .net "S", 0 0, L_00000209871d8b80;  alias, 1 drivers
S_0000020987243820 .scope module, "thf" "Full_Adder" 2 129, 2 16 0, S_00000209871b5410;
 .timescale -9 -12;
    .port_info 0 /INPUT 1 "A";
    .port_info 1 /INPUT 1 "B";
    .port_info 2 /INPUT 1 "Cin";
    .port_info 3 /OUTPUT 1 "S";
    .port_info 4 /OUTPUT 1 "Cout";
L_000002098724b7e0 .functor OR 1, L_00000209871d8cd0, L_00000209871b0250, C4<0>, C4<0>;
v0000020987242a80_0 .net "A", 0 0, L_0000020987247f60;  1 drivers
v0000020987242940_0 .net "B", 0 0, L_0000020987248640;  1 drivers
v0000020987243340_0 .net "C1", 0 0, L_00000209871d8cd0;  1 drivers
v00000209872429e0_0 .net "C2", 0 0, L_00000209871b0250;  1 drivers
v0000020987242bc0_0 .net "Cin", 0 0, L_00000209871d8410;  alias, 1 drivers
v0000020987243660_0 .net "Cout", 0 0, L_000002098724b7e0;  alias, 1 drivers
v00000209872433e0_0 .net "S", 0 0, L_00000209871d8e90;  1 drivers
v0000020987241b80_0 .net "S1", 0 0, L_00000209871d8c60;  1 drivers
S_00000209872439b0 .scope module, "fH" "Half_Adder" 2 29, 2 3 0, S_0000020987243820;
 .timescale -9 -12;
    .port_info 0 /INPUT 1 "A";
    .port_info 1 /INPUT 1 "B";
    .port_info 2 /OUTPUT 1 "S";
    .port_info 3 /OUTPUT 1 "C";
L_00000209871d8c60 .functor XOR 1, L_0000020987247f60, L_0000020987248640, C4<0>, C4<0>;
L_00000209871d8cd0 .functor AND 1, L_0000020987247f60, L_0000020987248640, C4<1>, C4<1>;
v00000209872419a0_0 .net "A", 0 0, L_0000020987247f60;  alias, 1 drivers
v0000020987243160_0 .net "B", 0 0, L_0000020987248640;  alias, 1 drivers
v0000020987242b20_0 .net "C", 0 0, L_00000209871d8cd0;  alias, 1 drivers
v0000020987241ae0_0 .net "S", 0 0, L_00000209871d8c60;  alias, 1 drivers
S_0000020987243b40 .scope module, "sH" "Half_Adder" 2 30, 2 3 0, S_0000020987243820;
 .timescale -9 -12;
    .port_info 0 /INPUT 1 "A";
    .port_info 1 /INPUT 1 "B";
    .port_info 2 /OUTPUT 1 "S";
    .port_info 3 /OUTPUT 1 "C";
L_00000209871d8e90 .functor XOR 1, L_00000209871d8c60, L_00000209871d8410, C4<0>, C4<0>;
L_00000209871b0250 .functor AND 1, L_00000209871d8c60, L_00000209871d8410, C4<1>, C4<1>;
v0000020987243200_0 .net "A", 0 0, L_00000209871d8c60;  alias, 1 drivers
v0000020987242760_0 .net "B", 0 0, L_00000209871d8410;  alias, 1 drivers
v00000209872428a0_0 .net "C", 0 0, L_00000209871b0250;  alias, 1 drivers
v0000020987241a40_0 .net "S", 0 0, L_00000209871d8e90;  alias, 1 drivers
S_0000020987243cd0 .scope module, "threef" "unsigned_3bit_adder" 2 138, 2 79 0, S_00000209871b5410;
 .timescale -9 -12;
    .port_info 0 /INPUT 7 "Dip";
    .port_info 1 /OUTPUT 3 "D";
L_000002098724c500 .functor BUFZ 3, L_000002098724d960, C4<000>, C4<000>, C4<000>;
v0000020987246810_0 .net "Cout", 0 0, L_000002098724bcb0;  1 drivers
v0000020987245410_0 .net "D", 2 0, L_000002098724c500;  alias, 1 drivers
v0000020987245370_0 .net "Dip", 6 0, L_000002098724e540;  1 drivers
v0000020987246950_0 .net "S", 2 0, L_000002098724d960;  1 drivers
v0000020987245550_0 .net "tempC1", 0 0, L_000002098724c0a0;  1 drivers
v0000020987245d70_0 .net "tempC2", 0 0, L_000002098724baf0;  1 drivers
L_000002098724c740 .part L_000002098724e540, 5, 1;
L_000002098724cc40 .part L_000002098724e540, 2, 1;
L_000002098724dc80 .part L_000002098724e540, 6, 1;
L_000002098724ddc0 .part L_000002098724e540, 4, 1;
L_000002098724da00 .part L_000002098724e540, 1, 1;
L_000002098724d460 .part L_000002098724e540, 3, 1;
L_000002098724d640 .part L_000002098724e540, 0, 1;
L_000002098724d960 .concat8 [ 1 1 1 0], L_000002098724bee0, L_000002098724c570, L_000002098724c180;
S_0000020987243e60 .scope module, "ff" "Full_Adder" 2 90, 2 16 0, S_0000020987243cd0;
 .timescale -9 -12;
    .port_info 0 /INPUT 1 "A";
    .port_info 1 /INPUT 1 "B";
    .port_info 2 /INPUT 1 "Cin";
    .port_info 3 /OUTPUT 1 "S";
    .port_info 4 /OUTPUT 1 "Cout";
L_000002098724c0a0 .functor OR 1, L_000002098724be70, L_000002098724bf50, C4<0>, C4<0>;
v0000020987242f80_0 .net "A", 0 0, L_000002098724c740;  1 drivers
v0000020987243020_0 .net "B", 0 0, L_000002098724cc40;  1 drivers
v0000020987242080_0 .net "C1", 0 0, L_000002098724be70;  1 drivers
v0000020987243480_0 .net "C2", 0 0, L_000002098724bf50;  1 drivers
v0000020987243520_0 .net "Cin", 0 0, L_000002098724dc80;  1 drivers
v0000020987242120_0 .net "Cout", 0 0, L_000002098724c0a0;  alias, 1 drivers
v00000209872421c0_0 .net "S", 0 0, L_000002098724bee0;  1 drivers
v00000209872423a0_0 .net "S1", 0 0, L_000002098724b930;  1 drivers
S_00000209872444f0 .scope module, "fH" "Half_Adder" 2 29, 2 3 0, S_0000020987243e60;
 .timescale -9 -12;
    .port_info 0 /INPUT 1 "A";
    .port_info 1 /INPUT 1 "B";
    .port_info 2 /OUTPUT 1 "S";
    .port_info 3 /OUTPUT 1 "C";
L_000002098724b930 .functor XOR 1, L_000002098724c740, L_000002098724cc40, C4<0>, C4<0>;
L_000002098724be70 .functor AND 1, L_000002098724c740, L_000002098724cc40, C4<1>, C4<1>;
v0000020987242da0_0 .net "A", 0 0, L_000002098724c740;  alias, 1 drivers
v0000020987241fe0_0 .net "B", 0 0, L_000002098724cc40;  alias, 1 drivers
v0000020987241d60_0 .net "C", 0 0, L_000002098724be70;  alias, 1 drivers
v0000020987242e40_0 .net "S", 0 0, L_000002098724b930;  alias, 1 drivers
S_00000209872441d0 .scope module, "sH" "Half_Adder" 2 30, 2 3 0, S_0000020987243e60;
 .timescale -9 -12;
    .port_info 0 /INPUT 1 "A";
    .port_info 1 /INPUT 1 "B";
    .port_info 2 /OUTPUT 1 "S";
    .port_info 3 /OUTPUT 1 "C";
L_000002098724bee0 .functor XOR 1, L_000002098724b930, L_000002098724dc80, C4<0>, C4<0>;
L_000002098724bf50 .functor AND 1, L_000002098724b930, L_000002098724dc80, C4<1>, C4<1>;
v0000020987242ee0_0 .net "A", 0 0, L_000002098724b930;  alias, 1 drivers
v0000020987241e00_0 .net "B", 0 0, L_000002098724dc80;  alias, 1 drivers
v0000020987241ea0_0 .net "C", 0 0, L_000002098724bf50;  alias, 1 drivers
v0000020987241f40_0 .net "S", 0 0, L_000002098724bee0;  alias, 1 drivers
S_0000020987244360 .scope module, "sf" "Full_Adder" 2 91, 2 16 0, S_0000020987243cd0;
 .timescale -9 -12;
    .port_info 0 /INPUT 1 "A";
    .port_info 1 /INPUT 1 "B";
    .port_info 2 /INPUT 1 "Cin";
    .port_info 3 /OUTPUT 1 "S";
    .port_info 4 /OUTPUT 1 "Cout";
L_000002098724baf0 .functor OR 1, L_000002098724c340, L_000002098724b9a0, C4<0>, C4<0>;
v0000020987245910_0 .net "A", 0 0, L_000002098724ddc0;  1 drivers
v0000020987245e10_0 .net "B", 0 0, L_000002098724da00;  1 drivers
v0000020987245230_0 .net "C1", 0 0, L_000002098724c340;  1 drivers
v0000020987246d10_0 .net "C2", 0 0, L_000002098724b9a0;  1 drivers
v0000020987246db0_0 .net "Cin", 0 0, L_000002098724c0a0;  alias, 1 drivers
v00000209872464f0_0 .net "Cout", 0 0, L_000002098724baf0;  alias, 1 drivers
v0000020987245eb0_0 .net "S", 0 0, L_000002098724c570;  1 drivers
v0000020987246590_0 .net "S1", 0 0, L_000002098724c2d0;  1 drivers
S_0000020987244680 .scope module, "fH" "Half_Adder" 2 29, 2 3 0, S_0000020987244360;
 .timescale -9 -12;
    .port_info 0 /INPUT 1 "A";
    .port_info 1 /INPUT 1 "B";
    .port_info 2 /OUTPUT 1 "S";
    .port_info 3 /OUTPUT 1 "C";
L_000002098724c2d0 .functor XOR 1, L_000002098724ddc0, L_000002098724da00, C4<0>, C4<0>;
L_000002098724c340 .functor AND 1, L_000002098724ddc0, L_000002098724da00, C4<1>, C4<1>;
v0000020987242440_0 .net "A", 0 0, L_000002098724ddc0;  alias, 1 drivers
v00000209872435c0_0 .net "B", 0 0, L_000002098724da00;  alias, 1 drivers
v0000020987243700_0 .net "C", 0 0, L_000002098724c340;  alias, 1 drivers
v00000209872424e0_0 .net "S", 0 0, L_000002098724c2d0;  alias, 1 drivers
S_0000020987244810 .scope module, "sH" "Half_Adder" 2 30, 2 3 0, S_0000020987244360;
 .timescale -9 -12;
    .port_info 0 /INPUT 1 "A";
    .port_info 1 /INPUT 1 "B";
    .port_info 2 /OUTPUT 1 "S";
    .port_info 3 /OUTPUT 1 "C";
L_000002098724c570 .functor XOR 1, L_000002098724c2d0, L_000002098724c0a0, C4<0>, C4<0>;
L_000002098724b9a0 .functor AND 1, L_000002098724c2d0, L_000002098724c0a0, C4<1>, C4<1>;
v0000020987242620_0 .net "A", 0 0, L_000002098724c2d0;  alias, 1 drivers
v00000209872426c0_0 .net "B", 0 0, L_000002098724c0a0;  alias, 1 drivers
v0000020987245c30_0 .net "C", 0 0, L_000002098724b9a0;  alias, 1 drivers
v0000020987245af0_0 .net "S", 0 0, L_000002098724c570;  alias, 1 drivers
S_0000020987244b30 .scope module, "thf" "Full_Adder" 2 92, 2 16 0, S_0000020987243cd0;
 .timescale -9 -12;
    .port_info 0 /INPUT 1 "A";
    .port_info 1 /INPUT 1 "B";
    .port_info 2 /INPUT 1 "Cin";
    .port_info 3 /OUTPUT 1 "S";
    .port_info 4 /OUTPUT 1 "Cout";
L_000002098724bcb0 .functor OR 1, L_000002098724c490, L_000002098724c1f0, C4<0>, C4<0>;
v0000020987246270_0 .net "A", 0 0, L_000002098724d460;  1 drivers
v0000020987246630_0 .net "B", 0 0, L_000002098724d640;  1 drivers
v0000020987245ff0_0 .net "C1", 0 0, L_000002098724c490;  1 drivers
v0000020987246130_0 .net "C2", 0 0, L_000002098724c1f0;  1 drivers
v00000209872452d0_0 .net "Cin", 0 0, L_000002098724baf0;  alias, 1 drivers
v0000020987245cd0_0 .net "Cout", 0 0, L_000002098724bcb0;  alias, 1 drivers
v0000020987246ef0_0 .net "S", 0 0, L_000002098724c180;  1 drivers
v00000209872469f0_0 .net "S1", 0 0, L_000002098724bb60;  1 drivers
S_0000020987244e50 .scope module, "fH" "Half_Adder" 2 29, 2 3 0, S_0000020987244b30;
 .timescale -9 -12;
    .port_info 0 /INPUT 1 "A";
    .port_info 1 /INPUT 1 "B";
    .port_info 2 /OUTPUT 1 "S";
    .port_info 3 /OUTPUT 1 "C";
L_000002098724bb60 .functor XOR 1, L_000002098724d460, L_000002098724d640, C4<0>, C4<0>;
L_000002098724c490 .functor AND 1, L_000002098724d460, L_000002098724d640, C4<1>, C4<1>;
v00000209872466d0_0 .net "A", 0 0, L_000002098724d460;  alias, 1 drivers
v0000020987246770_0 .net "B", 0 0, L_000002098724d640;  alias, 1 drivers
v0000020987246450_0 .net "C", 0 0, L_000002098724c490;  alias, 1 drivers
v00000209872454b0_0 .net "S", 0 0, L_000002098724bb60;  alias, 1 drivers
S_0000020987244cc0 .scope module, "sH" "Half_Adder" 2 30, 2 3 0, S_0000020987244b30;
 .timescale -9 -12;
    .port_info 0 /INPUT 1 "A";
    .port_info 1 /INPUT 1 "B";
    .port_info 2 /OUTPUT 1 "S";
    .port_info 3 /OUTPUT 1 "C";
L_000002098724c180 .functor XOR 1, L_000002098724bb60, L_000002098724baf0, C4<0>, C4<0>;
L_000002098724c1f0 .functor AND 1, L_000002098724bb60, L_000002098724baf0, C4<1>, C4<1>;
v00000209872450f0_0 .net "A", 0 0, L_000002098724bb60;  alias, 1 drivers
v0000020987246b30_0 .net "B", 0 0, L_000002098724baf0;  alias, 1 drivers
v00000209872468b0_0 .net "C", 0 0, L_000002098724c1f0;  alias, 1 drivers
v0000020987246e50_0 .net "S", 0 0, L_000002098724c180;  alias, 1 drivers
    .scope S_0000020987172ce0;
T_0 ;
    %wait E_00000209871e4a10;
    %load/vec4 v000002098723f010_0;
    %dup/vec4;
    %pushi/vec4 0, 0, 4;
    %cmp/u;
    %jmp/1 T_0.0, 6;
    %dup/vec4;
    %pushi/vec4 1, 0, 4;
    %cmp/u;
    %jmp/1 T_0.1, 6;
    %dup/vec4;
    %pushi/vec4 2, 0, 4;
    %cmp/u;
    %jmp/1 T_0.2, 6;
    %dup/vec4;
    %pushi/vec4 3, 0, 4;
    %cmp/u;
    %jmp/1 T_0.3, 6;
    %dup/vec4;
    %pushi/vec4 4, 0, 4;
    %cmp/u;
    %jmp/1 T_0.4, 6;
    %dup/vec4;
    %pushi/vec4 5, 0, 4;
    %cmp/u;
    %jmp/1 T_0.5, 6;
    %dup/vec4;
    %pushi/vec4 6, 0, 4;
    %cmp/u;
    %jmp/1 T_0.6, 6;
    %dup/vec4;
    %pushi/vec4 7, 0, 4;
    %cmp/u;
    %jmp/1 T_0.7, 6;
    %dup/vec4;
    %pushi/vec4 8, 0, 4;
    %cmp/u;
    %jmp/1 T_0.8, 6;
    %dup/vec4;
    %pushi/vec4 9, 0, 4;
    %cmp/u;
    %jmp/1 T_0.9, 6;
    %dup/vec4;
    %pushi/vec4 10, 0, 4;
    %cmp/u;
    %jmp/1 T_0.10, 6;
    %dup/vec4;
    %pushi/vec4 11, 0, 4;
    %cmp/u;
    %jmp/1 T_0.11, 6;
    %dup/vec4;
    %pushi/vec4 12, 0, 4;
    %cmp/u;
    %jmp/1 T_0.12, 6;
    %dup/vec4;
    %pushi/vec4 13, 0, 4;
    %cmp/u;
    %jmp/1 T_0.13, 6;
    %dup/vec4;
    %pushi/vec4 14, 0, 4;
    %cmp/u;
    %jmp/1 T_0.14, 6;
    %dup/vec4;
    %pushi/vec4 15, 0, 4;
    %cmp/u;
    %jmp/1 T_0.15, 6;
    %jmp T_0.16;
T_0.0 ;
    %pushi/vec4 1, 0, 7;
    %split/vec4 1;
    %store/vec4 v000002098723e7f0_0, 0, 1;
    %split/vec4 1;
    %store/vec4 v0000020987240550_0, 0, 1;
    %split/vec4 1;
    %store/vec4 v000002098723f290_0, 0, 1;
    %split/vec4 1;
    %store/vec4 v000002098723f6f0_0, 0, 1;
    %split/vec4 1;
    %store/vec4 v00000209872402d0_0, 0, 1;
    %split/vec4 1;
    %store/vec4 v0000020987240190_0, 0, 1;
    %store/vec4 v000002098723ec50_0, 0, 1;
    %jmp T_0.16;
T_0.1 ;
    %pushi/vec4 79, 0, 7;
    %split/vec4 1;
    %store/vec4 v000002098723e7f0_0, 0, 1;
    %split/vec4 1;
    %store/vec4 v0000020987240550_0, 0, 1;
    %split/vec4 1;
    %store/vec4 v000002098723f290_0, 0, 1;
    %split/vec4 1;
    %store/vec4 v000002098723f6f0_0, 0, 1;
    %split/vec4 1;
    %store/vec4 v00000209872402d0_0, 0, 1;
    %split/vec4 1;
    %store/vec4 v0000020987240190_0, 0, 1;
    %store/vec4 v000002098723ec50_0, 0, 1;
    %jmp T_0.16;
T_0.2 ;
    %pushi/vec4 18, 0, 7;
    %split/vec4 1;
    %store/vec4 v000002098723e7f0_0, 0, 1;
    %split/vec4 1;
    %store/vec4 v0000020987240550_0, 0, 1;
    %split/vec4 1;
    %store/vec4 v000002098723f290_0, 0, 1;
    %split/vec4 1;
    %store/vec4 v000002098723f6f0_0, 0, 1;
    %split/vec4 1;
    %store/vec4 v00000209872402d0_0, 0, 1;
    %split/vec4 1;
    %store/vec4 v0000020987240190_0, 0, 1;
    %store/vec4 v000002098723ec50_0, 0, 1;
    %jmp T_0.16;
T_0.3 ;
    %pushi/vec4 6, 0, 7;
    %split/vec4 1;
    %store/vec4 v000002098723e7f0_0, 0, 1;
    %split/vec4 1;
    %store/vec4 v0000020987240550_0, 0, 1;
    %split/vec4 1;
    %store/vec4 v000002098723f290_0, 0, 1;
    %split/vec4 1;
    %store/vec4 v000002098723f6f0_0, 0, 1;
    %split/vec4 1;
    %store/vec4 v00000209872402d0_0, 0, 1;
    %split/vec4 1;
    %store/vec4 v0000020987240190_0, 0, 1;
    %store/vec4 v000002098723ec50_0, 0, 1;
    %jmp T_0.16;
T_0.4 ;
    %pushi/vec4 76, 0, 7;
    %split/vec4 1;
    %store/vec4 v000002098723e7f0_0, 0, 1;
    %split/vec4 1;
    %store/vec4 v0000020987240550_0, 0, 1;
    %split/vec4 1;
    %store/vec4 v000002098723f290_0, 0, 1;
    %split/vec4 1;
    %store/vec4 v000002098723f6f0_0, 0, 1;
    %split/vec4 1;
    %store/vec4 v00000209872402d0_0, 0, 1;
    %split/vec4 1;
    %store/vec4 v0000020987240190_0, 0, 1;
    %store/vec4 v000002098723ec50_0, 0, 1;
    %jmp T_0.16;
T_0.5 ;
    %pushi/vec4 36, 0, 7;
    %split/vec4 1;
    %store/vec4 v000002098723e7f0_0, 0, 1;
    %split/vec4 1;
    %store/vec4 v0000020987240550_0, 0, 1;
    %split/vec4 1;
    %store/vec4 v000002098723f290_0, 0, 1;
    %split/vec4 1;
    %store/vec4 v000002098723f6f0_0, 0, 1;
    %split/vec4 1;
    %store/vec4 v00000209872402d0_0, 0, 1;
    %split/vec4 1;
    %store/vec4 v0000020987240190_0, 0, 1;
    %store/vec4 v000002098723ec50_0, 0, 1;
    %jmp T_0.16;
T_0.6 ;
    %pushi/vec4 32, 0, 7;
    %split/vec4 1;
    %store/vec4 v000002098723e7f0_0, 0, 1;
    %split/vec4 1;
    %store/vec4 v0000020987240550_0, 0, 1;
    %split/vec4 1;
    %store/vec4 v000002098723f290_0, 0, 1;
    %split/vec4 1;
    %store/vec4 v000002098723f6f0_0, 0, 1;
    %split/vec4 1;
    %store/vec4 v00000209872402d0_0, 0, 1;
    %split/vec4 1;
    %store/vec4 v0000020987240190_0, 0, 1;
    %store/vec4 v000002098723ec50_0, 0, 1;
    %jmp T_0.16;
T_0.7 ;
    %pushi/vec4 15, 0, 7;
    %split/vec4 1;
    %store/vec4 v000002098723e7f0_0, 0, 1;
    %split/vec4 1;
    %store/vec4 v0000020987240550_0, 0, 1;
    %split/vec4 1;
    %store/vec4 v000002098723f290_0, 0, 1;
    %split/vec4 1;
    %store/vec4 v000002098723f6f0_0, 0, 1;
    %split/vec4 1;
    %store/vec4 v00000209872402d0_0, 0, 1;
    %split/vec4 1;
    %store/vec4 v0000020987240190_0, 0, 1;
    %store/vec4 v000002098723ec50_0, 0, 1;
    %jmp T_0.16;
T_0.8 ;
    %pushi/vec4 0, 0, 7;
    %split/vec4 1;
    %store/vec4 v000002098723e7f0_0, 0, 1;
    %split/vec4 1;
    %store/vec4 v0000020987240550_0, 0, 1;
    %split/vec4 1;
    %store/vec4 v000002098723f290_0, 0, 1;
    %split/vec4 1;
    %store/vec4 v000002098723f6f0_0, 0, 1;
    %split/vec4 1;
    %store/vec4 v00000209872402d0_0, 0, 1;
    %split/vec4 1;
    %store/vec4 v0000020987240190_0, 0, 1;
    %store/vec4 v000002098723ec50_0, 0, 1;
    %jmp T_0.16;
T_0.9 ;
    %pushi/vec4 4, 0, 7;
    %split/vec4 1;
    %store/vec4 v000002098723e7f0_0, 0, 1;
    %split/vec4 1;
    %store/vec4 v0000020987240550_0, 0, 1;
    %split/vec4 1;
    %store/vec4 v000002098723f290_0, 0, 1;
    %split/vec4 1;
    %store/vec4 v000002098723f6f0_0, 0, 1;
    %split/vec4 1;
    %store/vec4 v00000209872402d0_0, 0, 1;
    %split/vec4 1;
    %store/vec4 v0000020987240190_0, 0, 1;
    %store/vec4 v000002098723ec50_0, 0, 1;
    %jmp T_0.16;
T_0.10 ;
    %pushi/vec4 8, 0, 7;
    %split/vec4 1;
    %store/vec4 v000002098723e7f0_0, 0, 1;
    %split/vec4 1;
    %store/vec4 v0000020987240550_0, 0, 1;
    %split/vec4 1;
    %store/vec4 v000002098723f290_0, 0, 1;
    %split/vec4 1;
    %store/vec4 v000002098723f6f0_0, 0, 1;
    %split/vec4 1;
    %store/vec4 v00000209872402d0_0, 0, 1;
    %split/vec4 1;
    %store/vec4 v0000020987240190_0, 0, 1;
    %store/vec4 v000002098723ec50_0, 0, 1;
    %jmp T_0.16;
T_0.11 ;
    %pushi/vec4 96, 0, 7;
    %split/vec4 1;
    %store/vec4 v000002098723e7f0_0, 0, 1;
    %split/vec4 1;
    %store/vec4 v0000020987240550_0, 0, 1;
    %split/vec4 1;
    %store/vec4 v000002098723f290_0, 0, 1;
    %split/vec4 1;
    %store/vec4 v000002098723f6f0_0, 0, 1;
    %split/vec4 1;
    %store/vec4 v00000209872402d0_0, 0, 1;
    %split/vec4 1;
    %store/vec4 v0000020987240190_0, 0, 1;
    %store/vec4 v000002098723ec50_0, 0, 1;
    %jmp T_0.16;
T_0.12 ;
    %pushi/vec4 49, 0, 7;
    %split/vec4 1;
    %store/vec4 v000002098723e7f0_0, 0, 1;
    %split/vec4 1;
    %store/vec4 v0000020987240550_0, 0, 1;
    %split/vec4 1;
    %store/vec4 v000002098723f290_0, 0, 1;
    %split/vec4 1;
    %store/vec4 v000002098723f6f0_0, 0, 1;
    %split/vec4 1;
    %store/vec4 v00000209872402d0_0, 0, 1;
    %split/vec4 1;
    %store/vec4 v0000020987240190_0, 0, 1;
    %store/vec4 v000002098723ec50_0, 0, 1;
    %jmp T_0.16;
T_0.13 ;
    %pushi/vec4 66, 0, 7;
    %split/vec4 1;
    %store/vec4 v000002098723e7f0_0, 0, 1;
    %split/vec4 1;
    %store/vec4 v0000020987240550_0, 0, 1;
    %split/vec4 1;
    %store/vec4 v000002098723f290_0, 0, 1;
    %split/vec4 1;
    %store/vec4 v000002098723f6f0_0, 0, 1;
    %split/vec4 1;
    %store/vec4 v00000209872402d0_0, 0, 1;
    %split/vec4 1;
    %store/vec4 v0000020987240190_0, 0, 1;
    %store/vec4 v000002098723ec50_0, 0, 1;
    %jmp T_0.16;
T_0.14 ;
    %pushi/vec4 48, 0, 7;
    %split/vec4 1;
    %store/vec4 v000002098723e7f0_0, 0, 1;
    %split/vec4 1;
    %store/vec4 v0000020987240550_0, 0, 1;
    %split/vec4 1;
    %store/vec4 v000002098723f290_0, 0, 1;
    %split/vec4 1;
    %store/vec4 v000002098723f6f0_0, 0, 1;
    %split/vec4 1;
    %store/vec4 v00000209872402d0_0, 0, 1;
    %split/vec4 1;
    %store/vec4 v0000020987240190_0, 0, 1;
    %store/vec4 v000002098723ec50_0, 0, 1;
    %jmp T_0.16;
T_0.15 ;
    %pushi/vec4 56, 0, 7;
    %split/vec4 1;
    %store/vec4 v000002098723e7f0_0, 0, 1;
    %split/vec4 1;
    %store/vec4 v0000020987240550_0, 0, 1;
    %split/vec4 1;
    %store/vec4 v000002098723f290_0, 0, 1;
    %split/vec4 1;
    %store/vec4 v000002098723f6f0_0, 0, 1;
    %split/vec4 1;
    %store/vec4 v00000209872402d0_0, 0, 1;
    %split/vec4 1;
    %store/vec4 v0000020987240190_0, 0, 1;
    %store/vec4 v000002098723ec50_0, 0, 1;
    %jmp T_0.16;
T_0.16 ;
    %pop/vec4 1;
    %jmp T_0;
    .thread T_0, $push;
# The file index is used to find the file name in the following table.
:file_names 3;
    "N/A";
    "<interactive>";
    "signed_3bit_adder_and_subtractor.v";
