#! /c/Source/iverilog-install/bin/vvp
:ivl_version "12.0 (devel)" "(s20150603-1539-g2693dd32b)";
:ivl_delay_selection "TYPICAL";
:vpi_time_precision - 12;
:vpi_module "C:\iverilog\lib\ivl\system.vpi";
:vpi_module "C:\iverilog\lib\ivl\vhdl_sys.vpi";
:vpi_module "C:\iverilog\lib\ivl\vhdl_textio.vpi";
:vpi_module "C:\iverilog\lib\ivl\v2005_math.vpi";
:vpi_module "C:\iverilog\lib\ivl\va_math.vpi";
S_0000028fbf9fdab0 .scope module, "Full_Adder" "Full_Adder" 2 4;
 .timescale -9 -12;
    .port_info 0 /INPUT 4 "button";
    .port_info 1 /OUTPUT 5 "LED";
L_0000028fbf8f3800 .functor OR 1, L_0000028fbf9fb570, L_0000028fbf8f33c0, C4<0>, C4<0>;
v0000028fbf924720_0 .net "C1", 0 0, L_0000028fbf9fb570;  1 drivers
v0000028fbf96da80_0 .net "C2", 0 0, L_0000028fbf8f33c0;  1 drivers
v0000028fbf96d080_0 .net "LED", 4 0, L_0000028fbf96d6c0;  1 drivers
v0000028fbf96d300_0 .net "S1", 0 0, L_0000028fbf9fb340;  1 drivers
v0000028fbf96d4e0_0 .net *"_ivl_10", 0 0, L_0000028fbf8f3800;  1 drivers
o0000028fbf9272c8 .functor BUFZ 3, C4<zzz>; HiZ drive
; Elide local net with no drivers, v0000028fbf96d440_0 name=_ivl_14
o0000028fbf9272f8 .functor BUFZ 4, C4<zzzz>; HiZ drive
v0000028fbf96db20_0 .net "button", 3 0, o0000028fbf9272f8;  0 drivers
L_0000028fbf96d620 .part o0000028fbf9272f8, 1, 1;
L_0000028fbf96d580 .part o0000028fbf9272f8, 2, 1;
L_0000028fbf96dee0 .part o0000028fbf9272f8, 0, 1;
L_0000028fbf96d6c0 .concat [ 1 1 3 0], L_0000028fbf9fb960, L_0000028fbf8f3800, o0000028fbf9272c8;
S_0000028fbf9fdc40 .scope module, "fH" "Half_Adder" 2 14, 3 3 0, S_0000028fbf9fdab0;
 .timescale -9 -12;
    .port_info 0 /INPUT 1 "A";
    .port_info 1 /INPUT 1 "B";
    .port_info 2 /OUTPUT 1 "S";
    .port_info 3 /OUTPUT 1 "C";
L_0000028fbf9fb340 .functor XOR 1, L_0000028fbf96d620, L_0000028fbf96d580, C4<0>, C4<0>;
L_0000028fbf9fb570 .functor AND 1, L_0000028fbf96d620, L_0000028fbf96d580, C4<1>, C4<1>;
v0000028fbf9fddd0_0 .net "A", 0 0, L_0000028fbf96d620;  1 drivers
v0000028fbf8f3140_0 .net "B", 0 0, L_0000028fbf96d580;  1 drivers
v0000028fbf9fb8c0_0 .net "C", 0 0, L_0000028fbf9fb570;  alias, 1 drivers
v0000028fbf9fb4d0_0 .net "S", 0 0, L_0000028fbf9fb340;  alias, 1 drivers
S_0000028fbf9244f0 .scope module, "sH" "Half_Adder" 2 15, 3 3 0, S_0000028fbf9fdab0;
 .timescale -9 -12;
    .port_info 0 /INPUT 1 "A";
    .port_info 1 /INPUT 1 "B";
    .port_info 2 /OUTPUT 1 "S";
    .port_info 3 /OUTPUT 1 "C";
L_0000028fbf9fb960 .functor XOR 1, L_0000028fbf96dee0, L_0000028fbf9fb340, C4<0>, C4<0>;
L_0000028fbf8f33c0 .functor AND 1, L_0000028fbf96dee0, L_0000028fbf9fb340, C4<1>, C4<1>;
v0000028fbf9fb2a0_0 .net "A", 0 0, L_0000028fbf96dee0;  1 drivers
v0000028fbf915a40_0 .net "B", 0 0, L_0000028fbf9fb340;  alias, 1 drivers
v0000028fbf915ae0_0 .net "C", 0 0, L_0000028fbf8f33c0;  alias, 1 drivers
v0000028fbf924680_0 .net "S", 0 0, L_0000028fbf9fb960;  1 drivers
# The file index is used to find the file name in the following table.
:file_names 4;
    "N/A";
    "<interactive>";
    "1bit_Full_Adder.v";
    "./1bit_Half_Adder.v";
