#! /c/Source/iverilog-install/bin/vvp
:ivl_version "12.0 (devel)" "(s20150603-1539-g2693dd32b)";
:ivl_delay_selection "TYPICAL";
:vpi_time_precision + 0;
:vpi_module "C:\iverilog\lib\ivl\system.vpi";
:vpi_module "C:\iverilog\lib\ivl\vhdl_sys.vpi";
:vpi_module "C:\iverilog\lib\ivl\vhdl_textio.vpi";
:vpi_module "C:\iverilog\lib\ivl\v2005_math.vpi";
:vpi_module "C:\iverilog\lib\ivl\va_math.vpi";
S_000001c389ca2df0 .scope module, "Hex_to_7_seg" "Hex_to_7_seg" 2 1;
 .timescale 0 0;
    .port_info 0 /INPUT 4 "Hex";
    .port_info 1 /OUTPUT 1 "a";
    .port_info 2 /OUTPUT 1 "b";
    .port_info 3 /OUTPUT 1 "c";
    .port_info 4 /OUTPUT 1 "d";
    .port_info 5 /OUTPUT 1 "e";
    .port_info 6 /OUTPUT 1 "f";
    .port_info 7 /OUTPUT 1 "g";
o000001c389cdefa8 .functor BUFZ 4, C4<zzzz>; HiZ drive
v000001c389ca34d0_0 .net "Hex", 3 0, o000001c389cdefa8;  0 drivers
v000001c389ca3760_0 .var "a", 0 0;
v000001c389c8cbd0_0 .var "b", 0 0;
v000001c389ca2f80_0 .var "c", 0 0;
v000001c389ca3020_0 .var "d", 0 0;
v000001c389ca30c0_0 .var "e", 0 0;
v000001c389d26030_0 .var "f", 0 0;
v000001c389d260d0_0 .var "g", 0 0;
E_000001c389c8a9e0 .event anyedge, v000001c389ca34d0_0;
    .scope S_000001c389ca2df0;
T_0 ;
    %wait E_000001c389c8a9e0;
    %load/vec4 v000001c389ca34d0_0;
    %dup/vec4;
    %pushi/vec4 0, 0, 4;
    %cmp/u;
    %jmp/1 T_0.0, 6;
    %dup/vec4;
    %pushi/vec4 1, 0, 4;
    %cmp/u;
    %jmp/1 T_0.1, 6;
    %dup/vec4;
    %pushi/vec4 2, 0, 4;
    %cmp/u;
    %jmp/1 T_0.2, 6;
    %dup/vec4;
    %pushi/vec4 3, 0, 4;
    %cmp/u;
    %jmp/1 T_0.3, 6;
    %dup/vec4;
    %pushi/vec4 4, 0, 4;
    %cmp/u;
    %jmp/1 T_0.4, 6;
    %dup/vec4;
    %pushi/vec4 5, 0, 4;
    %cmp/u;
    %jmp/1 T_0.5, 6;
    %dup/vec4;
    %pushi/vec4 6, 0, 4;
    %cmp/u;
    %jmp/1 T_0.6, 6;
    %dup/vec4;
    %pushi/vec4 7, 0, 4;
    %cmp/u;
    %jmp/1 T_0.7, 6;
    %dup/vec4;
    %pushi/vec4 8, 0, 4;
    %cmp/u;
    %jmp/1 T_0.8, 6;
    %dup/vec4;
    %pushi/vec4 9, 0, 4;
    %cmp/u;
    %jmp/1 T_0.9, 6;
    %dup/vec4;
    %pushi/vec4 10, 0, 4;
    %cmp/u;
    %jmp/1 T_0.10, 6;
    %dup/vec4;
    %pushi/vec4 11, 0, 4;
    %cmp/u;
    %jmp/1 T_0.11, 6;
    %dup/vec4;
    %pushi/vec4 12, 0, 4;
    %cmp/u;
    %jmp/1 T_0.12, 6;
    %dup/vec4;
    %pushi/vec4 13, 0, 4;
    %cmp/u;
    %jmp/1 T_0.13, 6;
    %dup/vec4;
    %pushi/vec4 14, 0, 4;
    %cmp/u;
    %jmp/1 T_0.14, 6;
    %dup/vec4;
    %pushi/vec4 15, 0, 4;
    %cmp/u;
    %jmp/1 T_0.15, 6;
    %jmp T_0.16;
T_0.0 ;
    %pushi/vec4 1, 0, 7;
    %split/vec4 1;
    %store/vec4 v000001c389d260d0_0, 0, 1;
    %split/vec4 1;
    %store/vec4 v000001c389d26030_0, 0, 1;
    %split/vec4 1;
    %store/vec4 v000001c389ca30c0_0, 0, 1;
    %split/vec4 1;
    %store/vec4 v000001c389ca3020_0, 0, 1;
    %split/vec4 1;
    %store/vec4 v000001c389ca2f80_0, 0, 1;
    %split/vec4 1;
    %store/vec4 v000001c389c8cbd0_0, 0, 1;
    %store/vec4 v000001c389ca3760_0, 0, 1;
    %jmp T_0.16;
T_0.1 ;
    %pushi/vec4 79, 0, 7;
    %split/vec4 1;
    %store/vec4 v000001c389d260d0_0, 0, 1;
    %split/vec4 1;
    %store/vec4 v000001c389d26030_0, 0, 1;
    %split/vec4 1;
    %store/vec4 v000001c389ca30c0_0, 0, 1;
    %split/vec4 1;
    %store/vec4 v000001c389ca3020_0, 0, 1;
    %split/vec4 1;
    %store/vec4 v000001c389ca2f80_0, 0, 1;
    %split/vec4 1;
    %store/vec4 v000001c389c8cbd0_0, 0, 1;
    %store/vec4 v000001c389ca3760_0, 0, 1;
    %jmp T_0.16;
T_0.2 ;
    %pushi/vec4 18, 0, 7;
    %split/vec4 1;
    %store/vec4 v000001c389d260d0_0, 0, 1;
    %split/vec4 1;
    %store/vec4 v000001c389d26030_0, 0, 1;
    %split/vec4 1;
    %store/vec4 v000001c389ca30c0_0, 0, 1;
    %split/vec4 1;
    %store/vec4 v000001c389ca3020_0, 0, 1;
    %split/vec4 1;
    %store/vec4 v000001c389ca2f80_0, 0, 1;
    %split/vec4 1;
    %store/vec4 v000001c389c8cbd0_0, 0, 1;
    %store/vec4 v000001c389ca3760_0, 0, 1;
    %jmp T_0.16;
T_0.3 ;
    %pushi/vec4 6, 0, 7;
    %split/vec4 1;
    %store/vec4 v000001c389d260d0_0, 0, 1;
    %split/vec4 1;
    %store/vec4 v000001c389d26030_0, 0, 1;
    %split/vec4 1;
    %store/vec4 v000001c389ca30c0_0, 0, 1;
    %split/vec4 1;
    %store/vec4 v000001c389ca3020_0, 0, 1;
    %split/vec4 1;
    %store/vec4 v000001c389ca2f80_0, 0, 1;
    %split/vec4 1;
    %store/vec4 v000001c389c8cbd0_0, 0, 1;
    %store/vec4 v000001c389ca3760_0, 0, 1;
    %jmp T_0.16;
T_0.4 ;
    %pushi/vec4 76, 0, 7;
    %split/vec4 1;
    %store/vec4 v000001c389d260d0_0, 0, 1;
    %split/vec4 1;
    %store/vec4 v000001c389d26030_0, 0, 1;
    %split/vec4 1;
    %store/vec4 v000001c389ca30c0_0, 0, 1;
    %split/vec4 1;
    %store/vec4 v000001c389ca3020_0, 0, 1;
    %split/vec4 1;
    %store/vec4 v000001c389ca2f80_0, 0, 1;
    %split/vec4 1;
    %store/vec4 v000001c389c8cbd0_0, 0, 1;
    %store/vec4 v000001c389ca3760_0, 0, 1;
    %jmp T_0.16;
T_0.5 ;
    %pushi/vec4 36, 0, 7;
    %split/vec4 1;
    %store/vec4 v000001c389d260d0_0, 0, 1;
    %split/vec4 1;
    %store/vec4 v000001c389d26030_0, 0, 1;
    %split/vec4 1;
    %store/vec4 v000001c389ca30c0_0, 0, 1;
    %split/vec4 1;
    %store/vec4 v000001c389ca3020_0, 0, 1;
    %split/vec4 1;
    %store/vec4 v000001c389ca2f80_0, 0, 1;
    %split/vec4 1;
    %store/vec4 v000001c389c8cbd0_0, 0, 1;
    %store/vec4 v000001c389ca3760_0, 0, 1;
    %jmp T_0.16;
T_0.6 ;
    %pushi/vec4 32, 0, 7;
    %split/vec4 1;
    %store/vec4 v000001c389d260d0_0, 0, 1;
    %split/vec4 1;
    %store/vec4 v000001c389d26030_0, 0, 1;
    %split/vec4 1;
    %store/vec4 v000001c389ca30c0_0, 0, 1;
    %split/vec4 1;
    %store/vec4 v000001c389ca3020_0, 0, 1;
    %split/vec4 1;
    %store/vec4 v000001c389ca2f80_0, 0, 1;
    %split/vec4 1;
    %store/vec4 v000001c389c8cbd0_0, 0, 1;
    %store/vec4 v000001c389ca3760_0, 0, 1;
    %jmp T_0.16;
T_0.7 ;
    %pushi/vec4 15, 0, 7;
    %split/vec4 1;
    %store/vec4 v000001c389d260d0_0, 0, 1;
    %split/vec4 1;
    %store/vec4 v000001c389d26030_0, 0, 1;
    %split/vec4 1;
    %store/vec4 v000001c389ca30c0_0, 0, 1;
    %split/vec4 1;
    %store/vec4 v000001c389ca3020_0, 0, 1;
    %split/vec4 1;
    %store/vec4 v000001c389ca2f80_0, 0, 1;
    %split/vec4 1;
    %store/vec4 v000001c389c8cbd0_0, 0, 1;
    %store/vec4 v000001c389ca3760_0, 0, 1;
    %jmp T_0.16;
T_0.8 ;
    %pushi/vec4 0, 0, 7;
    %split/vec4 1;
    %store/vec4 v000001c389d260d0_0, 0, 1;
    %split/vec4 1;
    %store/vec4 v000001c389d26030_0, 0, 1;
    %split/vec4 1;
    %store/vec4 v000001c389ca30c0_0, 0, 1;
    %split/vec4 1;
    %store/vec4 v000001c389ca3020_0, 0, 1;
    %split/vec4 1;
    %store/vec4 v000001c389ca2f80_0, 0, 1;
    %split/vec4 1;
    %store/vec4 v000001c389c8cbd0_0, 0, 1;
    %store/vec4 v000001c389ca3760_0, 0, 1;
    %jmp T_0.16;
T_0.9 ;
    %pushi/vec4 4, 0, 7;
    %split/vec4 1;
    %store/vec4 v000001c389d260d0_0, 0, 1;
    %split/vec4 1;
    %store/vec4 v000001c389d26030_0, 0, 1;
    %split/vec4 1;
    %store/vec4 v000001c389ca30c0_0, 0, 1;
    %split/vec4 1;
    %store/vec4 v000001c389ca3020_0, 0, 1;
    %split/vec4 1;
    %store/vec4 v000001c389ca2f80_0, 0, 1;
    %split/vec4 1;
    %store/vec4 v000001c389c8cbd0_0, 0, 1;
    %store/vec4 v000001c389ca3760_0, 0, 1;
    %jmp T_0.16;
T_0.10 ;
    %pushi/vec4 8, 0, 7;
    %split/vec4 1;
    %store/vec4 v000001c389d260d0_0, 0, 1;
    %split/vec4 1;
    %store/vec4 v000001c389d26030_0, 0, 1;
    %split/vec4 1;
    %store/vec4 v000001c389ca30c0_0, 0, 1;
    %split/vec4 1;
    %store/vec4 v000001c389ca3020_0, 0, 1;
    %split/vec4 1;
    %store/vec4 v000001c389ca2f80_0, 0, 1;
    %split/vec4 1;
    %store/vec4 v000001c389c8cbd0_0, 0, 1;
    %store/vec4 v000001c389ca3760_0, 0, 1;
    %jmp T_0.16;
T_0.11 ;
    %pushi/vec4 96, 0, 7;
    %split/vec4 1;
    %store/vec4 v000001c389d260d0_0, 0, 1;
    %split/vec4 1;
    %store/vec4 v000001c389d26030_0, 0, 1;
    %split/vec4 1;
    %store/vec4 v000001c389ca30c0_0, 0, 1;
    %split/vec4 1;
    %store/vec4 v000001c389ca3020_0, 0, 1;
    %split/vec4 1;
    %store/vec4 v000001c389ca2f80_0, 0, 1;
    %split/vec4 1;
    %store/vec4 v000001c389c8cbd0_0, 0, 1;
    %store/vec4 v000001c389ca3760_0, 0, 1;
    %jmp T_0.16;
T_0.12 ;
    %pushi/vec4 49, 0, 7;
    %split/vec4 1;
    %store/vec4 v000001c389d260d0_0, 0, 1;
    %split/vec4 1;
    %store/vec4 v000001c389d26030_0, 0, 1;
    %split/vec4 1;
    %store/vec4 v000001c389ca30c0_0, 0, 1;
    %split/vec4 1;
    %store/vec4 v000001c389ca3020_0, 0, 1;
    %split/vec4 1;
    %store/vec4 v000001c389ca2f80_0, 0, 1;
    %split/vec4 1;
    %store/vec4 v000001c389c8cbd0_0, 0, 1;
    %store/vec4 v000001c389ca3760_0, 0, 1;
    %jmp T_0.16;
T_0.13 ;
    %pushi/vec4 66, 0, 7;
    %split/vec4 1;
    %store/vec4 v000001c389d260d0_0, 0, 1;
    %split/vec4 1;
    %store/vec4 v000001c389d26030_0, 0, 1;
    %split/vec4 1;
    %store/vec4 v000001c389ca30c0_0, 0, 1;
    %split/vec4 1;
    %store/vec4 v000001c389ca3020_0, 0, 1;
    %split/vec4 1;
    %store/vec4 v000001c389ca2f80_0, 0, 1;
    %split/vec4 1;
    %store/vec4 v000001c389c8cbd0_0, 0, 1;
    %store/vec4 v000001c389ca3760_0, 0, 1;
    %jmp T_0.16;
T_0.14 ;
    %pushi/vec4 48, 0, 7;
    %split/vec4 1;
    %store/vec4 v000001c389d260d0_0, 0, 1;
    %split/vec4 1;
    %store/vec4 v000001c389d26030_0, 0, 1;
    %split/vec4 1;
    %store/vec4 v000001c389ca30c0_0, 0, 1;
    %split/vec4 1;
    %store/vec4 v000001c389ca3020_0, 0, 1;
    %split/vec4 1;
    %store/vec4 v000001c389ca2f80_0, 0, 1;
    %split/vec4 1;
    %store/vec4 v000001c389c8cbd0_0, 0, 1;
    %store/vec4 v000001c389ca3760_0, 0, 1;
    %jmp T_0.16;
T_0.15 ;
    %pushi/vec4 56, 0, 7;
    %split/vec4 1;
    %store/vec4 v000001c389d260d0_0, 0, 1;
    %split/vec4 1;
    %store/vec4 v000001c389d26030_0, 0, 1;
    %split/vec4 1;
    %store/vec4 v000001c389ca30c0_0, 0, 1;
    %split/vec4 1;
    %store/vec4 v000001c389ca3020_0, 0, 1;
    %split/vec4 1;
    %store/vec4 v000001c389ca2f80_0, 0, 1;
    %split/vec4 1;
    %store/vec4 v000001c389c8cbd0_0, 0, 1;
    %store/vec4 v000001c389ca3760_0, 0, 1;
    %jmp T_0.16;
T_0.16 ;
    %pop/vec4 1;
    %jmp T_0;
    .thread T_0, $push;
# The file index is used to find the file name in the following table.
:file_names 3;
    "N/A";
    "<interactive>";
    "Hex_to_7seg.v";
