#! /c/Source/iverilog-install/bin/vvp
:ivl_version "12.0 (devel)" "(s20150603-1539-g2693dd32b)";
:ivl_delay_selection "TYPICAL";
:vpi_time_precision + 0;
:vpi_module "C:\iverilog\lib\ivl\system.vpi";
:vpi_module "C:\iverilog\lib\ivl\vhdl_sys.vpi";
:vpi_module "C:\iverilog\lib\ivl\vhdl_textio.vpi";
:vpi_module "C:\iverilog\lib\ivl\v2005_math.vpi";
:vpi_module "C:\iverilog\lib\ivl\va_math.vpi";
S_000001843f75e3c0 .scope module, "Decoder_Parity" "Decoder_Parity" 2 45;
 .timescale 0 0;
    .port_info 0 /INPUT 7 "Dip";
    .port_info 1 /OUTPUT 4 "LED";
    .port_info 2 /OUTPUT 1 "a";
    .port_info 3 /OUTPUT 1 "b";
    .port_info 4 /OUTPUT 1 "c";
    .port_info 5 /OUTPUT 1 "d";
    .port_info 6 /OUTPUT 1 "e";
    .port_info 7 /OUTPUT 1 "f";
    .port_info 8 /OUTPUT 1 "g";
    .port_info 9 /OUTPUT 1 "dp";
    .port_info 10 /OUTPUT 4 "Dig";
L_000001843f74b180 .functor XOR 1, L_000001843f7bd7b0, L_000001843f7bd0d0, C4<0>, C4<0>;
L_000001843f74ad20 .functor XOR 1, L_000001843f74b180, L_000001843f7bd170, C4<0>, C4<0>;
L_000001843f74b810 .functor XOR 1, L_000001843f74ad20, L_000001843f7bd210, C4<0>, C4<0>;
L_000001843f74b340 .functor XOR 1, L_000001843f7be1b0, L_000001843f7bd530, C4<0>, C4<0>;
L_000001843f74b500 .functor XOR 1, L_000001843f74b340, L_000001843f7bd5d0, C4<0>, C4<0>;
L_000001843f74b7a0 .functor XOR 1, L_000001843f74b500, L_000001843f7bddf0, C4<0>, C4<0>;
L_000001843f74b030 .functor XOR 1, L_000001843f7bdc10, L_000001843f7bdfd0, C4<0>, C4<0>;
L_000001843f74b3b0 .functor XOR 1, L_000001843f74b030, L_000001843f7c1d90, C4<0>, C4<0>;
L_000001843f74b5e0 .functor XOR 1, L_000001843f74b3b0, L_000001843f7c1bb0, C4<0>, C4<0>;
L_000001843f7c1f58 .functor BUFT 1, C4<1000>, C4<0>, C4<0>, C4<0>;
v000001843f7be390_0 .net "Dig", 3 0, L_000001843f7c1f58;  1 drivers
o000001843f76b538 .functor BUFZ 7, C4<zzzzzzz>; HiZ drive
v000001843f7be430_0 .net "Dip", 6 0, o000001843f76b538;  0 drivers
v000001843f7bca90_0 .var "LED", 3 0;
v000001843f7be570_0 .net *"_ivl_10", 0 0, L_000001843f74ad20;  1 drivers
v000001843f7be610_0 .net *"_ivl_13", 0 0, L_000001843f7bd210;  1 drivers
v000001843f7bd490_0 .net *"_ivl_14", 0 0, L_000001843f74b810;  1 drivers
v000001843f7bd350_0 .net *"_ivl_19", 0 0, L_000001843f7be1b0;  1 drivers
v000001843f7bd710_0 .net *"_ivl_21", 0 0, L_000001843f7bd530;  1 drivers
v000001843f7bcef0_0 .net *"_ivl_22", 0 0, L_000001843f74b340;  1 drivers
v000001843f7bcbd0_0 .net *"_ivl_25", 0 0, L_000001843f7bd5d0;  1 drivers
v000001843f7be6b0_0 .net *"_ivl_26", 0 0, L_000001843f74b500;  1 drivers
v000001843f7bce50_0 .net *"_ivl_29", 0 0, L_000001843f7bddf0;  1 drivers
v000001843f7bcd10_0 .net *"_ivl_3", 0 0, L_000001843f7bd7b0;  1 drivers
v000001843f7bd3f0_0 .net *"_ivl_30", 0 0, L_000001843f74b7a0;  1 drivers
v000001843f7be750_0 .net *"_ivl_36", 0 0, L_000001843f7bdc10;  1 drivers
v000001843f7be2f0_0 .net *"_ivl_38", 0 0, L_000001843f7bdfd0;  1 drivers
v000001843f7bd850_0 .net *"_ivl_39", 0 0, L_000001843f74b030;  1 drivers
v000001843f7be070_0 .net *"_ivl_42", 0 0, L_000001843f7c1d90;  1 drivers
v000001843f7be7f0_0 .net *"_ivl_43", 0 0, L_000001843f74b3b0;  1 drivers
v000001843f7bdad0_0 .net *"_ivl_46", 0 0, L_000001843f7c1bb0;  1 drivers
v000001843f7be250_0 .net *"_ivl_47", 0 0, L_000001843f74b5e0;  1 drivers
L_000001843f7c1fe8 .functor BUFT 1, C4<0>, C4<0>, C4<0>, C4<0>;
v000001843f7bd2b0_0 .net/2u *"_ivl_49", 0 0, L_000001843f7c1fe8;  1 drivers
v000001843f7bcdb0_0 .net *"_ivl_5", 0 0, L_000001843f7bd0d0;  1 drivers
v000001843f7bde90_0 .net *"_ivl_6", 0 0, L_000001843f74b180;  1 drivers
v000001843f7bdd50_0 .net *"_ivl_9", 0 0, L_000001843f7bd170;  1 drivers
v000001843f7bda30_0 .net "a", 0 0, v000001843f74a0f0_0;  1 drivers
v000001843f7bdcb0_0 .net "b", 0 0, v000001843f74a370_0;  1 drivers
v000001843f7bc9f0_0 .net "c", 0 0, v000001843f749fb0_0;  1 drivers
v000001843f7bcf90_0 .net "d", 0 0, v000001843f74a410_0;  1 drivers
L_000001843f7c1fa0 .functor BUFT 1, C4<1>, C4<0>, C4<0>, C4<0>;
v000001843f7bcc70_0 .net "dp", 0 0, L_000001843f7c1fa0;  1 drivers
v000001843f7bd990_0 .net "e", 0 0, v000001843f74a4b0_0;  1 drivers
v000001843f7bd030_0 .net "f", 0 0, v000001843f74a550_0;  1 drivers
v000001843f7be110_0 .net "g", 0 0, v000001843f74a9b0_0;  1 drivers
v000001843f7bdf30_0 .net "index", 2 0, L_000001843f7bdb70;  1 drivers
E_000001843f768f70 .event anyedge, v000001843f7be430_0, v000001843f7bdf30_0, v000001843f7bca90_0;
L_000001843f7bd7b0 .part o000001843f76b538, 0, 1;
L_000001843f7bd0d0 .part o000001843f76b538, 2, 1;
L_000001843f7bd170 .part o000001843f76b538, 4, 1;
L_000001843f7bd210 .part o000001843f76b538, 6, 1;
L_000001843f7be1b0 .part o000001843f76b538, 1, 1;
L_000001843f7bd530 .part o000001843f76b538, 2, 1;
L_000001843f7bd5d0 .part o000001843f76b538, 5, 1;
L_000001843f7bddf0 .part o000001843f76b538, 6, 1;
L_000001843f7bdb70 .concat8 [ 1 1 1 0], L_000001843f74b810, L_000001843f74b7a0, L_000001843f74b5e0;
L_000001843f7bdc10 .part o000001843f76b538, 3, 1;
L_000001843f7bdfd0 .part o000001843f76b538, 4, 1;
L_000001843f7c1d90 .part o000001843f76b538, 5, 1;
L_000001843f7c1bb0 .part o000001843f76b538, 6, 1;
L_000001843f7c0e90 .concat [ 3 1 0 0], L_000001843f7bdb70, L_000001843f7c1fe8;
S_000001843f7625d0 .scope module, "fi" "show_Hex_on_7seg" 2 72, 2 29 0, S_000001843f75e3c0;
 .timescale 0 0;
    .port_info 0 /INPUT 4 "Dip";
    .port_info 1 /OUTPUT 1 "a";
    .port_info 2 /OUTPUT 1 "b";
    .port_info 3 /OUTPUT 1 "c";
    .port_info 4 /OUTPUT 1 "d";
    .port_info 5 /OUTPUT 1 "e";
    .port_info 6 /OUTPUT 1 "f";
    .port_info 7 /OUTPUT 1 "g";
    .port_info 8 /OUTPUT 1 "dp";
    .port_info 9 /OUTPUT 4 "Dig";
v000001843f74a690_0 .net "Dig", 3 0, L_000001843f7c1f58;  alias, 1 drivers
v000001843f74a730_0 .net "Dip", 3 0, L_000001843f7c0e90;  1 drivers
v000001843f74a7d0_0 .net "a", 0 0, v000001843f74a0f0_0;  alias, 1 drivers
v000001843f74a870_0 .net "b", 0 0, v000001843f74a370_0;  alias, 1 drivers
v000001843f74a910_0 .net "c", 0 0, v000001843f749fb0_0;  alias, 1 drivers
v000001843f7bc950_0 .net "d", 0 0, v000001843f74a410_0;  alias, 1 drivers
v000001843f7bd8f0_0 .net "dp", 0 0, L_000001843f7c1fa0;  alias, 1 drivers
v000001843f7bcb30_0 .net "e", 0 0, v000001843f74a4b0_0;  alias, 1 drivers
v000001843f7bd670_0 .net "f", 0 0, v000001843f74a550_0;  alias, 1 drivers
v000001843f7be4d0_0 .net "g", 0 0, v000001843f74a9b0_0;  alias, 1 drivers
S_000001843f762760 .scope module, "instans1" "Hex_to_7_seg" 2 39, 2 1 0, S_000001843f7625d0;
 .timescale 0 0;
    .port_info 0 /INPUT 4 "Hex";
    .port_info 1 /OUTPUT 1 "a";
    .port_info 2 /OUTPUT 1 "b";
    .port_info 3 /OUTPUT 1 "c";
    .port_info 4 /OUTPUT 1 "d";
    .port_info 5 /OUTPUT 1 "e";
    .port_info 6 /OUTPUT 1 "f";
    .port_info 7 /OUTPUT 1 "g";
v000001843f749dd0_0 .net "Hex", 3 0, L_000001843f7c0e90;  alias, 1 drivers
v000001843f74a0f0_0 .var "a", 0 0;
v000001843f74a370_0 .var "b", 0 0;
v000001843f749fb0_0 .var "c", 0 0;
v000001843f74a410_0 .var "d", 0 0;
v000001843f74a4b0_0 .var "e", 0 0;
v000001843f74a550_0 .var "f", 0 0;
v000001843f74a9b0_0 .var "g", 0 0;
E_000001843f768030 .event anyedge, v000001843f749dd0_0;
    .scope S_000001843f762760;
T_0 ;
    %wait E_000001843f768030;
    %load/vec4 v000001843f749dd0_0;
    %dup/vec4;
    %pushi/vec4 0, 0, 4;
    %cmp/u;
    %jmp/1 T_0.0, 6;
    %dup/vec4;
    %pushi/vec4 1, 0, 4;
    %cmp/u;
    %jmp/1 T_0.1, 6;
    %dup/vec4;
    %pushi/vec4 2, 0, 4;
    %cmp/u;
    %jmp/1 T_0.2, 6;
    %dup/vec4;
    %pushi/vec4 3, 0, 4;
    %cmp/u;
    %jmp/1 T_0.3, 6;
    %dup/vec4;
    %pushi/vec4 4, 0, 4;
    %cmp/u;
    %jmp/1 T_0.4, 6;
    %dup/vec4;
    %pushi/vec4 5, 0, 4;
    %cmp/u;
    %jmp/1 T_0.5, 6;
    %dup/vec4;
    %pushi/vec4 6, 0, 4;
    %cmp/u;
    %jmp/1 T_0.6, 6;
    %dup/vec4;
    %pushi/vec4 7, 0, 4;
    %cmp/u;
    %jmp/1 T_0.7, 6;
    %dup/vec4;
    %pushi/vec4 8, 0, 4;
    %cmp/u;
    %jmp/1 T_0.8, 6;
    %dup/vec4;
    %pushi/vec4 9, 0, 4;
    %cmp/u;
    %jmp/1 T_0.9, 6;
    %dup/vec4;
    %pushi/vec4 10, 0, 4;
    %cmp/u;
    %jmp/1 T_0.10, 6;
    %dup/vec4;
    %pushi/vec4 11, 0, 4;
    %cmp/u;
    %jmp/1 T_0.11, 6;
    %dup/vec4;
    %pushi/vec4 12, 0, 4;
    %cmp/u;
    %jmp/1 T_0.12, 6;
    %dup/vec4;
    %pushi/vec4 13, 0, 4;
    %cmp/u;
    %jmp/1 T_0.13, 6;
    %dup/vec4;
    %pushi/vec4 14, 0, 4;
    %cmp/u;
    %jmp/1 T_0.14, 6;
    %dup/vec4;
    %pushi/vec4 15, 0, 4;
    %cmp/u;
    %jmp/1 T_0.15, 6;
    %jmp T_0.16;
T_0.0 ;
    %pushi/vec4 1, 0, 7;
    %split/vec4 1;
    %store/vec4 v000001843f74a9b0_0, 0, 1;
    %split/vec4 1;
    %store/vec4 v000001843f74a550_0, 0, 1;
    %split/vec4 1;
    %store/vec4 v000001843f74a4b0_0, 0, 1;
    %split/vec4 1;
    %store/vec4 v000001843f74a410_0, 0, 1;
    %split/vec4 1;
    %store/vec4 v000001843f749fb0_0, 0, 1;
    %split/vec4 1;
    %store/vec4 v000001843f74a370_0, 0, 1;
    %store/vec4 v000001843f74a0f0_0, 0, 1;
    %jmp T_0.16;
T_0.1 ;
    %pushi/vec4 79, 0, 7;
    %split/vec4 1;
    %store/vec4 v000001843f74a9b0_0, 0, 1;
    %split/vec4 1;
    %store/vec4 v000001843f74a550_0, 0, 1;
    %split/vec4 1;
    %store/vec4 v000001843f74a4b0_0, 0, 1;
    %split/vec4 1;
    %store/vec4 v000001843f74a410_0, 0, 1;
    %split/vec4 1;
    %store/vec4 v000001843f749fb0_0, 0, 1;
    %split/vec4 1;
    %store/vec4 v000001843f74a370_0, 0, 1;
    %store/vec4 v000001843f74a0f0_0, 0, 1;
    %jmp T_0.16;
T_0.2 ;
    %pushi/vec4 18, 0, 7;
    %split/vec4 1;
    %store/vec4 v000001843f74a9b0_0, 0, 1;
    %split/vec4 1;
    %store/vec4 v000001843f74a550_0, 0, 1;
    %split/vec4 1;
    %store/vec4 v000001843f74a4b0_0, 0, 1;
    %split/vec4 1;
    %store/vec4 v000001843f74a410_0, 0, 1;
    %split/vec4 1;
    %store/vec4 v000001843f749fb0_0, 0, 1;
    %split/vec4 1;
    %store/vec4 v000001843f74a370_0, 0, 1;
    %store/vec4 v000001843f74a0f0_0, 0, 1;
    %jmp T_0.16;
T_0.3 ;
    %pushi/vec4 6, 0, 7;
    %split/vec4 1;
    %store/vec4 v000001843f74a9b0_0, 0, 1;
    %split/vec4 1;
    %store/vec4 v000001843f74a550_0, 0, 1;
    %split/vec4 1;
    %store/vec4 v000001843f74a4b0_0, 0, 1;
    %split/vec4 1;
    %store/vec4 v000001843f74a410_0, 0, 1;
    %split/vec4 1;
    %store/vec4 v000001843f749fb0_0, 0, 1;
    %split/vec4 1;
    %store/vec4 v000001843f74a370_0, 0, 1;
    %store/vec4 v000001843f74a0f0_0, 0, 1;
    %jmp T_0.16;
T_0.4 ;
    %pushi/vec4 76, 0, 7;
    %split/vec4 1;
    %store/vec4 v000001843f74a9b0_0, 0, 1;
    %split/vec4 1;
    %store/vec4 v000001843f74a550_0, 0, 1;
    %split/vec4 1;
    %store/vec4 v000001843f74a4b0_0, 0, 1;
    %split/vec4 1;
    %store/vec4 v000001843f74a410_0, 0, 1;
    %split/vec4 1;
    %store/vec4 v000001843f749fb0_0, 0, 1;
    %split/vec4 1;
    %store/vec4 v000001843f74a370_0, 0, 1;
    %store/vec4 v000001843f74a0f0_0, 0, 1;
    %jmp T_0.16;
T_0.5 ;
    %pushi/vec4 36, 0, 7;
    %split/vec4 1;
    %store/vec4 v000001843f74a9b0_0, 0, 1;
    %split/vec4 1;
    %store/vec4 v000001843f74a550_0, 0, 1;
    %split/vec4 1;
    %store/vec4 v000001843f74a4b0_0, 0, 1;
    %split/vec4 1;
    %store/vec4 v000001843f74a410_0, 0, 1;
    %split/vec4 1;
    %store/vec4 v000001843f749fb0_0, 0, 1;
    %split/vec4 1;
    %store/vec4 v000001843f74a370_0, 0, 1;
    %store/vec4 v000001843f74a0f0_0, 0, 1;
    %jmp T_0.16;
T_0.6 ;
    %pushi/vec4 32, 0, 7;
    %split/vec4 1;
    %store/vec4 v000001843f74a9b0_0, 0, 1;
    %split/vec4 1;
    %store/vec4 v000001843f74a550_0, 0, 1;
    %split/vec4 1;
    %store/vec4 v000001843f74a4b0_0, 0, 1;
    %split/vec4 1;
    %store/vec4 v000001843f74a410_0, 0, 1;
    %split/vec4 1;
    %store/vec4 v000001843f749fb0_0, 0, 1;
    %split/vec4 1;
    %store/vec4 v000001843f74a370_0, 0, 1;
    %store/vec4 v000001843f74a0f0_0, 0, 1;
    %jmp T_0.16;
T_0.7 ;
    %pushi/vec4 15, 0, 7;
    %split/vec4 1;
    %store/vec4 v000001843f74a9b0_0, 0, 1;
    %split/vec4 1;
    %store/vec4 v000001843f74a550_0, 0, 1;
    %split/vec4 1;
    %store/vec4 v000001843f74a4b0_0, 0, 1;
    %split/vec4 1;
    %store/vec4 v000001843f74a410_0, 0, 1;
    %split/vec4 1;
    %store/vec4 v000001843f749fb0_0, 0, 1;
    %split/vec4 1;
    %store/vec4 v000001843f74a370_0, 0, 1;
    %store/vec4 v000001843f74a0f0_0, 0, 1;
    %jmp T_0.16;
T_0.8 ;
    %pushi/vec4 0, 0, 7;
    %split/vec4 1;
    %store/vec4 v000001843f74a9b0_0, 0, 1;
    %split/vec4 1;
    %store/vec4 v000001843f74a550_0, 0, 1;
    %split/vec4 1;
    %store/vec4 v000001843f74a4b0_0, 0, 1;
    %split/vec4 1;
    %store/vec4 v000001843f74a410_0, 0, 1;
    %split/vec4 1;
    %store/vec4 v000001843f749fb0_0, 0, 1;
    %split/vec4 1;
    %store/vec4 v000001843f74a370_0, 0, 1;
    %store/vec4 v000001843f74a0f0_0, 0, 1;
    %jmp T_0.16;
T_0.9 ;
    %pushi/vec4 4, 0, 7;
    %split/vec4 1;
    %store/vec4 v000001843f74a9b0_0, 0, 1;
    %split/vec4 1;
    %store/vec4 v000001843f74a550_0, 0, 1;
    %split/vec4 1;
    %store/vec4 v000001843f74a4b0_0, 0, 1;
    %split/vec4 1;
    %store/vec4 v000001843f74a410_0, 0, 1;
    %split/vec4 1;
    %store/vec4 v000001843f749fb0_0, 0, 1;
    %split/vec4 1;
    %store/vec4 v000001843f74a370_0, 0, 1;
    %store/vec4 v000001843f74a0f0_0, 0, 1;
    %jmp T_0.16;
T_0.10 ;
    %pushi/vec4 8, 0, 7;
    %split/vec4 1;
    %store/vec4 v000001843f74a9b0_0, 0, 1;
    %split/vec4 1;
    %store/vec4 v000001843f74a550_0, 0, 1;
    %split/vec4 1;
    %store/vec4 v000001843f74a4b0_0, 0, 1;
    %split/vec4 1;
    %store/vec4 v000001843f74a410_0, 0, 1;
    %split/vec4 1;
    %store/vec4 v000001843f749fb0_0, 0, 1;
    %split/vec4 1;
    %store/vec4 v000001843f74a370_0, 0, 1;
    %store/vec4 v000001843f74a0f0_0, 0, 1;
    %jmp T_0.16;
T_0.11 ;
    %pushi/vec4 96, 0, 7;
    %split/vec4 1;
    %store/vec4 v000001843f74a9b0_0, 0, 1;
    %split/vec4 1;
    %store/vec4 v000001843f74a550_0, 0, 1;
    %split/vec4 1;
    %store/vec4 v000001843f74a4b0_0, 0, 1;
    %split/vec4 1;
    %store/vec4 v000001843f74a410_0, 0, 1;
    %split/vec4 1;
    %store/vec4 v000001843f749fb0_0, 0, 1;
    %split/vec4 1;
    %store/vec4 v000001843f74a370_0, 0, 1;
    %store/vec4 v000001843f74a0f0_0, 0, 1;
    %jmp T_0.16;
T_0.12 ;
    %pushi/vec4 49, 0, 7;
    %split/vec4 1;
    %store/vec4 v000001843f74a9b0_0, 0, 1;
    %split/vec4 1;
    %store/vec4 v000001843f74a550_0, 0, 1;
    %split/vec4 1;
    %store/vec4 v000001843f74a4b0_0, 0, 1;
    %split/vec4 1;
    %store/vec4 v000001843f74a410_0, 0, 1;
    %split/vec4 1;
    %store/vec4 v000001843f749fb0_0, 0, 1;
    %split/vec4 1;
    %store/vec4 v000001843f74a370_0, 0, 1;
    %store/vec4 v000001843f74a0f0_0, 0, 1;
    %jmp T_0.16;
T_0.13 ;
    %pushi/vec4 66, 0, 7;
    %split/vec4 1;
    %store/vec4 v000001843f74a9b0_0, 0, 1;
    %split/vec4 1;
    %store/vec4 v000001843f74a550_0, 0, 1;
    %split/vec4 1;
    %store/vec4 v000001843f74a4b0_0, 0, 1;
    %split/vec4 1;
    %store/vec4 v000001843f74a410_0, 0, 1;
    %split/vec4 1;
    %store/vec4 v000001843f749fb0_0, 0, 1;
    %split/vec4 1;
    %store/vec4 v000001843f74a370_0, 0, 1;
    %store/vec4 v000001843f74a0f0_0, 0, 1;
    %jmp T_0.16;
T_0.14 ;
    %pushi/vec4 48, 0, 7;
    %split/vec4 1;
    %store/vec4 v000001843f74a9b0_0, 0, 1;
    %split/vec4 1;
    %store/vec4 v000001843f74a550_0, 0, 1;
    %split/vec4 1;
    %store/vec4 v000001843f74a4b0_0, 0, 1;
    %split/vec4 1;
    %store/vec4 v000001843f74a410_0, 0, 1;
    %split/vec4 1;
    %store/vec4 v000001843f749fb0_0, 0, 1;
    %split/vec4 1;
    %store/vec4 v000001843f74a370_0, 0, 1;
    %store/vec4 v000001843f74a0f0_0, 0, 1;
    %jmp T_0.16;
T_0.15 ;
    %pushi/vec4 56, 0, 7;
    %split/vec4 1;
    %store/vec4 v000001843f74a9b0_0, 0, 1;
    %split/vec4 1;
    %store/vec4 v000001843f74a550_0, 0, 1;
    %split/vec4 1;
    %store/vec4 v000001843f74a4b0_0, 0, 1;
    %split/vec4 1;
    %store/vec4 v000001843f74a410_0, 0, 1;
    %split/vec4 1;
    %store/vec4 v000001843f749fb0_0, 0, 1;
    %split/vec4 1;
    %store/vec4 v000001843f74a370_0, 0, 1;
    %store/vec4 v000001843f74a0f0_0, 0, 1;
    %jmp T_0.16;
T_0.16 ;
    %pop/vec4 1;
    %jmp T_0;
    .thread T_0, $push;
    .scope S_000001843f75e3c0;
T_1 ;
    %wait E_000001843f768f70;
    %load/vec4 v000001843f7be430_0;
    %parti/s 1, 2, 3;
    %load/vec4 v000001843f7be430_0;
    %parti/s 1, 4, 4;
    %concat/vec4; draw_concat_vec4
    %load/vec4 v000001843f7be430_0;
    %parti/s 1, 5, 4;
    %concat/vec4; draw_concat_vec4
    %load/vec4 v000001843f7be430_0;
    %parti/s 1, 6, 4;
    %concat/vec4; draw_concat_vec4
    %store/vec4 v000001843f7bca90_0, 0, 4;
    %load/vec4 v000001843f7bdf30_0;
    %dup/vec4;
    %pushi/vec4 3, 0, 3;
    %cmp/u;
    %jmp/1 T_1.0, 6;
    %dup/vec4;
    %pushi/vec4 5, 0, 3;
    %cmp/u;
    %jmp/1 T_1.1, 6;
    %dup/vec4;
    %pushi/vec4 6, 0, 3;
    %cmp/u;
    %jmp/1 T_1.2, 6;
    %dup/vec4;
    %pushi/vec4 7, 0, 3;
    %cmp/u;
    %jmp/1 T_1.3, 6;
    %jmp T_1.4;
T_1.0 ;
    %load/vec4 v000001843f7bca90_0;
    %parti/s 1, 0, 2;
    %inv;
    %ix/load 4, 0, 0;
    %flag_set/imm 4, 0;
    %store/vec4 v000001843f7bca90_0, 4, 1;
    %jmp T_1.4;
T_1.1 ;
    %load/vec4 v000001843f7bca90_0;
    %parti/s 1, 1, 2;
    %inv;
    %ix/load 4, 1, 0;
    %flag_set/imm 4, 0;
    %store/vec4 v000001843f7bca90_0, 4, 1;
    %jmp T_1.4;
T_1.2 ;
    %load/vec4 v000001843f7bca90_0;
    %parti/s 1, 2, 3;
    %inv;
    %ix/load 4, 2, 0;
    %flag_set/imm 4, 0;
    %store/vec4 v000001843f7bca90_0, 4, 1;
    %jmp T_1.4;
T_1.3 ;
    %load/vec4 v000001843f7bca90_0;
    %parti/s 1, 3, 3;
    %inv;
    %ix/load 4, 3, 0;
    %flag_set/imm 4, 0;
    %store/vec4 v000001843f7bca90_0, 4, 1;
    %jmp T_1.4;
T_1.4 ;
    %pop/vec4 1;
    %jmp T_1;
    .thread T_1, $push;
# The file index is used to find the file name in the following table.
:file_names 3;
    "N/A";
    "<interactive>";
    "Decoder_parity.v";
