#! /c/Source/iverilog-install/bin/vvp
:ivl_version "12.0 (devel)" "(s20150603-1539-g2693dd32b)";
:ivl_delay_selection "TYPICAL";
:vpi_time_precision + 0;
:vpi_module "C:\iverilog\lib\ivl\system.vpi";
:vpi_module "C:\iverilog\lib\ivl\vhdl_sys.vpi";
:vpi_module "C:\iverilog\lib\ivl\vhdl_textio.vpi";
:vpi_module "C:\iverilog\lib\ivl\v2005_math.vpi";
:vpi_module "C:\iverilog\lib\ivl\va_math.vpi";
S_000001a21998e3c0 .scope module, "Noisy_Channel" "Noisy_Channel" 2 116;
 .timescale 0 0;
    .port_info 0 /INPUT 4 "Dip";
    .port_info 1 /INPUT 7 "Noise";
    .port_info 2 /OUTPUT 4 "LED";
    .port_info 3 /OUTPUT 1 "a";
    .port_info 4 /OUTPUT 1 "b";
    .port_info 5 /OUTPUT 1 "c";
    .port_info 6 /OUTPUT 1 "d";
    .port_info 7 /OUTPUT 1 "e";
    .port_info 8 /OUTPUT 1 "f";
    .port_info 9 /OUTPUT 1 "g";
    .port_info 10 /OUTPUT 1 "dp";
    .port_info 11 /OUTPUT 4 "Dig";
L_000001a219a40088 .functor BUFT 1, C4<1000>, C4<0>, C4<0>, C4<0>;
v000001a2199ff7b0_0 .net "Dig", 3 0, L_000001a219a40088;  1 drivers
o000001a2199ad018 .functor BUFZ 4, C4<zzzz>; HiZ drive
v000001a2199fea90_0 .net "Dip", 3 0, o000001a2199ad018;  0 drivers
v000001a2199feb30_0 .net "Encoded", 6 0, L_000001a219a01bf0;  1 drivers
v000001a2199fe450_0 .net "LED", 3 0, v000001a2199a86e0_0;  1 drivers
o000001a2199ad468 .functor BUFZ 7, C4<zzzzzzz>; HiZ drive
v000001a2199fe4f0_0 .net "Noise", 6 0, o000001a2199ad468;  0 drivers
v000001a2199ff3f0_0 .net "Noised", 6 0, L_000001a21999d3b0;  1 drivers
v000001a2199ff850_0 .net "a", 0 0, v000001a2199a9180_0;  1 drivers
v000001a2199ff170_0 .net "b", 0 0, v000001a2199a8c80_0;  1 drivers
v000001a2199ff030_0 .net "c", 0 0, v000001a2199a88c0_0;  1 drivers
v000001a2199fedb0_0 .net "d", 0 0, v000001a2199a8320_0;  1 drivers
L_000001a219a400d0 .functor BUFT 1, C4<1>, C4<0>, C4<0>, C4<0>;
v000001a2199fed10_0 .net "dp", 0 0, L_000001a219a400d0;  1 drivers
v000001a2199ff670_0 .net "e", 0 0, v000001a2199a8a00_0;  1 drivers
v000001a2199ff710_0 .net "f", 0 0, v000001a2199a8000_0;  1 drivers
v000001a2199fdeb0_0 .net "g", 0 0, v000001a2199a79c0_0;  1 drivers
S_000001a219994d30 .scope module, "fD" "Decoder_Parity" 2 130, 2 78 0, S_000001a21998e3c0;
 .timescale 0 0;
    .port_info 0 /INPUT 7 "Dip";
    .port_info 1 /OUTPUT 4 "LED";
    .port_info 2 /OUTPUT 1 "a";
    .port_info 3 /OUTPUT 1 "b";
    .port_info 4 /OUTPUT 1 "c";
    .port_info 5 /OUTPUT 1 "d";
    .port_info 6 /OUTPUT 1 "e";
    .port_info 7 /OUTPUT 1 "f";
    .port_info 8 /OUTPUT 1 "g";
    .port_info 9 /OUTPUT 1 "dp";
    .port_info 10 /OUTPUT 4 "Dig";
L_000001a219a030b0 .functor XOR 1, L_000001a219a01330, L_000001a219a02870, C4<0>, C4<0>;
L_000001a219a03120 .functor XOR 1, L_000001a219a030b0, L_000001a219a013d0, C4<0>, C4<0>;
L_000001a219a03a50 .functor XOR 1, L_000001a219a03120, L_000001a219a011f0, C4<0>, C4<0>;
L_000001a219a02da0 .functor XOR 1, L_000001a219a01650, L_000001a219a01d30, C4<0>, C4<0>;
L_000001a219a032e0 .functor XOR 1, L_000001a219a02da0, L_000001a219a01b50, C4<0>, C4<0>;
L_000001a219a03580 .functor XOR 1, L_000001a219a032e0, L_000001a219a020f0, C4<0>, C4<0>;
L_000001a219a02ef0 .functor XOR 1, L_000001a219a027d0, L_000001a219a016f0, C4<0>, C4<0>;
L_000001a219a03270 .functor XOR 1, L_000001a219a02ef0, L_000001a219a029b0, C4<0>, C4<0>;
L_000001a219a03350 .functor XOR 1, L_000001a219a03270, L_000001a219a01150, C4<0>, C4<0>;
v000001a2199a7880_0 .net "Dig", 3 0, L_000001a219a40088;  alias, 1 drivers
v000001a2199a8dc0_0 .net "Dip", 6 0, L_000001a21999d3b0;  alias, 1 drivers
v000001a2199a86e0_0 .var "LED", 3 0;
v000001a2199a8820_0 .net *"_ivl_10", 0 0, L_000001a219a03120;  1 drivers
v000001a2199a8960_0 .net *"_ivl_13", 0 0, L_000001a219a011f0;  1 drivers
v000001a2199a9220_0 .net *"_ivl_14", 0 0, L_000001a219a03a50;  1 drivers
v000001a2199a92c0_0 .net *"_ivl_19", 0 0, L_000001a219a01650;  1 drivers
v000001a2199a7b00_0 .net *"_ivl_21", 0 0, L_000001a219a01d30;  1 drivers
v000001a2199a9040_0 .net *"_ivl_22", 0 0, L_000001a219a02da0;  1 drivers
v000001a2199a8fa0_0 .net *"_ivl_25", 0 0, L_000001a219a01b50;  1 drivers
v000001a2199a7420_0 .net *"_ivl_26", 0 0, L_000001a219a032e0;  1 drivers
v000001a2199a7ba0_0 .net *"_ivl_29", 0 0, L_000001a219a020f0;  1 drivers
v000001a2199a8aa0_0 .net *"_ivl_3", 0 0, L_000001a219a01330;  1 drivers
v000001a2199a8b40_0 .net *"_ivl_30", 0 0, L_000001a219a03580;  1 drivers
v000001a2199a8d20_0 .net *"_ivl_36", 0 0, L_000001a219a027d0;  1 drivers
v000001a2199a7740_0 .net *"_ivl_38", 0 0, L_000001a219a016f0;  1 drivers
v000001a2199a8f00_0 .net *"_ivl_39", 0 0, L_000001a219a02ef0;  1 drivers
v000001a2199a90e0_0 .net *"_ivl_42", 0 0, L_000001a219a029b0;  1 drivers
v000001a2199a74c0_0 .net *"_ivl_43", 0 0, L_000001a219a03270;  1 drivers
v000001a2199a7560_0 .net *"_ivl_46", 0 0, L_000001a219a01150;  1 drivers
v000001a2199a7600_0 .net *"_ivl_47", 0 0, L_000001a219a03350;  1 drivers
L_000001a219a40118 .functor BUFT 1, C4<0>, C4<0>, C4<0>, C4<0>;
v000001a2199a76a0_0 .net/2u *"_ivl_49", 0 0, L_000001a219a40118;  1 drivers
v000001a2199a8140_0 .net *"_ivl_5", 0 0, L_000001a219a02870;  1 drivers
v000001a2199a7a60_0 .net *"_ivl_6", 0 0, L_000001a219a030b0;  1 drivers
v000001a2199a7ce0_0 .net *"_ivl_9", 0 0, L_000001a219a013d0;  1 drivers
v000001a2199a7d80_0 .net "a", 0 0, v000001a2199a9180_0;  alias, 1 drivers
v000001a2199a7ec0_0 .net "b", 0 0, v000001a2199a8c80_0;  alias, 1 drivers
v000001a2199a81e0_0 .net "c", 0 0, v000001a2199a88c0_0;  alias, 1 drivers
v000001a2199ff8f0_0 .net "d", 0 0, v000001a2199a8320_0;  alias, 1 drivers
v000001a2199ff350_0 .net "dp", 0 0, L_000001a219a400d0;  alias, 1 drivers
v000001a2199fe130_0 .net "e", 0 0, v000001a2199a8a00_0;  alias, 1 drivers
v000001a2199ff990_0 .net "f", 0 0, v000001a2199a8000_0;  alias, 1 drivers
v000001a2199fe6d0_0 .net "g", 0 0, v000001a2199a79c0_0;  alias, 1 drivers
v000001a2199fe590_0 .net "index", 2 0, L_000001a219a01dd0;  1 drivers
E_000001a21997f550 .event anyedge, v000001a2199a8dc0_0, v000001a2199fe590_0, v000001a2199a86e0_0;
L_000001a219a01330 .part L_000001a21999d3b0, 0, 1;
L_000001a219a02870 .part L_000001a21999d3b0, 2, 1;
L_000001a219a013d0 .part L_000001a21999d3b0, 4, 1;
L_000001a219a011f0 .part L_000001a21999d3b0, 6, 1;
L_000001a219a01650 .part L_000001a21999d3b0, 1, 1;
L_000001a219a01d30 .part L_000001a21999d3b0, 2, 1;
L_000001a219a01b50 .part L_000001a21999d3b0, 5, 1;
L_000001a219a020f0 .part L_000001a21999d3b0, 6, 1;
L_000001a219a01dd0 .concat8 [ 1 1 1 0], L_000001a219a03a50, L_000001a219a03580, L_000001a219a03350;
L_000001a219a027d0 .part L_000001a21999d3b0, 3, 1;
L_000001a219a016f0 .part L_000001a21999d3b0, 4, 1;
L_000001a219a029b0 .part L_000001a21999d3b0, 5, 1;
L_000001a219a01150 .part L_000001a21999d3b0, 6, 1;
L_000001a219a00e30 .concat [ 3 1 0 0], L_000001a219a01dd0, L_000001a219a40118;
S_000001a219994ec0 .scope module, "fi" "show_Hex_on_7seg" 2 105, 2 30 0, S_000001a219994d30;
 .timescale 0 0;
    .port_info 0 /INPUT 4 "Dip";
    .port_info 1 /OUTPUT 1 "a";
    .port_info 2 /OUTPUT 1 "b";
    .port_info 3 /OUTPUT 1 "c";
    .port_info 4 /OUTPUT 1 "d";
    .port_info 5 /OUTPUT 1 "e";
    .port_info 6 /OUTPUT 1 "f";
    .port_info 7 /OUTPUT 1 "g";
    .port_info 8 /OUTPUT 1 "dp";
    .port_info 9 /OUTPUT 4 "Dig";
v000001a2199a8500_0 .net "Dig", 3 0, L_000001a219a40088;  alias, 1 drivers
v000001a2199a7920_0 .net "Dip", 3 0, L_000001a219a00e30;  1 drivers
v000001a2199a85a0_0 .net "a", 0 0, v000001a2199a9180_0;  alias, 1 drivers
v000001a2199a7e20_0 .net "b", 0 0, v000001a2199a8c80_0;  alias, 1 drivers
v000001a2199a77e0_0 .net "c", 0 0, v000001a2199a88c0_0;  alias, 1 drivers
v000001a2199a8e60_0 .net "d", 0 0, v000001a2199a8320_0;  alias, 1 drivers
v000001a2199a8780_0 .net "dp", 0 0, L_000001a219a400d0;  alias, 1 drivers
v000001a2199a8460_0 .net "e", 0 0, v000001a2199a8a00_0;  alias, 1 drivers
v000001a2199a7c40_0 .net "f", 0 0, v000001a2199a8000_0;  alias, 1 drivers
v000001a2199a8640_0 .net "g", 0 0, v000001a2199a79c0_0;  alias, 1 drivers
S_000001a21999e1e0 .scope module, "instans1" "Hex_to_7_seg" 2 40, 2 2 0, S_000001a219994ec0;
 .timescale 0 0;
    .port_info 0 /INPUT 4 "Hex";
    .port_info 1 /OUTPUT 1 "a";
    .port_info 2 /OUTPUT 1 "b";
    .port_info 3 /OUTPUT 1 "c";
    .port_info 4 /OUTPUT 1 "d";
    .port_info 5 /OUTPUT 1 "e";
    .port_info 6 /OUTPUT 1 "f";
    .port_info 7 /OUTPUT 1 "g";
v000001a2199a83c0_0 .net "Hex", 3 0, L_000001a219a00e30;  alias, 1 drivers
v000001a2199a9180_0 .var "a", 0 0;
v000001a2199a8c80_0 .var "b", 0 0;
v000001a2199a88c0_0 .var "c", 0 0;
v000001a2199a8320_0 .var "d", 0 0;
v000001a2199a8a00_0 .var "e", 0 0;
v000001a2199a8000_0 .var "f", 0 0;
v000001a2199a79c0_0 .var "g", 0 0;
E_000001a21997fe10 .event anyedge, v000001a2199a83c0_0;
S_000001a219995470 .scope module, "fE" "Encoder_Parity" 2 128, 2 48 0, S_000001a21998e3c0;
 .timescale 0 0;
    .port_info 0 /INPUT 4 "Dip";
    .port_info 1 /OUTPUT 7 "LED";
L_000001a21999dd50 .functor XOR 1, L_000001a2199fe270, L_000001a2199fe950, C4<0>, C4<0>;
L_000001a21999d650 .functor XOR 1, L_000001a21999dd50, L_000001a2199fee50, C4<0>, C4<0>;
L_000001a21999d5e0 .functor XOR 1, L_000001a2199fe310, L_000001a2199fdf50, C4<0>, C4<0>;
L_000001a21999dea0 .functor XOR 1, L_000001a21999d5e0, L_000001a2199fe090, C4<0>, C4<0>;
L_000001a21999df10 .functor XOR 1, L_000001a219a01e70, L_000001a219a00d90, C4<0>, C4<0>;
L_000001a21999d110 .functor XOR 1, L_000001a21999df10, L_000001a219a02050, C4<0>, C4<0>;
v000001a2199ffad0_0 .net "Dip", 3 0, o000001a2199ad018;  alias, 0 drivers
v000001a2199fe810_0 .net "LED", 6 0, L_000001a219a01bf0;  alias, 1 drivers
v000001a2199fdd70_0 .net *"_ivl_1", 0 0, L_000001a2199fe270;  1 drivers
v000001a2199ffa30_0 .net *"_ivl_11", 0 0, L_000001a2199fe310;  1 drivers
v000001a2199ff5d0_0 .net *"_ivl_13", 0 0, L_000001a2199fdf50;  1 drivers
v000001a2199ff2b0_0 .net *"_ivl_14", 0 0, L_000001a21999d5e0;  1 drivers
v000001a2199fe1d0_0 .net *"_ivl_17", 0 0, L_000001a2199fe090;  1 drivers
v000001a2199feef0_0 .net *"_ivl_21", 0 0, L_000001a219a01e70;  1 drivers
v000001a2199febd0_0 .net *"_ivl_23", 0 0, L_000001a219a00d90;  1 drivers
v000001a2199fec70_0 .net *"_ivl_24", 0 0, L_000001a21999df10;  1 drivers
v000001a2199ff210_0 .net *"_ivl_27", 0 0, L_000001a219a02050;  1 drivers
v000001a2199fe770_0 .net *"_ivl_3", 0 0, L_000001a2199fe950;  1 drivers
v000001a2199ff490_0 .net *"_ivl_31", 0 0, L_000001a219a01c90;  1 drivers
v000001a2199fde10_0 .net *"_ivl_33", 0 0, L_000001a219a02230;  1 drivers
v000001a2199ff0d0_0 .net *"_ivl_35", 0 0, L_000001a219a01790;  1 drivers
v000001a2199fef90_0 .net *"_ivl_37", 0 0, L_000001a219a024b0;  1 drivers
v000001a2199ffb70_0 .net *"_ivl_4", 0 0, L_000001a21999dd50;  1 drivers
v000001a2199fe9f0_0 .net *"_ivl_7", 0 0, L_000001a2199fee50;  1 drivers
v000001a2199fe3b0_0 .net "p0", 0 0, L_000001a21999d650;  1 drivers
v000001a2199fdff0_0 .net "p1", 0 0, L_000001a21999dea0;  1 drivers
v000001a2199ffc10_0 .net "p2", 0 0, L_000001a21999d110;  1 drivers
L_000001a2199fe270 .part o000001a2199ad018, 0, 1;
L_000001a2199fe950 .part o000001a2199ad018, 1, 1;
L_000001a2199fee50 .part o000001a2199ad018, 3, 1;
L_000001a2199fe310 .part o000001a2199ad018, 0, 1;
L_000001a2199fdf50 .part o000001a2199ad018, 2, 1;
L_000001a2199fe090 .part o000001a2199ad018, 3, 1;
L_000001a219a01e70 .part o000001a2199ad018, 1, 1;
L_000001a219a00d90 .part o000001a2199ad018, 2, 1;
L_000001a219a02050 .part o000001a2199ad018, 3, 1;
L_000001a219a01c90 .part o000001a2199ad018, 0, 1;
L_000001a219a02230 .part o000001a2199ad018, 1, 1;
L_000001a219a01790 .part o000001a2199ad018, 2, 1;
L_000001a219a024b0 .part o000001a2199ad018, 3, 1;
LS_000001a219a01bf0_0_0 .concat [ 1 1 1 1], L_000001a219a024b0, L_000001a219a01790, L_000001a219a02230, L_000001a21999d110;
LS_000001a219a01bf0_0_4 .concat [ 1 1 1 0], L_000001a219a01c90, L_000001a21999dea0, L_000001a21999d650;
L_000001a219a01bf0 .concat [ 4 3 0 0], LS_000001a219a01bf0_0_0, LS_000001a219a01bf0_0_4;
S_000001a21999e480 .scope module, "fT" "Transmission_Line" 2 129, 2 64 0, S_000001a21998e3c0;
 .timescale 0 0;
    .port_info 0 /INPUT 7 "Data";
    .port_info 1 /INPUT 7 "Noise";
    .port_info 2 /OUTPUT 7 "NoisyData";
L_000001a21999d3b0 .functor XOR 7, L_000001a219a01bf0, o000001a2199ad468, C4<0000000>, C4<0000000>;
v000001a2199ff530_0 .net "Data", 6 0, L_000001a219a01bf0;  alias, 1 drivers
v000001a2199fe630_0 .net "Noise", 6 0, o000001a2199ad468;  alias, 0 drivers
v000001a2199fe8b0_0 .net "NoisyData", 6 0, L_000001a21999d3b0;  alias, 1 drivers
    .scope S_000001a21999e1e0;
T_0 ;
    %wait E_000001a21997fe10;
    %load/vec4 v000001a2199a83c0_0;
    %dup/vec4;
    %pushi/vec4 0, 0, 4;
    %cmp/u;
    %jmp/1 T_0.0, 6;
    %dup/vec4;
    %pushi/vec4 1, 0, 4;
    %cmp/u;
    %jmp/1 T_0.1, 6;
    %dup/vec4;
    %pushi/vec4 2, 0, 4;
    %cmp/u;
    %jmp/1 T_0.2, 6;
    %dup/vec4;
    %pushi/vec4 3, 0, 4;
    %cmp/u;
    %jmp/1 T_0.3, 6;
    %dup/vec4;
    %pushi/vec4 4, 0, 4;
    %cmp/u;
    %jmp/1 T_0.4, 6;
    %dup/vec4;
    %pushi/vec4 5, 0, 4;
    %cmp/u;
    %jmp/1 T_0.5, 6;
    %dup/vec4;
    %pushi/vec4 6, 0, 4;
    %cmp/u;
    %jmp/1 T_0.6, 6;
    %dup/vec4;
    %pushi/vec4 7, 0, 4;
    %cmp/u;
    %jmp/1 T_0.7, 6;
    %dup/vec4;
    %pushi/vec4 8, 0, 4;
    %cmp/u;
    %jmp/1 T_0.8, 6;
    %dup/vec4;
    %pushi/vec4 9, 0, 4;
    %cmp/u;
    %jmp/1 T_0.9, 6;
    %dup/vec4;
    %pushi/vec4 10, 0, 4;
    %cmp/u;
    %jmp/1 T_0.10, 6;
    %dup/vec4;
    %pushi/vec4 11, 0, 4;
    %cmp/u;
    %jmp/1 T_0.11, 6;
    %dup/vec4;
    %pushi/vec4 12, 0, 4;
    %cmp/u;
    %jmp/1 T_0.12, 6;
    %dup/vec4;
    %pushi/vec4 13, 0, 4;
    %cmp/u;
    %jmp/1 T_0.13, 6;
    %dup/vec4;
    %pushi/vec4 14, 0, 4;
    %cmp/u;
    %jmp/1 T_0.14, 6;
    %dup/vec4;
    %pushi/vec4 15, 0, 4;
    %cmp/u;
    %jmp/1 T_0.15, 6;
    %jmp T_0.16;
T_0.0 ;
    %pushi/vec4 1, 0, 7;
    %split/vec4 1;
    %store/vec4 v000001a2199a79c0_0, 0, 1;
    %split/vec4 1;
    %store/vec4 v000001a2199a8000_0, 0, 1;
    %split/vec4 1;
    %store/vec4 v000001a2199a8a00_0, 0, 1;
    %split/vec4 1;
    %store/vec4 v000001a2199a8320_0, 0, 1;
    %split/vec4 1;
    %store/vec4 v000001a2199a88c0_0, 0, 1;
    %split/vec4 1;
    %store/vec4 v000001a2199a8c80_0, 0, 1;
    %store/vec4 v000001a2199a9180_0, 0, 1;
    %jmp T_0.16;
T_0.1 ;
    %pushi/vec4 79, 0, 7;
    %split/vec4 1;
    %store/vec4 v000001a2199a79c0_0, 0, 1;
    %split/vec4 1;
    %store/vec4 v000001a2199a8000_0, 0, 1;
    %split/vec4 1;
    %store/vec4 v000001a2199a8a00_0, 0, 1;
    %split/vec4 1;
    %store/vec4 v000001a2199a8320_0, 0, 1;
    %split/vec4 1;
    %store/vec4 v000001a2199a88c0_0, 0, 1;
    %split/vec4 1;
    %store/vec4 v000001a2199a8c80_0, 0, 1;
    %store/vec4 v000001a2199a9180_0, 0, 1;
    %jmp T_0.16;
T_0.2 ;
    %pushi/vec4 18, 0, 7;
    %split/vec4 1;
    %store/vec4 v000001a2199a79c0_0, 0, 1;
    %split/vec4 1;
    %store/vec4 v000001a2199a8000_0, 0, 1;
    %split/vec4 1;
    %store/vec4 v000001a2199a8a00_0, 0, 1;
    %split/vec4 1;
    %store/vec4 v000001a2199a8320_0, 0, 1;
    %split/vec4 1;
    %store/vec4 v000001a2199a88c0_0, 0, 1;
    %split/vec4 1;
    %store/vec4 v000001a2199a8c80_0, 0, 1;
    %store/vec4 v000001a2199a9180_0, 0, 1;
    %jmp T_0.16;
T_0.3 ;
    %pushi/vec4 6, 0, 7;
    %split/vec4 1;
    %store/vec4 v000001a2199a79c0_0, 0, 1;
    %split/vec4 1;
    %store/vec4 v000001a2199a8000_0, 0, 1;
    %split/vec4 1;
    %store/vec4 v000001a2199a8a00_0, 0, 1;
    %split/vec4 1;
    %store/vec4 v000001a2199a8320_0, 0, 1;
    %split/vec4 1;
    %store/vec4 v000001a2199a88c0_0, 0, 1;
    %split/vec4 1;
    %store/vec4 v000001a2199a8c80_0, 0, 1;
    %store/vec4 v000001a2199a9180_0, 0, 1;
    %jmp T_0.16;
T_0.4 ;
    %pushi/vec4 76, 0, 7;
    %split/vec4 1;
    %store/vec4 v000001a2199a79c0_0, 0, 1;
    %split/vec4 1;
    %store/vec4 v000001a2199a8000_0, 0, 1;
    %split/vec4 1;
    %store/vec4 v000001a2199a8a00_0, 0, 1;
    %split/vec4 1;
    %store/vec4 v000001a2199a8320_0, 0, 1;
    %split/vec4 1;
    %store/vec4 v000001a2199a88c0_0, 0, 1;
    %split/vec4 1;
    %store/vec4 v000001a2199a8c80_0, 0, 1;
    %store/vec4 v000001a2199a9180_0, 0, 1;
    %jmp T_0.16;
T_0.5 ;
    %pushi/vec4 36, 0, 7;
    %split/vec4 1;
    %store/vec4 v000001a2199a79c0_0, 0, 1;
    %split/vec4 1;
    %store/vec4 v000001a2199a8000_0, 0, 1;
    %split/vec4 1;
    %store/vec4 v000001a2199a8a00_0, 0, 1;
    %split/vec4 1;
    %store/vec4 v000001a2199a8320_0, 0, 1;
    %split/vec4 1;
    %store/vec4 v000001a2199a88c0_0, 0, 1;
    %split/vec4 1;
    %store/vec4 v000001a2199a8c80_0, 0, 1;
    %store/vec4 v000001a2199a9180_0, 0, 1;
    %jmp T_0.16;
T_0.6 ;
    %pushi/vec4 32, 0, 7;
    %split/vec4 1;
    %store/vec4 v000001a2199a79c0_0, 0, 1;
    %split/vec4 1;
    %store/vec4 v000001a2199a8000_0, 0, 1;
    %split/vec4 1;
    %store/vec4 v000001a2199a8a00_0, 0, 1;
    %split/vec4 1;
    %store/vec4 v000001a2199a8320_0, 0, 1;
    %split/vec4 1;
    %store/vec4 v000001a2199a88c0_0, 0, 1;
    %split/vec4 1;
    %store/vec4 v000001a2199a8c80_0, 0, 1;
    %store/vec4 v000001a2199a9180_0, 0, 1;
    %jmp T_0.16;
T_0.7 ;
    %pushi/vec4 15, 0, 7;
    %split/vec4 1;
    %store/vec4 v000001a2199a79c0_0, 0, 1;
    %split/vec4 1;
    %store/vec4 v000001a2199a8000_0, 0, 1;
    %split/vec4 1;
    %store/vec4 v000001a2199a8a00_0, 0, 1;
    %split/vec4 1;
    %store/vec4 v000001a2199a8320_0, 0, 1;
    %split/vec4 1;
    %store/vec4 v000001a2199a88c0_0, 0, 1;
    %split/vec4 1;
    %store/vec4 v000001a2199a8c80_0, 0, 1;
    %store/vec4 v000001a2199a9180_0, 0, 1;
    %jmp T_0.16;
T_0.8 ;
    %pushi/vec4 0, 0, 7;
    %split/vec4 1;
    %store/vec4 v000001a2199a79c0_0, 0, 1;
    %split/vec4 1;
    %store/vec4 v000001a2199a8000_0, 0, 1;
    %split/vec4 1;
    %store/vec4 v000001a2199a8a00_0, 0, 1;
    %split/vec4 1;
    %store/vec4 v000001a2199a8320_0, 0, 1;
    %split/vec4 1;
    %store/vec4 v000001a2199a88c0_0, 0, 1;
    %split/vec4 1;
    %store/vec4 v000001a2199a8c80_0, 0, 1;
    %store/vec4 v000001a2199a9180_0, 0, 1;
    %jmp T_0.16;
T_0.9 ;
    %pushi/vec4 4, 0, 7;
    %split/vec4 1;
    %store/vec4 v000001a2199a79c0_0, 0, 1;
    %split/vec4 1;
    %store/vec4 v000001a2199a8000_0, 0, 1;
    %split/vec4 1;
    %store/vec4 v000001a2199a8a00_0, 0, 1;
    %split/vec4 1;
    %store/vec4 v000001a2199a8320_0, 0, 1;
    %split/vec4 1;
    %store/vec4 v000001a2199a88c0_0, 0, 1;
    %split/vec4 1;
    %store/vec4 v000001a2199a8c80_0, 0, 1;
    %store/vec4 v000001a2199a9180_0, 0, 1;
    %jmp T_0.16;
T_0.10 ;
    %pushi/vec4 8, 0, 7;
    %split/vec4 1;
    %store/vec4 v000001a2199a79c0_0, 0, 1;
    %split/vec4 1;
    %store/vec4 v000001a2199a8000_0, 0, 1;
    %split/vec4 1;
    %store/vec4 v000001a2199a8a00_0, 0, 1;
    %split/vec4 1;
    %store/vec4 v000001a2199a8320_0, 0, 1;
    %split/vec4 1;
    %store/vec4 v000001a2199a88c0_0, 0, 1;
    %split/vec4 1;
    %store/vec4 v000001a2199a8c80_0, 0, 1;
    %store/vec4 v000001a2199a9180_0, 0, 1;
    %jmp T_0.16;
T_0.11 ;
    %pushi/vec4 96, 0, 7;
    %split/vec4 1;
    %store/vec4 v000001a2199a79c0_0, 0, 1;
    %split/vec4 1;
    %store/vec4 v000001a2199a8000_0, 0, 1;
    %split/vec4 1;
    %store/vec4 v000001a2199a8a00_0, 0, 1;
    %split/vec4 1;
    %store/vec4 v000001a2199a8320_0, 0, 1;
    %split/vec4 1;
    %store/vec4 v000001a2199a88c0_0, 0, 1;
    %split/vec4 1;
    %store/vec4 v000001a2199a8c80_0, 0, 1;
    %store/vec4 v000001a2199a9180_0, 0, 1;
    %jmp T_0.16;
T_0.12 ;
    %pushi/vec4 49, 0, 7;
    %split/vec4 1;
    %store/vec4 v000001a2199a79c0_0, 0, 1;
    %split/vec4 1;
    %store/vec4 v000001a2199a8000_0, 0, 1;
    %split/vec4 1;
    %store/vec4 v000001a2199a8a00_0, 0, 1;
    %split/vec4 1;
    %store/vec4 v000001a2199a8320_0, 0, 1;
    %split/vec4 1;
    %store/vec4 v000001a2199a88c0_0, 0, 1;
    %split/vec4 1;
    %store/vec4 v000001a2199a8c80_0, 0, 1;
    %store/vec4 v000001a2199a9180_0, 0, 1;
    %jmp T_0.16;
T_0.13 ;
    %pushi/vec4 66, 0, 7;
    %split/vec4 1;
    %store/vec4 v000001a2199a79c0_0, 0, 1;
    %split/vec4 1;
    %store/vec4 v000001a2199a8000_0, 0, 1;
    %split/vec4 1;
    %store/vec4 v000001a2199a8a00_0, 0, 1;
    %split/vec4 1;
    %store/vec4 v000001a2199a8320_0, 0, 1;
    %split/vec4 1;
    %store/vec4 v000001a2199a88c0_0, 0, 1;
    %split/vec4 1;
    %store/vec4 v000001a2199a8c80_0, 0, 1;
    %store/vec4 v000001a2199a9180_0, 0, 1;
    %jmp T_0.16;
T_0.14 ;
    %pushi/vec4 48, 0, 7;
    %split/vec4 1;
    %store/vec4 v000001a2199a79c0_0, 0, 1;
    %split/vec4 1;
    %store/vec4 v000001a2199a8000_0, 0, 1;
    %split/vec4 1;
    %store/vec4 v000001a2199a8a00_0, 0, 1;
    %split/vec4 1;
    %store/vec4 v000001a2199a8320_0, 0, 1;
    %split/vec4 1;
    %store/vec4 v000001a2199a88c0_0, 0, 1;
    %split/vec4 1;
    %store/vec4 v000001a2199a8c80_0, 0, 1;
    %store/vec4 v000001a2199a9180_0, 0, 1;
    %jmp T_0.16;
T_0.15 ;
    %pushi/vec4 56, 0, 7;
    %split/vec4 1;
    %store/vec4 v000001a2199a79c0_0, 0, 1;
    %split/vec4 1;
    %store/vec4 v000001a2199a8000_0, 0, 1;
    %split/vec4 1;
    %store/vec4 v000001a2199a8a00_0, 0, 1;
    %split/vec4 1;
    %store/vec4 v000001a2199a8320_0, 0, 1;
    %split/vec4 1;
    %store/vec4 v000001a2199a88c0_0, 0, 1;
    %split/vec4 1;
    %store/vec4 v000001a2199a8c80_0, 0, 1;
    %store/vec4 v000001a2199a9180_0, 0, 1;
    %jmp T_0.16;
T_0.16 ;
    %pop/vec4 1;
    %jmp T_0;
    .thread T_0, $push;
    .scope S_000001a219994d30;
T_1 ;
    %wait E_000001a21997f550;
    %load/vec4 v000001a2199a8dc0_0;
    %parti/s 1, 2, 3;
    %load/vec4 v000001a2199a8dc0_0;
    %parti/s 1, 4, 4;
    %concat/vec4; draw_concat_vec4
    %load/vec4 v000001a2199a8dc0_0;
    %parti/s 1, 5, 4;
    %concat/vec4; draw_concat_vec4
    %load/vec4 v000001a2199a8dc0_0;
    %parti/s 1, 6, 4;
    %concat/vec4; draw_concat_vec4
    %store/vec4 v000001a2199a86e0_0, 0, 4;
    %load/vec4 v000001a2199fe590_0;
    %dup/vec4;
    %pushi/vec4 3, 0, 3;
    %cmp/u;
    %jmp/1 T_1.0, 6;
    %dup/vec4;
    %pushi/vec4 5, 0, 3;
    %cmp/u;
    %jmp/1 T_1.1, 6;
    %dup/vec4;
    %pushi/vec4 6, 0, 3;
    %cmp/u;
    %jmp/1 T_1.2, 6;
    %dup/vec4;
    %pushi/vec4 7, 0, 3;
    %cmp/u;
    %jmp/1 T_1.3, 6;
    %jmp T_1.4;
T_1.0 ;
    %load/vec4 v000001a2199a86e0_0;
    %parti/s 1, 3, 3;
    %inv;
    %ix/load 4, 3, 0;
    %flag_set/imm 4, 0;
    %store/vec4 v000001a2199a86e0_0, 4, 1;
    %jmp T_1.4;
T_1.1 ;
    %load/vec4 v000001a2199a86e0_0;
    %parti/s 1, 2, 3;
    %inv;
    %ix/load 4, 2, 0;
    %flag_set/imm 4, 0;
    %store/vec4 v000001a2199a86e0_0, 4, 1;
    %jmp T_1.4;
T_1.2 ;
    %load/vec4 v000001a2199a86e0_0;
    %parti/s 1, 1, 2;
    %inv;
    %ix/load 4, 1, 0;
    %flag_set/imm 4, 0;
    %store/vec4 v000001a2199a86e0_0, 4, 1;
    %jmp T_1.4;
T_1.3 ;
    %load/vec4 v000001a2199a86e0_0;
    %parti/s 1, 0, 2;
    %inv;
    %ix/load 4, 0, 0;
    %flag_set/imm 4, 0;
    %store/vec4 v000001a2199a86e0_0, 4, 1;
    %jmp T_1.4;
T_1.4 ;
    %pop/vec4 1;
    %jmp T_1;
    .thread T_1, $push;
# The file index is used to find the file name in the following table.
:file_names 3;
    "N/A";
    "<interactive>";
    "noisy_channel.v";
