#! /c/Source/iverilog-install/bin/vvp
:ivl_version "12.0 (devel)" "(s20150603-1539-g2693dd32b)";
:ivl_delay_selection "TYPICAL";
:vpi_time_precision - 12;
:vpi_module "C:\iverilog\lib\ivl\system.vpi";
:vpi_module "C:\iverilog\lib\ivl\vhdl_sys.vpi";
:vpi_module "C:\iverilog\lib\ivl\vhdl_textio.vpi";
:vpi_module "C:\iverilog\lib\ivl\v2005_math.vpi";
:vpi_module "C:\iverilog\lib\ivl\va_math.vpi";
S_00000210a1f7de80 .scope module, "tb_And_Xor" "tb_And_Xor" 2 6;
 .timescale -9 -12;
P_00000210a1fbb2b0 .param/l "PERIOD" 0 2 9, +C4<00000000000000000000000000001010>;
v00000210a2017e60_0 .net "LED", 4 0, L_00000210a2017960;  1 drivers
v00000210a20178c0_0 .var "button", 3 0;
S_00000210a1f7e010 .scope module, "u_And_Xor" "And_Xor" 2 23, 3 3 0, S_00000210a1f7de80;
 .timescale -9 -12;
    .port_info 0 /INPUT 4 "button";
    .port_info 1 /OUTPUT 5 "LED";
L_00000210a1fb5d90 .functor AND 1, L_00000210a20175a0, L_00000210a2017780, C4<1>, C4<1>;
L_00000210a1fb5e00 .functor AND 1, L_00000210a2017aa0, L_00000210a2017820, C4<1>, C4<1>;
L_00000210a1fb5e70 .functor BUFZ 1, L_00000210a1fb5d90, C4<0>, C4<0>, C4<0>;
L_00000210a1fb5ee0 .functor XOR 1, L_00000210a1fb5e00, L_00000210a1fb5d90, C4<0>, C4<0>;
v00000210a1f7cb20_0 .net "LED", 4 0, L_00000210a2017960;  alias, 1 drivers
v00000210a1f7c960_0 .net *"_ivl_1", 0 0, L_00000210a20175a0;  1 drivers
v00000210a1f934f0_0 .net *"_ivl_15", 0 0, L_00000210a1fb5e70;  1 drivers
v00000210a1fb74f0_0 .net *"_ivl_18", 0 0, L_00000210a1fb5ee0;  1 drivers
o00000210a1fcc068 .functor BUFZ 3, C4<zzz>; HiZ drive
; Elide local net with no drivers, v00000210a1f7c610_0 name=_ivl_22
v00000210a1f7e1a0_0 .net *"_ivl_3", 0 0, L_00000210a2017780;  1 drivers
v00000210a1f7e240_0 .net *"_ivl_7", 0 0, L_00000210a2017aa0;  1 drivers
v00000210a1fc3680_0 .net *"_ivl_9", 0 0, L_00000210a2017820;  1 drivers
v00000210a1fc3720_0 .net "button", 3 0, v00000210a20178c0_0;  1 drivers
v00000210a1fc3bd0_0 .net "f", 0 0, L_00000210a1fb5e00;  1 drivers
v00000210a2017f00_0 .net "g", 0 0, L_00000210a1fb5d90;  1 drivers
L_00000210a20175a0 .part v00000210a20178c0_0, 2, 1;
L_00000210a2017780 .part v00000210a20178c0_0, 3, 1;
L_00000210a2017aa0 .part v00000210a20178c0_0, 0, 1;
L_00000210a2017820 .part v00000210a20178c0_0, 1, 1;
L_00000210a2017960 .concat [ 1 1 3 0], L_00000210a1fb5e70, L_00000210a1fb5ee0, o00000210a1fcc068;
    .scope S_00000210a1f7de80;
T_0 ;
    %pushi/vec4 0, 0, 4;
    %store/vec4 v00000210a20178c0_0, 0, 4;
    %end;
    .thread T_0;
    .scope S_00000210a1f7de80;
T_1 ;
    %pushi/vec4 0, 0, 1;
    %ix/load 4, 0, 0;
    %flag_set/imm 4, 0;
    %store/vec4 v00000210a20178c0_0, 4, 1;
    %pushi/vec4 0, 0, 1;
    %ix/load 4, 1, 0;
    %flag_set/imm 4, 0;
    %store/vec4 v00000210a20178c0_0, 4, 1;
    %pushi/vec4 0, 0, 1;
    %ix/load 4, 2, 0;
    %flag_set/imm 4, 0;
    %store/vec4 v00000210a20178c0_0, 4, 1;
    %pushi/vec4 0, 0, 1;
    %ix/load 4, 3, 0;
    %flag_set/imm 4, 0;
    %store/vec4 v00000210a20178c0_0, 4, 1;
    %vpi_call 2 33 "$monitor", "At time %t, button[0] = %b, button[1] = %b, button[2] = %b, button[3] = %b, LED[0] = %b, LED[1] = %b, LED[2] = %b, LED[3] = %b,", $time, &PV<v00000210a20178c0_0, 0, 1>, &PV<v00000210a20178c0_0, 1, 1>, &PV<v00000210a20178c0_0, 2, 1>, &PV<v00000210a20178c0_0, 3, 1>, &PV<v00000210a2017e60_0, 0, 1>, &PV<v00000210a2017e60_0, 1, 1>, &PV<v00000210a2017e60_0, 2, 1>, &PV<v00000210a2017e60_0, 3, 1> {0 0 0};
    %delay 10000, 0;
    %pushi/vec4 0, 0, 1;
    %ix/load 4, 0, 0;
    %flag_set/imm 4, 0;
    %store/vec4 v00000210a20178c0_0, 4, 1;
    %pushi/vec4 0, 0, 1;
    %ix/load 4, 1, 0;
    %flag_set/imm 4, 0;
    %store/vec4 v00000210a20178c0_0, 4, 1;
    %pushi/vec4 0, 0, 1;
    %ix/load 4, 2, 0;
    %flag_set/imm 4, 0;
    %store/vec4 v00000210a20178c0_0, 4, 1;
    %pushi/vec4 1, 0, 1;
    %ix/load 4, 3, 0;
    %flag_set/imm 4, 0;
    %store/vec4 v00000210a20178c0_0, 4, 1;
    %delay 10000, 0;
    %pushi/vec4 0, 0, 1;
    %ix/load 4, 0, 0;
    %flag_set/imm 4, 0;
    %store/vec4 v00000210a20178c0_0, 4, 1;
    %pushi/vec4 0, 0, 1;
    %ix/load 4, 1, 0;
    %flag_set/imm 4, 0;
    %store/vec4 v00000210a20178c0_0, 4, 1;
    %pushi/vec4 1, 0, 1;
    %ix/load 4, 2, 0;
    %flag_set/imm 4, 0;
    %store/vec4 v00000210a20178c0_0, 4, 1;
    %pushi/vec4 0, 0, 1;
    %ix/load 4, 3, 0;
    %flag_set/imm 4, 0;
    %store/vec4 v00000210a20178c0_0, 4, 1;
    %delay 10000, 0;
    %pushi/vec4 0, 0, 1;
    %ix/load 4, 0, 0;
    %flag_set/imm 4, 0;
    %store/vec4 v00000210a20178c0_0, 4, 1;
    %pushi/vec4 0, 0, 1;
    %ix/load 4, 1, 0;
    %flag_set/imm 4, 0;
    %store/vec4 v00000210a20178c0_0, 4, 1;
    %pushi/vec4 1, 0, 1;
    %ix/load 4, 2, 0;
    %flag_set/imm 4, 0;
    %store/vec4 v00000210a20178c0_0, 4, 1;
    %pushi/vec4 1, 0, 1;
    %ix/load 4, 3, 0;
    %flag_set/imm 4, 0;
    %store/vec4 v00000210a20178c0_0, 4, 1;
    %delay 10000, 0;
    %pushi/vec4 0, 0, 1;
    %ix/load 4, 0, 0;
    %flag_set/imm 4, 0;
    %store/vec4 v00000210a20178c0_0, 4, 1;
    %pushi/vec4 1, 0, 1;
    %ix/load 4, 1, 0;
    %flag_set/imm 4, 0;
    %store/vec4 v00000210a20178c0_0, 4, 1;
    %pushi/vec4 0, 0, 1;
    %ix/load 4, 2, 0;
    %flag_set/imm 4, 0;
    %store/vec4 v00000210a20178c0_0, 4, 1;
    %pushi/vec4 0, 0, 1;
    %ix/load 4, 3, 0;
    %flag_set/imm 4, 0;
    %store/vec4 v00000210a20178c0_0, 4, 1;
    %delay 10000, 0;
    %pushi/vec4 0, 0, 1;
    %ix/load 4, 0, 0;
    %flag_set/imm 4, 0;
    %store/vec4 v00000210a20178c0_0, 4, 1;
    %pushi/vec4 1, 0, 1;
    %ix/load 4, 1, 0;
    %flag_set/imm 4, 0;
    %store/vec4 v00000210a20178c0_0, 4, 1;
    %pushi/vec4 0, 0, 1;
    %ix/load 4, 2, 0;
    %flag_set/imm 4, 0;
    %store/vec4 v00000210a20178c0_0, 4, 1;
    %pushi/vec4 1, 0, 1;
    %ix/load 4, 3, 0;
    %flag_set/imm 4, 0;
    %store/vec4 v00000210a20178c0_0, 4, 1;
    %delay 10000, 0;
    %vpi_call 2 43 "$finish" {0 0 0};
    %end;
    .thread T_1;
# The file index is used to find the file name in the following table.
:file_names 4;
    "N/A";
    "<interactive>";
    "tb_And_Xor.v";
    "./../../src/3_2/And_Xor_circuit.v";
