#! /c/Source/iverilog-install/bin/vvp
:ivl_version "12.0 (devel)" "(s20150603-1539-g2693dd32b)";
:ivl_delay_selection "TYPICAL";
:vpi_time_precision + 0;
:vpi_module "C:\iverilog\lib\ivl\system.vpi";
:vpi_module "C:\iverilog\lib\ivl\vhdl_sys.vpi";
:vpi_module "C:\iverilog\lib\ivl\vhdl_textio.vpi";
:vpi_module "C:\iverilog\lib\ivl\v2005_math.vpi";
:vpi_module "C:\iverilog\lib\ivl\va_math.vpi";
S_000001952427e3c0 .scope module, "Noisy_Channel" "Noisy_Channel" 2 126;
 .timescale 0 0;
    .port_info 0 /INPUT 4 "Dip";
    .port_info 1 /INPUT 8 "Noise";
    .port_info 2 /OUTPUT 4 "LED";
    .port_info 3 /OUTPUT 1 "a";
    .port_info 4 /OUTPUT 1 "b";
    .port_info 5 /OUTPUT 1 "c";
    .port_info 6 /OUTPUT 1 "d";
    .port_info 7 /OUTPUT 1 "e";
    .port_info 8 /OUTPUT 1 "f";
    .port_info 9 /OUTPUT 1 "g";
    .port_info 10 /OUTPUT 1 "dp";
    .port_info 11 /OUTPUT 4 "Dig";
L_0000019524330088 .functor BUFT 1, C4<1000>, C4<0>, C4<0>, C4<0>;
v00000195242faff0_0 .net "Dig", 3 0, L_0000019524330088;  1 drivers
o00000195242a5ef8 .functor BUFZ 4, C4<zzzz>; HiZ drive
v00000195242fbf90_0 .net "Dip", 3 0, o00000195242a5ef8;  0 drivers
v00000195242fb950_0 .net "Encoded", 7 0, L_00000195242faaf0;  1 drivers
v00000195242fb770_0 .net "LED", 3 0, v0000019524297ed0_0;  1 drivers
o00000195242a6528 .functor BUFZ 8, C4<zzzzzzzz>; HiZ drive
v00000195242fb810_0 .net "Noise", 7 0, o00000195242a6528;  0 drivers
v00000195242fbc70_0 .net "Noised", 7 0, L_000001952429cff0;  1 drivers
v00000195242fb310_0 .net "a", 0 0, v0000019524296cb0_0;  1 drivers
v00000195242fb6d0_0 .net "b", 0 0, v0000019524297cf0_0;  1 drivers
v00000195242fb8b0_0 .net "c", 0 0, v0000019524296850_0;  1 drivers
v00000195242fbb30_0 .net "d", 0 0, v00000195242971b0_0;  1 drivers
L_00000195243300d0 .functor BUFT 1, C4<1>, C4<0>, C4<0>, C4<0>;
v00000195242fba90_0 .net "dp", 0 0, L_00000195243300d0;  1 drivers
v00000195242fa690_0 .net "e", 0 0, v00000195242972f0_0;  1 drivers
v00000195242fa410_0 .net "f", 0 0, v0000019524297250_0;  1 drivers
v00000195242faeb0_0 .net "g", 0 0, v0000019524297390_0;  1 drivers
S_000001952427e550 .scope module, "fD" "Decoder_Parity" 2 140, 2 79 0, S_000001952427e3c0;
 .timescale 0 0;
    .port_info 0 /INPUT 8 "Dip";
    .port_info 1 /OUTPUT 4 "LED";
    .port_info 2 /OUTPUT 1 "a";
    .port_info 3 /OUTPUT 1 "b";
    .port_info 4 /OUTPUT 1 "c";
    .port_info 5 /OUTPUT 1 "d";
    .port_info 6 /OUTPUT 1 "e";
    .port_info 7 /OUTPUT 1 "f";
    .port_info 8 /OUTPUT 1 "g";
    .port_info 9 /OUTPUT 1 "dp";
    .port_info 10 /OUTPUT 4 "Dig";
L_000001952429cce0 .functor XOR 1, L_00000195242fbef0, L_00000195242fc030, C4<0>, C4<0>;
L_000001952429d0d0 .functor XOR 1, L_000001952429cce0, L_00000195242fc0d0, C4<0>, C4<0>;
L_000001952429d680 .functor XOR 1, L_000001952429d0d0, L_00000195242fa230, C4<0>, C4<0>;
L_000001952429cb20 .functor XOR 1, L_00000195242fa4b0, L_00000195242fa5f0, C4<0>, C4<0>;
L_000001952429cd50 .functor XOR 1, L_000001952429cb20, L_00000195242fa870, C4<0>, C4<0>;
L_000001952429cc70 .functor XOR 1, L_000001952429cd50, L_00000195242fb270, C4<0>, C4<0>;
L_000001952429cb90 .functor XOR 1, L_00000195242fa9b0, L_00000195242faa50, C4<0>, C4<0>;
L_000001952429cc00 .functor XOR 1, L_000001952429cb90, L_00000195242fb1d0, C4<0>, C4<0>;
L_000001952429cf10 .functor XOR 1, L_000001952429cc00, L_00000195242fab90, C4<0>, C4<0>;
L_000001952429d610 .functor XOR 1, L_00000195242fb4f0, L_00000195242fae10, C4<0>, C4<0>;
L_000001952429cf80 .functor XOR 1, L_000001952429d610, L_00000195242fb090, C4<0>, C4<0>;
L_000001952429d1b0 .functor XOR 1, L_000001952429cf80, L_00000195242fb130, C4<0>, C4<0>;
L_000001952429d290 .functor XOR 1, L_000001952429d1b0, L_00000195242fb3b0, C4<0>, C4<0>;
L_000001952429d6f0 .functor XOR 1, L_000001952429d290, L_00000195242fded0, C4<0>, C4<0>;
L_000001952428d960 .functor XOR 1, L_000001952429d6f0, L_00000195242fe790, C4<0>, C4<0>;
v0000019524297bb0_0 .net "Dig", 3 0, L_0000019524330088;  alias, 1 drivers
v0000019524297d90_0 .net "Dip", 7 0, L_000001952429cff0;  alias, 1 drivers
v0000019524297ed0_0 .var "LED", 3 0;
v0000019524296170_0 .net *"_ivl_10", 0 0, L_000001952429d0d0;  1 drivers
v000001952426e2e0_0 .net *"_ivl_13", 0 0, L_00000195242fa230;  1 drivers
v000001952426eb00_0 .net *"_ivl_14", 0 0, L_000001952429d680;  1 drivers
v00000195242f80a0_0 .net *"_ivl_19", 0 0, L_00000195242fa4b0;  1 drivers
v00000195242f7100_0 .net *"_ivl_21", 0 0, L_00000195242fa5f0;  1 drivers
v00000195242f7c40_0 .net *"_ivl_22", 0 0, L_000001952429cb20;  1 drivers
v00000195242f7060_0 .net *"_ivl_25", 0 0, L_00000195242fa870;  1 drivers
v00000195242f6200_0 .net *"_ivl_26", 0 0, L_000001952429cd50;  1 drivers
v00000195242f74c0_0 .net *"_ivl_29", 0 0, L_00000195242fb270;  1 drivers
v00000195242f71a0_0 .net *"_ivl_3", 0 0, L_00000195242fbef0;  1 drivers
v00000195242f7ba0_0 .net *"_ivl_30", 0 0, L_000001952429cc70;  1 drivers
v00000195242f6480_0 .net *"_ivl_36", 0 0, L_00000195242fa9b0;  1 drivers
v00000195242f6de0_0 .net *"_ivl_38", 0 0, L_00000195242faa50;  1 drivers
v00000195242f6980_0 .net *"_ivl_39", 0 0, L_000001952429cb90;  1 drivers
v00000195242f62a0_0 .net *"_ivl_42", 0 0, L_00000195242fb1d0;  1 drivers
v00000195242f6a20_0 .net *"_ivl_43", 0 0, L_000001952429cc00;  1 drivers
v00000195242f6ac0_0 .net *"_ivl_46", 0 0, L_00000195242fab90;  1 drivers
v00000195242f6840_0 .net *"_ivl_47", 0 0, L_000001952429cf10;  1 drivers
v00000195242f7920_0 .net *"_ivl_5", 0 0, L_00000195242fc030;  1 drivers
v00000195242f7240_0 .net *"_ivl_50", 0 0, L_00000195242fb4f0;  1 drivers
v00000195242f77e0_0 .net *"_ivl_52", 0 0, L_00000195242fae10;  1 drivers
v00000195242f6d40_0 .net *"_ivl_53", 0 0, L_000001952429d610;  1 drivers
v00000195242f6e80_0 .net *"_ivl_56", 0 0, L_00000195242fb090;  1 drivers
v00000195242f7560_0 .net *"_ivl_57", 0 0, L_000001952429cf80;  1 drivers
v00000195242f6b60_0 .net *"_ivl_6", 0 0, L_000001952429cce0;  1 drivers
v00000195242f7880_0 .net *"_ivl_60", 0 0, L_00000195242fb130;  1 drivers
v00000195242f6fc0_0 .net *"_ivl_61", 0 0, L_000001952429d1b0;  1 drivers
v00000195242f6c00_0 .net *"_ivl_64", 0 0, L_00000195242fb3b0;  1 drivers
v00000195242f6700_0 .net *"_ivl_65", 0 0, L_000001952429d290;  1 drivers
v00000195242f7740_0 .net *"_ivl_68", 0 0, L_00000195242fded0;  1 drivers
v00000195242f6340_0 .net *"_ivl_69", 0 0, L_000001952429d6f0;  1 drivers
v00000195242f63e0_0 .net *"_ivl_72", 0 0, L_00000195242fe790;  1 drivers
v00000195242f6f20_0 .net *"_ivl_9", 0 0, L_00000195242fc0d0;  1 drivers
v00000195242f6ca0_0 .net "a", 0 0, v0000019524296cb0_0;  alias, 1 drivers
v00000195242f72e0_0 .net "allcellsP", 0 0, L_000001952428d960;  1 drivers
v00000195242f7380_0 .net "b", 0 0, v0000019524297cf0_0;  alias, 1 drivers
v00000195242f79c0_0 .net "c", 0 0, v0000019524296850_0;  alias, 1 drivers
v00000195242f7ce0_0 .net "d", 0 0, v00000195242971b0_0;  alias, 1 drivers
v00000195242f7420_0 .net "dp", 0 0, L_00000195243300d0;  alias, 1 drivers
v00000195242f7600_0 .net "e", 0 0, v00000195242972f0_0;  alias, 1 drivers
v00000195242f6520_0 .net "f", 0 0, v0000019524297250_0;  alias, 1 drivers
v00000195242f76a0_0 .net "g", 0 0, v0000019524297390_0;  alias, 1 drivers
v00000195242f7a60_0 .net "index", 2 0, L_00000195242fa910;  1 drivers
v00000195242f7b00_0 .var "tempindex", 3 0;
E_000001952429aee0 .event anyedge, v0000019524297d90_0, v00000195242f7a60_0, v0000019524297ed0_0, v00000195242f72e0_0;
L_00000195242fbef0 .part L_000001952429cff0, 6, 1;
L_00000195242fc030 .part L_000001952429cff0, 4, 1;
L_00000195242fc0d0 .part L_000001952429cff0, 2, 1;
L_00000195242fa230 .part L_000001952429cff0, 0, 1;
L_00000195242fa4b0 .part L_000001952429cff0, 5, 1;
L_00000195242fa5f0 .part L_000001952429cff0, 4, 1;
L_00000195242fa870 .part L_000001952429cff0, 1, 1;
L_00000195242fb270 .part L_000001952429cff0, 0, 1;
L_00000195242fa910 .concat8 [ 1 1 1 0], L_000001952429d680, L_000001952429cc70, L_000001952429cf10;
L_00000195242fa9b0 .part L_000001952429cff0, 3, 1;
L_00000195242faa50 .part L_000001952429cff0, 2, 1;
L_00000195242fb1d0 .part L_000001952429cff0, 1, 1;
L_00000195242fab90 .part L_000001952429cff0, 0, 1;
L_00000195242fb4f0 .part L_000001952429cff0, 3, 1;
L_00000195242fae10 .part L_000001952429cff0, 2, 1;
L_00000195242fb090 .part L_000001952429cff0, 1, 1;
L_00000195242fb130 .part L_000001952429cff0, 0, 1;
L_00000195242fb3b0 .part L_000001952429cff0, 6, 1;
L_00000195242fded0 .part L_000001952429cff0, 5, 1;
L_00000195242fe790 .part L_000001952429cff0, 4, 1;
S_0000019524284ef0 .scope module, "fi" "show_Hex_on_7seg" 2 115, 2 30 0, S_000001952427e550;
 .timescale 0 0;
    .port_info 0 /INPUT 4 "Dip";
    .port_info 1 /OUTPUT 1 "a";
    .port_info 2 /OUTPUT 1 "b";
    .port_info 3 /OUTPUT 1 "c";
    .port_info 4 /OUTPUT 1 "d";
    .port_info 5 /OUTPUT 1 "e";
    .port_info 6 /OUTPUT 1 "f";
    .port_info 7 /OUTPUT 1 "g";
    .port_info 8 /OUTPUT 1 "dp";
    .port_info 9 /OUTPUT 4 "Dig";
v0000019524297930_0 .net "Dig", 3 0, L_0000019524330088;  alias, 1 drivers
v0000019524297430_0 .net "Dip", 3 0, v00000195242f7b00_0;  1 drivers
v0000019524297e30_0 .net "a", 0 0, v0000019524296cb0_0;  alias, 1 drivers
v00000195242960d0_0 .net "b", 0 0, v0000019524297cf0_0;  alias, 1 drivers
v00000195242974d0_0 .net "c", 0 0, v0000019524296850_0;  alias, 1 drivers
v00000195242976b0_0 .net "d", 0 0, v00000195242971b0_0;  alias, 1 drivers
v0000019524297890_0 .net "dp", 0 0, L_00000195243300d0;  alias, 1 drivers
v0000019524297610_0 .net "e", 0 0, v00000195242972f0_0;  alias, 1 drivers
v0000019524297750_0 .net "f", 0 0, v0000019524297250_0;  alias, 1 drivers
v0000019524297a70_0 .net "g", 0 0, v0000019524297390_0;  alias, 1 drivers
S_0000019524290720 .scope module, "instans1" "Hex_to_7_seg" 2 40, 2 2 0, S_0000019524284ef0;
 .timescale 0 0;
    .port_info 0 /INPUT 4 "Hex";
    .port_info 1 /OUTPUT 1 "a";
    .port_info 2 /OUTPUT 1 "b";
    .port_info 3 /OUTPUT 1 "c";
    .port_info 4 /OUTPUT 1 "d";
    .port_info 5 /OUTPUT 1 "e";
    .port_info 6 /OUTPUT 1 "f";
    .port_info 7 /OUTPUT 1 "g";
v0000019524297570_0 .net "Hex", 3 0, v00000195242f7b00_0;  alias, 1 drivers
v0000019524296cb0_0 .var "a", 0 0;
v0000019524297cf0_0 .var "b", 0 0;
v0000019524296850_0 .var "c", 0 0;
v00000195242971b0_0 .var "d", 0 0;
v00000195242972f0_0 .var "e", 0 0;
v0000019524297250_0 .var "f", 0 0;
v0000019524297390_0 .var "g", 0 0;
E_000001952429a2a0 .event anyedge, v0000019524297570_0;
S_0000019524242ce0 .scope module, "fE" "Encoder_Parity" 2 138, 2 48 0, S_000001952427e3c0;
 .timescale 0 0;
    .port_info 0 /INPUT 4 "Dip";
    .port_info 1 /OUTPUT 8 "LED";
L_000001952429c960 .functor XOR 1, L_00000195242fbbd0, L_00000195242fb9f0, C4<0>, C4<0>;
L_000001952429d4c0 .functor XOR 1, L_000001952429c960, L_00000195242faf50, C4<0>, C4<0>;
L_000001952429d370 .functor XOR 1, L_00000195242facd0, L_00000195242fb590, C4<0>, C4<0>;
L_000001952429cdc0 .functor XOR 1, L_000001952429d370, L_00000195242fb450, C4<0>, C4<0>;
L_000001952429cea0 .functor XOR 1, L_00000195242fbd10, L_00000195242fa2d0, C4<0>, C4<0>;
L_000001952429c880 .functor XOR 1, L_000001952429cea0, L_00000195242fb630, C4<0>, C4<0>;
L_000001952429d5a0 .functor XOR 1, L_00000195242fa730, L_00000195242fac30, C4<0>, C4<0>;
L_000001952429d220 .functor XOR 1, L_000001952429d5a0, L_00000195242fa7d0, C4<0>, C4<0>;
L_000001952429c9d0 .functor XOR 1, L_000001952429d220, L_00000195242fa550, C4<0>, C4<0>;
L_000001952429d450 .functor XOR 1, L_000001952429c9d0, L_000001952429d4c0, C4<0>, C4<0>;
L_000001952429d300 .functor XOR 1, L_000001952429d450, L_000001952429cdc0, C4<0>, C4<0>;
L_000001952429ca40 .functor XOR 1, L_000001952429d300, L_000001952429c880, C4<0>, C4<0>;
v00000195242f7d80_0 .net "Dip", 3 0, o00000195242a5ef8;  alias, 0 drivers
v00000195242f7e20_0 .net "LED", 7 0, L_00000195242faaf0;  alias, 1 drivers
v00000195242f7ec0_0 .net *"_ivl_1", 0 0, L_00000195242fbbd0;  1 drivers
v00000195242f7f60_0 .net *"_ivl_11", 0 0, L_00000195242facd0;  1 drivers
v00000195242f68e0_0 .net *"_ivl_13", 0 0, L_00000195242fb590;  1 drivers
v00000195242f65c0_0 .net *"_ivl_14", 0 0, L_000001952429d370;  1 drivers
v00000195242f8000_0 .net *"_ivl_17", 0 0, L_00000195242fb450;  1 drivers
v00000195242f6660_0 .net *"_ivl_21", 0 0, L_00000195242fbd10;  1 drivers
v00000195242f67a0_0 .net *"_ivl_23", 0 0, L_00000195242fa2d0;  1 drivers
v00000195242f85d0_0 .net *"_ivl_24", 0 0, L_000001952429cea0;  1 drivers
v00000195242f87b0_0 .net *"_ivl_27", 0 0, L_00000195242fb630;  1 drivers
v00000195242f8490_0 .net *"_ivl_3", 0 0, L_00000195242fb9f0;  1 drivers
v00000195242f8350_0 .net *"_ivl_31", 0 0, L_00000195242fa730;  1 drivers
v00000195242f8710_0 .net *"_ivl_33", 0 0, L_00000195242fac30;  1 drivers
v00000195242f88f0_0 .net *"_ivl_34", 0 0, L_000001952429d5a0;  1 drivers
v00000195242f8670_0 .net *"_ivl_37", 0 0, L_00000195242fa7d0;  1 drivers
v00000195242f8850_0 .net *"_ivl_38", 0 0, L_000001952429d220;  1 drivers
v00000195242f82b0_0 .net *"_ivl_4", 0 0, L_000001952429c960;  1 drivers
v00000195242f8990_0 .net *"_ivl_41", 0 0, L_00000195242fa550;  1 drivers
v00000195242f8a30_0 .net *"_ivl_42", 0 0, L_000001952429c9d0;  1 drivers
v00000195242f8d50_0 .net *"_ivl_44", 0 0, L_000001952429d450;  1 drivers
v00000195242f8ad0_0 .net *"_ivl_46", 0 0, L_000001952429d300;  1 drivers
v00000195242f8b70_0 .net *"_ivl_51", 0 0, L_00000195242fad70;  1 drivers
v00000195242f8c10_0 .net *"_ivl_53", 0 0, L_00000195242fbdb0;  1 drivers
v00000195242f83f0_0 .net *"_ivl_55", 0 0, L_00000195242fa370;  1 drivers
v00000195242f8cb0_0 .net *"_ivl_57", 0 0, L_00000195242fbe50;  1 drivers
v00000195242f8df0_0 .net *"_ivl_7", 0 0, L_00000195242faf50;  1 drivers
v00000195242f8fd0_0 .net "p0", 0 0, L_000001952429d4c0;  1 drivers
v00000195242f8e90_0 .net "p1", 0 0, L_000001952429cdc0;  1 drivers
v00000195242f8f30_0 .net "p2", 0 0, L_000001952429c880;  1 drivers
v00000195242f9070_0 .net "pt", 0 0, L_000001952429ca40;  1 drivers
L_00000195242fbbd0 .part o00000195242a5ef8, 0, 1;
L_00000195242fb9f0 .part o00000195242a5ef8, 1, 1;
L_00000195242faf50 .part o00000195242a5ef8, 3, 1;
L_00000195242facd0 .part o00000195242a5ef8, 0, 1;
L_00000195242fb590 .part o00000195242a5ef8, 2, 1;
L_00000195242fb450 .part o00000195242a5ef8, 3, 1;
L_00000195242fbd10 .part o00000195242a5ef8, 1, 1;
L_00000195242fa2d0 .part o00000195242a5ef8, 2, 1;
L_00000195242fb630 .part o00000195242a5ef8, 3, 1;
L_00000195242fa730 .part o00000195242a5ef8, 1, 1;
L_00000195242fac30 .part o00000195242a5ef8, 2, 1;
L_00000195242fa7d0 .part o00000195242a5ef8, 3, 1;
L_00000195242fa550 .part o00000195242a5ef8, 0, 1;
L_00000195242fad70 .part o00000195242a5ef8, 0, 1;
L_00000195242fbdb0 .part o00000195242a5ef8, 1, 1;
L_00000195242fa370 .part o00000195242a5ef8, 2, 1;
L_00000195242fbe50 .part o00000195242a5ef8, 3, 1;
LS_00000195242faaf0_0_0 .concat [ 1 1 1 1], L_00000195242fbe50, L_00000195242fa370, L_00000195242fbdb0, L_000001952429c880;
LS_00000195242faaf0_0_4 .concat [ 1 1 1 1], L_00000195242fad70, L_000001952429cdc0, L_000001952429d4c0, L_000001952429ca40;
L_00000195242faaf0 .concat [ 4 4 0 0], LS_00000195242faaf0_0_0, LS_00000195242faaf0_0_4;
S_0000019524242e70 .scope module, "fT" "Transmission_Line" 2 139, 2 65 0, S_000001952427e3c0;
 .timescale 0 0;
    .port_info 0 /INPUT 8 "Data";
    .port_info 1 /INPUT 8 "Noise";
    .port_info 2 /OUTPUT 8 "NoisyData";
L_000001952429cff0 .functor XOR 8, L_00000195242faaf0, o00000195242a6528, C4<00000000>, C4<00000000>;
v00000195242f9110_0 .net "Data", 7 0, L_00000195242faaf0;  alias, 1 drivers
v00000195242f8210_0 .net "Noise", 7 0, o00000195242a6528;  alias, 0 drivers
v00000195242f8530_0 .net "NoisyData", 7 0, L_000001952429cff0;  alias, 1 drivers
    .scope S_0000019524290720;
T_0 ;
    %wait E_000001952429a2a0;
    %load/vec4 v0000019524297570_0;
    %dup/vec4;
    %pushi/vec4 0, 0, 4;
    %cmp/u;
    %jmp/1 T_0.0, 6;
    %dup/vec4;
    %pushi/vec4 1, 0, 4;
    %cmp/u;
    %jmp/1 T_0.1, 6;
    %dup/vec4;
    %pushi/vec4 2, 0, 4;
    %cmp/u;
    %jmp/1 T_0.2, 6;
    %dup/vec4;
    %pushi/vec4 3, 0, 4;
    %cmp/u;
    %jmp/1 T_0.3, 6;
    %dup/vec4;
    %pushi/vec4 4, 0, 4;
    %cmp/u;
    %jmp/1 T_0.4, 6;
    %dup/vec4;
    %pushi/vec4 5, 0, 4;
    %cmp/u;
    %jmp/1 T_0.5, 6;
    %dup/vec4;
    %pushi/vec4 6, 0, 4;
    %cmp/u;
    %jmp/1 T_0.6, 6;
    %dup/vec4;
    %pushi/vec4 7, 0, 4;
    %cmp/u;
    %jmp/1 T_0.7, 6;
    %dup/vec4;
    %pushi/vec4 8, 0, 4;
    %cmp/u;
    %jmp/1 T_0.8, 6;
    %dup/vec4;
    %pushi/vec4 9, 0, 4;
    %cmp/u;
    %jmp/1 T_0.9, 6;
    %dup/vec4;
    %pushi/vec4 10, 0, 4;
    %cmp/u;
    %jmp/1 T_0.10, 6;
    %dup/vec4;
    %pushi/vec4 11, 0, 4;
    %cmp/u;
    %jmp/1 T_0.11, 6;
    %dup/vec4;
    %pushi/vec4 12, 0, 4;
    %cmp/u;
    %jmp/1 T_0.12, 6;
    %dup/vec4;
    %pushi/vec4 13, 0, 4;
    %cmp/u;
    %jmp/1 T_0.13, 6;
    %dup/vec4;
    %pushi/vec4 14, 0, 4;
    %cmp/u;
    %jmp/1 T_0.14, 6;
    %dup/vec4;
    %pushi/vec4 15, 0, 4;
    %cmp/u;
    %jmp/1 T_0.15, 6;
    %jmp T_0.16;
T_0.0 ;
    %pushi/vec4 1, 0, 7;
    %split/vec4 1;
    %store/vec4 v0000019524297390_0, 0, 1;
    %split/vec4 1;
    %store/vec4 v0000019524297250_0, 0, 1;
    %split/vec4 1;
    %store/vec4 v00000195242972f0_0, 0, 1;
    %split/vec4 1;
    %store/vec4 v00000195242971b0_0, 0, 1;
    %split/vec4 1;
    %store/vec4 v0000019524296850_0, 0, 1;
    %split/vec4 1;
    %store/vec4 v0000019524297cf0_0, 0, 1;
    %store/vec4 v0000019524296cb0_0, 0, 1;
    %jmp T_0.16;
T_0.1 ;
    %pushi/vec4 79, 0, 7;
    %split/vec4 1;
    %store/vec4 v0000019524297390_0, 0, 1;
    %split/vec4 1;
    %store/vec4 v0000019524297250_0, 0, 1;
    %split/vec4 1;
    %store/vec4 v00000195242972f0_0, 0, 1;
    %split/vec4 1;
    %store/vec4 v00000195242971b0_0, 0, 1;
    %split/vec4 1;
    %store/vec4 v0000019524296850_0, 0, 1;
    %split/vec4 1;
    %store/vec4 v0000019524297cf0_0, 0, 1;
    %store/vec4 v0000019524296cb0_0, 0, 1;
    %jmp T_0.16;
T_0.2 ;
    %pushi/vec4 18, 0, 7;
    %split/vec4 1;
    %store/vec4 v0000019524297390_0, 0, 1;
    %split/vec4 1;
    %store/vec4 v0000019524297250_0, 0, 1;
    %split/vec4 1;
    %store/vec4 v00000195242972f0_0, 0, 1;
    %split/vec4 1;
    %store/vec4 v00000195242971b0_0, 0, 1;
    %split/vec4 1;
    %store/vec4 v0000019524296850_0, 0, 1;
    %split/vec4 1;
    %store/vec4 v0000019524297cf0_0, 0, 1;
    %store/vec4 v0000019524296cb0_0, 0, 1;
    %jmp T_0.16;
T_0.3 ;
    %pushi/vec4 6, 0, 7;
    %split/vec4 1;
    %store/vec4 v0000019524297390_0, 0, 1;
    %split/vec4 1;
    %store/vec4 v0000019524297250_0, 0, 1;
    %split/vec4 1;
    %store/vec4 v00000195242972f0_0, 0, 1;
    %split/vec4 1;
    %store/vec4 v00000195242971b0_0, 0, 1;
    %split/vec4 1;
    %store/vec4 v0000019524296850_0, 0, 1;
    %split/vec4 1;
    %store/vec4 v0000019524297cf0_0, 0, 1;
    %store/vec4 v0000019524296cb0_0, 0, 1;
    %jmp T_0.16;
T_0.4 ;
    %pushi/vec4 76, 0, 7;
    %split/vec4 1;
    %store/vec4 v0000019524297390_0, 0, 1;
    %split/vec4 1;
    %store/vec4 v0000019524297250_0, 0, 1;
    %split/vec4 1;
    %store/vec4 v00000195242972f0_0, 0, 1;
    %split/vec4 1;
    %store/vec4 v00000195242971b0_0, 0, 1;
    %split/vec4 1;
    %store/vec4 v0000019524296850_0, 0, 1;
    %split/vec4 1;
    %store/vec4 v0000019524297cf0_0, 0, 1;
    %store/vec4 v0000019524296cb0_0, 0, 1;
    %jmp T_0.16;
T_0.5 ;
    %pushi/vec4 36, 0, 7;
    %split/vec4 1;
    %store/vec4 v0000019524297390_0, 0, 1;
    %split/vec4 1;
    %store/vec4 v0000019524297250_0, 0, 1;
    %split/vec4 1;
    %store/vec4 v00000195242972f0_0, 0, 1;
    %split/vec4 1;
    %store/vec4 v00000195242971b0_0, 0, 1;
    %split/vec4 1;
    %store/vec4 v0000019524296850_0, 0, 1;
    %split/vec4 1;
    %store/vec4 v0000019524297cf0_0, 0, 1;
    %store/vec4 v0000019524296cb0_0, 0, 1;
    %jmp T_0.16;
T_0.6 ;
    %pushi/vec4 32, 0, 7;
    %split/vec4 1;
    %store/vec4 v0000019524297390_0, 0, 1;
    %split/vec4 1;
    %store/vec4 v0000019524297250_0, 0, 1;
    %split/vec4 1;
    %store/vec4 v00000195242972f0_0, 0, 1;
    %split/vec4 1;
    %store/vec4 v00000195242971b0_0, 0, 1;
    %split/vec4 1;
    %store/vec4 v0000019524296850_0, 0, 1;
    %split/vec4 1;
    %store/vec4 v0000019524297cf0_0, 0, 1;
    %store/vec4 v0000019524296cb0_0, 0, 1;
    %jmp T_0.16;
T_0.7 ;
    %pushi/vec4 15, 0, 7;
    %split/vec4 1;
    %store/vec4 v0000019524297390_0, 0, 1;
    %split/vec4 1;
    %store/vec4 v0000019524297250_0, 0, 1;
    %split/vec4 1;
    %store/vec4 v00000195242972f0_0, 0, 1;
    %split/vec4 1;
    %store/vec4 v00000195242971b0_0, 0, 1;
    %split/vec4 1;
    %store/vec4 v0000019524296850_0, 0, 1;
    %split/vec4 1;
    %store/vec4 v0000019524297cf0_0, 0, 1;
    %store/vec4 v0000019524296cb0_0, 0, 1;
    %jmp T_0.16;
T_0.8 ;
    %pushi/vec4 0, 0, 7;
    %split/vec4 1;
    %store/vec4 v0000019524297390_0, 0, 1;
    %split/vec4 1;
    %store/vec4 v0000019524297250_0, 0, 1;
    %split/vec4 1;
    %store/vec4 v00000195242972f0_0, 0, 1;
    %split/vec4 1;
    %store/vec4 v00000195242971b0_0, 0, 1;
    %split/vec4 1;
    %store/vec4 v0000019524296850_0, 0, 1;
    %split/vec4 1;
    %store/vec4 v0000019524297cf0_0, 0, 1;
    %store/vec4 v0000019524296cb0_0, 0, 1;
    %jmp T_0.16;
T_0.9 ;
    %pushi/vec4 4, 0, 7;
    %split/vec4 1;
    %store/vec4 v0000019524297390_0, 0, 1;
    %split/vec4 1;
    %store/vec4 v0000019524297250_0, 0, 1;
    %split/vec4 1;
    %store/vec4 v00000195242972f0_0, 0, 1;
    %split/vec4 1;
    %store/vec4 v00000195242971b0_0, 0, 1;
    %split/vec4 1;
    %store/vec4 v0000019524296850_0, 0, 1;
    %split/vec4 1;
    %store/vec4 v0000019524297cf0_0, 0, 1;
    %store/vec4 v0000019524296cb0_0, 0, 1;
    %jmp T_0.16;
T_0.10 ;
    %pushi/vec4 8, 0, 7;
    %split/vec4 1;
    %store/vec4 v0000019524297390_0, 0, 1;
    %split/vec4 1;
    %store/vec4 v0000019524297250_0, 0, 1;
    %split/vec4 1;
    %store/vec4 v00000195242972f0_0, 0, 1;
    %split/vec4 1;
    %store/vec4 v00000195242971b0_0, 0, 1;
    %split/vec4 1;
    %store/vec4 v0000019524296850_0, 0, 1;
    %split/vec4 1;
    %store/vec4 v0000019524297cf0_0, 0, 1;
    %store/vec4 v0000019524296cb0_0, 0, 1;
    %jmp T_0.16;
T_0.11 ;
    %pushi/vec4 96, 0, 7;
    %split/vec4 1;
    %store/vec4 v0000019524297390_0, 0, 1;
    %split/vec4 1;
    %store/vec4 v0000019524297250_0, 0, 1;
    %split/vec4 1;
    %store/vec4 v00000195242972f0_0, 0, 1;
    %split/vec4 1;
    %store/vec4 v00000195242971b0_0, 0, 1;
    %split/vec4 1;
    %store/vec4 v0000019524296850_0, 0, 1;
    %split/vec4 1;
    %store/vec4 v0000019524297cf0_0, 0, 1;
    %store/vec4 v0000019524296cb0_0, 0, 1;
    %jmp T_0.16;
T_0.12 ;
    %pushi/vec4 49, 0, 7;
    %split/vec4 1;
    %store/vec4 v0000019524297390_0, 0, 1;
    %split/vec4 1;
    %store/vec4 v0000019524297250_0, 0, 1;
    %split/vec4 1;
    %store/vec4 v00000195242972f0_0, 0, 1;
    %split/vec4 1;
    %store/vec4 v00000195242971b0_0, 0, 1;
    %split/vec4 1;
    %store/vec4 v0000019524296850_0, 0, 1;
    %split/vec4 1;
    %store/vec4 v0000019524297cf0_0, 0, 1;
    %store/vec4 v0000019524296cb0_0, 0, 1;
    %jmp T_0.16;
T_0.13 ;
    %pushi/vec4 66, 0, 7;
    %split/vec4 1;
    %store/vec4 v0000019524297390_0, 0, 1;
    %split/vec4 1;
    %store/vec4 v0000019524297250_0, 0, 1;
    %split/vec4 1;
    %store/vec4 v00000195242972f0_0, 0, 1;
    %split/vec4 1;
    %store/vec4 v00000195242971b0_0, 0, 1;
    %split/vec4 1;
    %store/vec4 v0000019524296850_0, 0, 1;
    %split/vec4 1;
    %store/vec4 v0000019524297cf0_0, 0, 1;
    %store/vec4 v0000019524296cb0_0, 0, 1;
    %jmp T_0.16;
T_0.14 ;
    %pushi/vec4 48, 0, 7;
    %split/vec4 1;
    %store/vec4 v0000019524297390_0, 0, 1;
    %split/vec4 1;
    %store/vec4 v0000019524297250_0, 0, 1;
    %split/vec4 1;
    %store/vec4 v00000195242972f0_0, 0, 1;
    %split/vec4 1;
    %store/vec4 v00000195242971b0_0, 0, 1;
    %split/vec4 1;
    %store/vec4 v0000019524296850_0, 0, 1;
    %split/vec4 1;
    %store/vec4 v0000019524297cf0_0, 0, 1;
    %store/vec4 v0000019524296cb0_0, 0, 1;
    %jmp T_0.16;
T_0.15 ;
    %pushi/vec4 56, 0, 7;
    %split/vec4 1;
    %store/vec4 v0000019524297390_0, 0, 1;
    %split/vec4 1;
    %store/vec4 v0000019524297250_0, 0, 1;
    %split/vec4 1;
    %store/vec4 v00000195242972f0_0, 0, 1;
    %split/vec4 1;
    %store/vec4 v00000195242971b0_0, 0, 1;
    %split/vec4 1;
    %store/vec4 v0000019524296850_0, 0, 1;
    %split/vec4 1;
    %store/vec4 v0000019524297cf0_0, 0, 1;
    %store/vec4 v0000019524296cb0_0, 0, 1;
    %jmp T_0.16;
T_0.16 ;
    %pop/vec4 1;
    %jmp T_0;
    .thread T_0, $push;
    .scope S_000001952427e550;
T_1 ;
    %wait E_000001952429aee0;
    %load/vec4 v0000019524297d90_0;
    %parti/s 1, 4, 4;
    %load/vec4 v0000019524297d90_0;
    %parti/s 1, 2, 3;
    %concat/vec4; draw_concat_vec4
    %load/vec4 v0000019524297d90_0;
    %parti/s 1, 1, 2;
    %concat/vec4; draw_concat_vec4
    %load/vec4 v0000019524297d90_0;
    %parti/s 1, 0, 2;
    %concat/vec4; draw_concat_vec4
    %store/vec4 v0000019524297ed0_0, 0, 4;
    %load/vec4 v00000195242f7a60_0;
    %dup/vec4;
    %pushi/vec4 3, 0, 3;
    %cmp/u;
    %jmp/1 T_1.0, 6;
    %dup/vec4;
    %pushi/vec4 5, 0, 3;
    %cmp/u;
    %jmp/1 T_1.1, 6;
    %dup/vec4;
    %pushi/vec4 6, 0, 3;
    %cmp/u;
    %jmp/1 T_1.2, 6;
    %dup/vec4;
    %pushi/vec4 7, 0, 3;
    %cmp/u;
    %jmp/1 T_1.3, 6;
    %jmp T_1.4;
T_1.0 ;
    %load/vec4 v0000019524297ed0_0;
    %parti/s 1, 3, 3;
    %inv;
    %ix/load 4, 3, 0;
    %flag_set/imm 4, 0;
    %store/vec4 v0000019524297ed0_0, 4, 1;
    %jmp T_1.4;
T_1.1 ;
    %load/vec4 v0000019524297ed0_0;
    %parti/s 1, 2, 3;
    %inv;
    %ix/load 4, 2, 0;
    %flag_set/imm 4, 0;
    %store/vec4 v0000019524297ed0_0, 4, 1;
    %jmp T_1.4;
T_1.2 ;
    %load/vec4 v0000019524297ed0_0;
    %parti/s 1, 1, 2;
    %inv;
    %ix/load 4, 1, 0;
    %flag_set/imm 4, 0;
    %store/vec4 v0000019524297ed0_0, 4, 1;
    %jmp T_1.4;
T_1.3 ;
    %load/vec4 v0000019524297ed0_0;
    %parti/s 1, 0, 2;
    %inv;
    %ix/load 4, 0, 0;
    %flag_set/imm 4, 0;
    %store/vec4 v0000019524297ed0_0, 4, 1;
    %jmp T_1.4;
T_1.4 ;
    %pop/vec4 1;
    %pushi/vec4 0, 0, 1;
    %load/vec4 v00000195242f7a60_0;
    %concat/vec4; draw_concat_vec4
    %store/vec4 v00000195242f7b00_0, 0, 4;
    %load/vec4 v00000195242f72e0_0;
    %pushi/vec4 1, 0, 1;
    %cmp/e;
    %flag_get/vec4 4;
    %load/vec4 v00000195242f7a60_0;
    %pushi/vec4 0, 0, 3;
    %cmp/e;
    %flag_get/vec4 4;
    %and;
    %flag_set/vec4 8;
    %jmp/0xz  T_1.5, 8;
    %pushi/vec4 15, 0, 4;
    %store/vec4 v0000019524297ed0_0, 0, 4;
    %pushi/vec4 14, 0, 4;
    %store/vec4 v00000195242f7b00_0, 0, 4;
T_1.5 ;
    %jmp T_1;
    .thread T_1, $push;
# The file index is used to find the file name in the following table.
:file_names 3;
    "N/A";
    "<interactive>";
    "Hamming_Code_2bitDetector.v";
