#! /c/Source/iverilog-install/bin/vvp
:ivl_version "12.0 (devel)" "(s20150603-1539-g2693dd32b)";
:ivl_delay_selection "TYPICAL";
:vpi_time_precision - 9;
:vpi_module "C:\iverilog\lib\ivl\system.vpi";
:vpi_module "C:\iverilog\lib\ivl\vhdl_sys.vpi";
:vpi_module "C:\iverilog\lib\ivl\vhdl_textio.vpi";
:vpi_module "C:\iverilog\lib\ivl\v2005_math.vpi";
:vpi_module "C:\iverilog\lib\ivl\va_math.vpi";
S_000001c44fde0f60 .scope module, "Q2A__tb" "Q2A__tb" 2 53;
 .timescale -9 -9;
v000001c44fdf62b0_0 .net "Fo", 0 0, L_000001c44fde3580;  1 drivers
v000001c44fdf6fd0_0 .net *"_ivl_6", 3 0, L_000001c44fe51060;  1 drivers
v000001c44fdf7070_0 .var/i "i", 31 0;
v000001c44fdf7250_0 .net "x1", 0 0, L_000001c44fe50b60;  1 drivers
v000001c44fdf6ad0_0 .net "x2", 0 0, L_000001c44fe50980;  1 drivers
v000001c44fdf6490_0 .net "x3", 0 0, L_000001c44fe50340;  1 drivers
v000001c44fdf7d90_0 .net "x4", 0 0, L_000001c44fe503e0;  1 drivers
L_000001c44fe50b60 .part L_000001c44fe51060, 3, 1;
L_000001c44fe50980 .part L_000001c44fe51060, 2, 1;
L_000001c44fe50340 .part L_000001c44fe51060, 1, 1;
L_000001c44fe503e0 .part L_000001c44fe51060, 0, 1;
L_000001c44fe51060 .part v000001c44fdf7070_0, 0, 4;
S_000001c44fdec0c0 .scope module, "under_test" "Q2A" 2 70, 2 4 0, S_000001c44fde0f60;
 .timescale -9 -9;
    .port_info 0 /INPUT 1 "x1";
    .port_info 1 /INPUT 1 "x2";
    .port_info 2 /INPUT 1 "x3";
    .port_info 3 /INPUT 1 "x4";
    .port_info 4 /OUTPUT 1 "Fo";
L_000001c44fde3900 .functor NOT 1, L_000001c44fe50b60, C4<0>, C4<0>, C4<0>;
L_000001c44fde34a0 .functor NOT 1, L_000001c44fe50980, C4<0>, C4<0>, C4<0>;
L_000001c44fde3a50 .functor NOT 1, L_000001c44fe50340, C4<0>, C4<0>, C4<0>;
L_000001c44fde3ac0 .functor NOT 1, L_000001c44fe503e0, C4<0>, C4<0>, C4<0>;
L_000001c44fde3660 .functor AND 1, L_000001c44fde3900, L_000001c44fde34a0, L_000001c44fde3a50, L_000001c44fde3ac0;
L_000001c44fde3b30 .functor AND 1, L_000001c44fde3900, L_000001c44fde34a0, L_000001c44fe50340, L_000001c44fde3ac0;
L_000001c44fde3430 .functor AND 1, L_000001c44fde3900, L_000001c44fe50980, L_000001c44fe50340, L_000001c44fde3ac0;
L_000001c44fde35f0 .functor AND 1, L_000001c44fe50b60, L_000001c44fde34a0, L_000001c44fde3a50, L_000001c44fde3ac0;
L_000001c44fde3820 .functor AND 1, L_000001c44fe50b60, L_000001c44fde34a0, L_000001c44fe50340, L_000001c44fde3ac0;
L_000001c44fde3890 .functor AND 1, L_000001c44fe50b60, L_000001c44fe50980, L_000001c44fe50340, L_000001c44fde3ac0;
L_000001c44fde3580/0/0 .functor OR 1, L_000001c44fde3660, L_000001c44fde3b30, L_000001c44fde3430, L_000001c44fde35f0;
L_000001c44fde3580/0/4 .functor OR 1, L_000001c44fde3820, L_000001c44fde3890, C4<0>, C4<0>;
L_000001c44fde3580 .functor OR 1, L_000001c44fde3580/0/0, L_000001c44fde3580/0/4, C4<0>, C4<0>;
v000001c44fdf7430_0 .net "Fo", 0 0, L_000001c44fde3580;  alias, 1 drivers
v000001c44fdf6850_0 .net "g1", 0 0, L_000001c44fde3660;  1 drivers
v000001c44fdf6030_0 .net "g2", 0 0, L_000001c44fde3b30;  1 drivers
v000001c44fdf7b10_0 .net "g3", 0 0, L_000001c44fde3430;  1 drivers
v000001c44fdf7cf0_0 .net "g4", 0 0, L_000001c44fde35f0;  1 drivers
v000001c44fdf74d0_0 .net "g5", 0 0, L_000001c44fde3820;  1 drivers
v000001c44fdf7930_0 .net "g6", 0 0, L_000001c44fde3890;  1 drivers
v000001c44fdf6170_0 .net "n1", 0 0, L_000001c44fde3900;  1 drivers
v000001c44fdf7110_0 .net "n2", 0 0, L_000001c44fde34a0;  1 drivers
v000001c44fdf77f0_0 .net "n3", 0 0, L_000001c44fde3a50;  1 drivers
v000001c44fdf6a30_0 .net "n4", 0 0, L_000001c44fde3ac0;  1 drivers
v000001c44fdf6530_0 .net "x1", 0 0, L_000001c44fe50b60;  alias, 1 drivers
v000001c44fdf7570_0 .net "x2", 0 0, L_000001c44fe50980;  alias, 1 drivers
v000001c44fdf6f30_0 .net "x3", 0 0, L_000001c44fe50340;  alias, 1 drivers
v000001c44fdf7c50_0 .net "x4", 0 0, L_000001c44fe503e0;  alias, 1 drivers
S_000001c44fdef050 .scope module, "Q2B__tb" "Q2B__tb" 2 78;
 .timescale -9 -9;
v000001c44fdf7890_0 .net *"_ivl_6", 3 0, L_000001c44fe516a0;  1 drivers
v000001c44fdf6d50_0 .net "f", 0 0, L_000001c44fe535a0;  1 drivers
v000001c44fdf79d0_0 .var/i "i", 31 0;
v000001c44fdf7a70_0 .net "x1", 0 0, L_000001c44fe505c0;  1 drivers
v000001c44fdf7bb0_0 .net "x2", 0 0, L_000001c44fe50fc0;  1 drivers
v000001c44fdf6210_0 .net "x3", 0 0, L_000001c44fe51600;  1 drivers
v000001c44fdf6350_0 .net "x4", 0 0, L_000001c44fe511a0;  1 drivers
L_000001c44fe505c0 .part L_000001c44fe516a0, 3, 1;
L_000001c44fe50fc0 .part L_000001c44fe516a0, 2, 1;
L_000001c44fe51600 .part L_000001c44fe516a0, 1, 1;
L_000001c44fe511a0 .part L_000001c44fe516a0, 0, 1;
L_000001c44fe516a0 .part v000001c44fdf79d0_0, 0, 4;
S_000001c44fdec250 .scope module, "under_test" "Q2B" 2 95, 2 34 0, S_000001c44fdef050;
 .timescale -9 -9;
    .port_info 0 /INPUT 1 "x1";
    .port_info 1 /INPUT 1 "x2";
    .port_info 2 /INPUT 1 "x3";
    .port_info 3 /INPUT 1 "x4";
    .port_info 4 /OUTPUT 1 "f";
L_000001c44fde36d0 .functor NOT 1, L_000001c44fe511a0, C4<0>, C4<0>, C4<0>;
L_000001c44fde3740 .functor NOT 1, L_000001c44fe50fc0, C4<0>, C4<0>, C4<0>;
L_000001c44fde37b0 .functor AND 1, L_000001c44fde36d0, L_000001c44fde3740, C4<1>, C4<1>;
L_000001c44fde3970 .functor NOT 1, L_000001c44fe511a0, C4<0>, C4<0>, C4<0>;
L_000001c44fe53b50 .functor AND 1, L_000001c44fde3970, L_000001c44fe51600, C4<1>, C4<1>;
L_000001c44fe535a0 .functor OR 1, L_000001c44fde37b0, L_000001c44fe53b50, C4<0>, C4<0>;
v000001c44fdf65d0_0 .net *"_ivl_0", 0 0, L_000001c44fde36d0;  1 drivers
v000001c44fdf6990_0 .net *"_ivl_2", 0 0, L_000001c44fde3740;  1 drivers
v000001c44fdf6b70_0 .net *"_ivl_6", 0 0, L_000001c44fde3970;  1 drivers
v000001c44fdf7610_0 .net "f", 0 0, L_000001c44fe535a0;  alias, 1 drivers
v000001c44fdf7e30_0 .net "g1", 0 0, L_000001c44fde37b0;  1 drivers
v000001c44fdf7750_0 .net "g2", 0 0, L_000001c44fe53b50;  1 drivers
v000001c44fdf6c10_0 .net "x1", 0 0, L_000001c44fe505c0;  alias, 1 drivers
v000001c44fdf6670_0 .net "x2", 0 0, L_000001c44fe50fc0;  alias, 1 drivers
v000001c44fdf7ed0_0 .net "x3", 0 0, L_000001c44fe51600;  alias, 1 drivers
v000001c44fdf60d0_0 .net "x4", 0 0, L_000001c44fe511a0;  alias, 1 drivers
S_000001c44fdef1e0 .scope module, "Q2__tb" "Q2__tb" 2 104;
 .timescale -9 -9;
v000001c44fe51920_0 .net "Fo", 0 0, L_000001c44fe53220;  1 drivers
v000001c44fe50f20_0 .net *"_ivl_6", 3 0, L_000001c44fe51a60;  1 drivers
v000001c44fe50840_0 .net "f", 0 0, L_000001c44fe53ca0;  1 drivers
v000001c44fe51560_0 .var/i "i", 31 0;
v000001c44fe500c0_0 .net "x1", 0 0, L_000001c44fe51740;  1 drivers
v000001c44fe50160_0 .net "x2", 0 0, L_000001c44fe519c0;  1 drivers
v000001c44fe50200_0 .net "x3", 0 0, L_000001c44fe50ac0;  1 drivers
v000001c44fe502a0_0 .net "x4", 0 0, L_000001c44fe50480;  1 drivers
L_000001c44fe51740 .part L_000001c44fe51a60, 3, 1;
L_000001c44fe519c0 .part L_000001c44fe51a60, 2, 1;
L_000001c44fe50ac0 .part L_000001c44fe51a60, 1, 1;
L_000001c44fe50480 .part L_000001c44fe51a60, 0, 1;
L_000001c44fe51a60 .part v000001c44fe51560_0, 0, 4;
S_000001c44fde9880 .scope module, "Q2A_under_test" "Q2A" 2 122, 2 4 0, S_000001c44fdef1e0;
 .timescale -9 -9;
    .port_info 0 /INPUT 1 "x1";
    .port_info 1 /INPUT 1 "x2";
    .port_info 2 /INPUT 1 "x3";
    .port_info 3 /INPUT 1 "x4";
    .port_info 4 /OUTPUT 1 "Fo";
L_000001c44fe52ff0 .functor NOT 1, L_000001c44fe51740, C4<0>, C4<0>, C4<0>;
L_000001c44fe538b0 .functor NOT 1, L_000001c44fe519c0, C4<0>, C4<0>, C4<0>;
L_000001c44fe53920 .functor NOT 1, L_000001c44fe50ac0, C4<0>, C4<0>, C4<0>;
L_000001c44fe53ae0 .functor NOT 1, L_000001c44fe50480, C4<0>, C4<0>, C4<0>;
L_000001c44fe53ed0 .functor AND 1, L_000001c44fe52ff0, L_000001c44fe538b0, L_000001c44fe53920, L_000001c44fe53ae0;
L_000001c44fe53610 .functor AND 1, L_000001c44fe52ff0, L_000001c44fe538b0, L_000001c44fe50ac0, L_000001c44fe53ae0;
L_000001c44fe53680 .functor AND 1, L_000001c44fe52ff0, L_000001c44fe519c0, L_000001c44fe50ac0, L_000001c44fe53ae0;
L_000001c44fe53a00 .functor AND 1, L_000001c44fe51740, L_000001c44fe538b0, L_000001c44fe53920, L_000001c44fe53ae0;
L_000001c44fe53990 .functor AND 1, L_000001c44fe51740, L_000001c44fe538b0, L_000001c44fe50ac0, L_000001c44fe53ae0;
L_000001c44fe53df0 .functor AND 1, L_000001c44fe51740, L_000001c44fe519c0, L_000001c44fe50ac0, L_000001c44fe53ae0;
L_000001c44fe53220/0/0 .functor OR 1, L_000001c44fe53ed0, L_000001c44fe53610, L_000001c44fe53680, L_000001c44fe53a00;
L_000001c44fe53220/0/4 .functor OR 1, L_000001c44fe53990, L_000001c44fe53df0, C4<0>, C4<0>;
L_000001c44fe53220 .functor OR 1, L_000001c44fe53220/0/0, L_000001c44fe53220/0/4, C4<0>, C4<0>;
v000001c44fdf63f0_0 .net "Fo", 0 0, L_000001c44fe53220;  alias, 1 drivers
v000001c44fdf6710_0 .net "g1", 0 0, L_000001c44fe53ed0;  1 drivers
v000001c44fdf6df0_0 .net "g2", 0 0, L_000001c44fe53610;  1 drivers
v000001c44fdf6e90_0 .net "g3", 0 0, L_000001c44fe53680;  1 drivers
v000001c44fe514c0_0 .net "g4", 0 0, L_000001c44fe53a00;  1 drivers
v000001c44fe51c40_0 .net "g5", 0 0, L_000001c44fe53990;  1 drivers
v000001c44fe50c00_0 .net "g6", 0 0, L_000001c44fe53df0;  1 drivers
v000001c44fe508e0_0 .net "n1", 0 0, L_000001c44fe52ff0;  1 drivers
v000001c44fe51ba0_0 .net "n2", 0 0, L_000001c44fe538b0;  1 drivers
v000001c44fe512e0_0 .net "n3", 0 0, L_000001c44fe53920;  1 drivers
v000001c44fe50ca0_0 .net "n4", 0 0, L_000001c44fe53ae0;  1 drivers
v000001c44fe4fee0_0 .net "x1", 0 0, L_000001c44fe51740;  alias, 1 drivers
v000001c44fe51380_0 .net "x2", 0 0, L_000001c44fe519c0;  alias, 1 drivers
v000001c44fe51880_0 .net "x3", 0 0, L_000001c44fe50ac0;  alias, 1 drivers
v000001c44fe517e0_0 .net "x4", 0 0, L_000001c44fe50480;  alias, 1 drivers
S_000001c44fe51e00 .scope module, "Q2B_under_test" "Q2B" 2 121, 2 34 0, S_000001c44fdef1e0;
 .timescale -9 -9;
    .port_info 0 /INPUT 1 "x1";
    .port_info 1 /INPUT 1 "x2";
    .port_info 2 /INPUT 1 "x3";
    .port_info 3 /INPUT 1 "x4";
    .port_info 4 /OUTPUT 1 "f";
L_000001c44fe531b0 .functor NOT 1, L_000001c44fe50480, C4<0>, C4<0>, C4<0>;
L_000001c44fe53d10 .functor NOT 1, L_000001c44fe519c0, C4<0>, C4<0>, C4<0>;
L_000001c44fe53840 .functor AND 1, L_000001c44fe531b0, L_000001c44fe53d10, C4<1>, C4<1>;
L_000001c44fe53d80 .functor NOT 1, L_000001c44fe50480, C4<0>, C4<0>, C4<0>;
L_000001c44fe53c30 .functor AND 1, L_000001c44fe53d80, L_000001c44fe50ac0, C4<1>, C4<1>;
L_000001c44fe53ca0 .functor OR 1, L_000001c44fe53840, L_000001c44fe53c30, C4<0>, C4<0>;
v000001c44fe50de0_0 .net *"_ivl_0", 0 0, L_000001c44fe531b0;  1 drivers
v000001c44fe4fe40_0 .net *"_ivl_2", 0 0, L_000001c44fe53d10;  1 drivers
v000001c44fe51420_0 .net *"_ivl_6", 0 0, L_000001c44fe53d80;  1 drivers
v000001c44fe4ff80_0 .net "f", 0 0, L_000001c44fe53ca0;  alias, 1 drivers
v000001c44fe50020_0 .net "g1", 0 0, L_000001c44fe53840;  1 drivers
v000001c44fe51ce0_0 .net "g2", 0 0, L_000001c44fe53c30;  1 drivers
v000001c44fe51240_0 .net "x1", 0 0, L_000001c44fe51740;  alias, 1 drivers
v000001c44fe50e80_0 .net "x2", 0 0, L_000001c44fe519c0;  alias, 1 drivers
v000001c44fe50d40_0 .net "x3", 0 0, L_000001c44fe50ac0;  alias, 1 drivers
v000001c44fe51100_0 .net "x4", 0 0, L_000001c44fe50480;  alias, 1 drivers
    .scope S_000001c44fde0f60;
T_0 ;
    %vpi_call 2 61 "$display", "x1 x2 x3 x4 -> Fo" {0 0 0};
    %pushi/vec4 0, 0, 32;
    %store/vec4 v000001c44fdf7070_0, 0, 32;
T_0.0 ;
    %load/vec4 v000001c44fdf7070_0;
    %cmpi/s 16, 0, 32;
    %jmp/0xz T_0.1, 5;
    %delay 3, 0;
    %vpi_call 2 64 "$display", "%b %b %b %b -> %b", v000001c44fdf7250_0, v000001c44fdf6ad0_0, v000001c44fdf6490_0, v000001c44fdf7d90_0, v000001c44fdf62b0_0 {0 0 0};
    %load/vec4 v000001c44fdf7070_0;
    %addi 1, 0, 32;
    %store/vec4 v000001c44fdf7070_0, 0, 32;
    %jmp T_0.0;
T_0.1 ;
    %end;
    .thread T_0;
    .scope S_000001c44fdef050;
T_1 ;
    %vpi_call 2 86 "$display", "x1 x2 x3 x4 -> f" {0 0 0};
    %pushi/vec4 0, 0, 32;
    %store/vec4 v000001c44fdf79d0_0, 0, 32;
T_1.0 ;
    %load/vec4 v000001c44fdf79d0_0;
    %cmpi/s 16, 0, 32;
    %jmp/0xz T_1.1, 5;
    %delay 3, 0;
    %vpi_call 2 89 "$display", "%b %b %b %b -> %b", v000001c44fdf7a70_0, v000001c44fdf7bb0_0, v000001c44fdf6210_0, v000001c44fdf6350_0, v000001c44fdf6d50_0 {0 0 0};
    %load/vec4 v000001c44fdf79d0_0;
    %addi 1, 0, 32;
    %store/vec4 v000001c44fdf79d0_0, 0, 32;
    %jmp T_1.0;
T_1.1 ;
    %end;
    .thread T_1;
    .scope S_000001c44fdef1e0;
T_2 ;
    %vpi_call 2 112 "$display", "x1 x2 x3 x4 -> f   |   x1 x2 x3 x4 -> Fo" {0 0 0};
    %pushi/vec4 0, 0, 32;
    %store/vec4 v000001c44fe51560_0, 0, 32;
T_2.0 ;
    %load/vec4 v000001c44fe51560_0;
    %cmpi/s 16, 0, 32;
    %jmp/0xz T_2.1, 5;
    %delay 3, 0;
    %vpi_call 2 115 "$display", "%b %b %b %b -> %b   |   %b %b %b %b -> %b ", v000001c44fe500c0_0, v000001c44fe50160_0, v000001c44fe50200_0, v000001c44fe502a0_0, v000001c44fe50840_0, v000001c44fe500c0_0, v000001c44fe50160_0, v000001c44fe50200_0, v000001c44fe502a0_0, v000001c44fe51920_0 {0 0 0};
    %load/vec4 v000001c44fe51560_0;
    %addi 1, 0, 32;
    %store/vec4 v000001c44fe51560_0, 0, 32;
    %jmp T_2.0;
T_2.1 ;
    %end;
    .thread T_2;
# The file index is used to find the file name in the following table.
:file_names 3;
    "N/A";
    "<interactive>";
    "Q2.v";
