#! /c/Source/iverilog-install/bin/vvp
:ivl_version "12.0 (devel)" "(s20150603-1539-g2693dd32b)";
:ivl_delay_selection "TYPICAL";
:vpi_time_precision - 12;
:vpi_module "C:\iverilog\lib\ivl\system.vpi";
:vpi_module "C:\iverilog\lib\ivl\vhdl_sys.vpi";
:vpi_module "C:\iverilog\lib\ivl\vhdl_textio.vpi";
:vpi_module "C:\iverilog\lib\ivl\v2005_math.vpi";
:vpi_module "C:\iverilog\lib\ivl\va_math.vpi";
S_000001e056c0e970 .scope module, "tb_Function_Optimization" "tb_Function_Optimization" 2 6;
 .timescale -9 -12;
P_000001e056c0ddb0 .param/l "PERIOD" 0 2 9, +C4<00000000000000000000000000001010>;
v000001e056c6ba10_0 .net "LED", 4 0, L_000001e056c6c410;  1 drivers
v000001e056c6bfb0_0 .var "button", 3 0;
S_000001e056bfa940 .scope module, "u_And_Xor" "Function_Optimization" 2 23, 3 3 0, S_000001e056c0e970;
 .timescale -9 -12;
    .port_info 0 /INPUT 4 "button";
    .port_info 1 /OUTPUT 5 "LED";
L_000001e056c05980 .functor NOT 1, L_000001e056c6bb50, C4<0>, C4<0>, C4<0>;
L_000001e056c06160 .functor NOT 1, L_000001e056c6b290, C4<0>, C4<0>, C4<0>;
L_000001e056c05d70 .functor AND 1, L_000001e056c05980, L_000001e056c06160, C4<1>, C4<1>;
L_000001e056c05830 .functor NOT 1, L_000001e056c6a9d0, C4<0>, C4<0>, C4<0>;
L_000001e056c05de0 .functor AND 1, L_000001e056c05d70, L_000001e056c05830, C4<1>, C4<1>;
L_000001e056c056e0 .functor NOT 1, L_000001e056c6a930, C4<0>, C4<0>, C4<0>;
L_000001e056c05e50 .functor AND 1, L_000001e056c05de0, L_000001e056c056e0, C4<1>, C4<1>;
L_000001e056c05ec0 .functor NOT 1, L_000001e056c6ac50, C4<0>, C4<0>, C4<0>;
L_000001e056c061d0 .functor NOT 1, L_000001e056c6aed0, C4<0>, C4<0>, C4<0>;
L_000001e056c05750 .functor AND 1, L_000001e056c05ec0, L_000001e056c061d0, C4<1>, C4<1>;
L_000001e056c05c20 .functor AND 1, L_000001e056c05750, L_000001e056c6c730, C4<1>, C4<1>;
L_000001e056c05f30 .functor NOT 1, L_000001e056c6b010, C4<0>, C4<0>, C4<0>;
L_000001e056c05a60 .functor AND 1, L_000001e056c05c20, L_000001e056c05f30, C4<1>, C4<1>;
L_000001e056c05910 .functor NOT 1, L_000001e056c6b830, C4<0>, C4<0>, C4<0>;
L_000001e056c06320 .functor AND 1, L_000001e056c05910, L_000001e056c6bab0, C4<1>, C4<1>;
L_000001e056c05fa0 .functor NOT 1, L_000001e056c6b650, C4<0>, C4<0>, C4<0>;
L_000001e056c05ad0 .functor AND 1, L_000001e056c06320, L_000001e056c05fa0, C4<1>, C4<1>;
L_000001e056c05b40 .functor NOT 1, L_000001e056c6b150, C4<0>, C4<0>, C4<0>;
L_000001e056c05bb0 .functor AND 1, L_000001e056c05ad0, L_000001e056c05b40, C4<1>, C4<1>;
L_000001e056c057c0 .functor NOT 1, L_000001e056c6b0b0, C4<0>, C4<0>, C4<0>;
L_000001e056c054b0 .functor AND 1, L_000001e056c057c0, L_000001e056c6c7d0, C4<1>, C4<1>;
L_000001e056c05520 .functor NOT 1, L_000001e056c6c190, C4<0>, C4<0>, C4<0>;
L_000001e056c05c90 .functor AND 1, L_000001e056c054b0, L_000001e056c05520, C4<1>, C4<1>;
L_000001e056c06010 .functor AND 1, L_000001e056c05c90, L_000001e056c6b6f0, C4<1>, C4<1>;
L_000001e056c06080 .functor NOT 1, L_000001e056c6aa70, C4<0>, C4<0>, C4<0>;
L_000001e056c6de90 .functor AND 1, L_000001e056c6ad90, L_000001e056c06080, C4<1>, C4<1>;
L_000001e056c6e050 .functor NOT 1, L_000001e056c6ab10, C4<0>, C4<0>, C4<0>;
L_000001e056c6e440 .functor AND 1, L_000001e056c6de90, L_000001e056c6e050, C4<1>, C4<1>;
L_000001e056c6e4b0 .functor NOT 1, L_000001e056c6abb0, C4<0>, C4<0>, C4<0>;
L_000001e056c6df00 .functor AND 1, L_000001e056c6e440, L_000001e056c6e4b0, C4<1>, C4<1>;
L_000001e056c6e1a0 .functor NOT 1, L_000001e056c6c550, C4<0>, C4<0>, C4<0>;
L_000001e056c6e520 .functor AND 1, L_000001e056c6b790, L_000001e056c6e1a0, C4<1>, C4<1>;
L_000001e056c6dcd0 .functor AND 1, L_000001e056c6e520, L_000001e056c6acf0, C4<1>, C4<1>;
L_000001e056c6dfe0 .functor NOT 1, L_000001e056c6ae30, C4<0>, C4<0>, C4<0>;
L_000001e056c6e3d0 .functor AND 1, L_000001e056c6dcd0, L_000001e056c6dfe0, C4<1>, C4<1>;
L_000001e056c6e600 .functor AND 1, L_000001e056c6c0f0, L_000001e056c6bbf0, C4<1>, C4<1>;
L_000001e056c6e590 .functor NOT 1, L_000001e056c6b3d0, C4<0>, C4<0>, C4<0>;
L_000001e056c6e210 .functor AND 1, L_000001e056c6e600, L_000001e056c6e590, C4<1>, C4<1>;
L_000001e056c6e670 .functor NOT 1, L_000001e056c6b470, C4<0>, C4<0>, C4<0>;
L_000001e056c6e6e0 .functor AND 1, L_000001e056c6e210, L_000001e056c6e670, C4<1>, C4<1>;
L_000001e056c6da30 .functor AND 1, L_000001e056c6bd30, L_000001e056c6b1f0, C4<1>, C4<1>;
L_000001e056c6d950 .functor NOT 1, L_000001e056c6b330, C4<0>, C4<0>, C4<0>;
L_000001e056c6dbf0 .functor AND 1, L_000001e056c6da30, L_000001e056c6d950, C4<1>, C4<1>;
L_000001e056c6daa0 .functor AND 1, L_000001e056c6dbf0, L_000001e056c6b5b0, C4<1>, C4<1>;
L_000001e056c6dd40 .functor OR 1, L_000001e056c6b510, L_000001e056c6b8d0, C4<0>, C4<0>;
L_000001e056c6e360 .functor OR 1, L_000001e056c6dd40, L_000001e056c6c2d0, C4<0>, C4<0>;
L_000001e056c6dc60 .functor OR 1, L_000001e056c6e360, L_000001e056c6bdd0, C4<0>, C4<0>;
L_000001e056c6df70 .functor OR 1, L_000001e056c6dc60, L_000001e056c6bf10, C4<0>, C4<0>;
L_000001e056c6ddb0 .functor OR 1, L_000001e056c6df70, L_000001e056c6c050, C4<0>, C4<0>;
L_000001e056c6db10 .functor OR 1, L_000001e056c6ddb0, L_000001e056c6c230, C4<0>, C4<0>;
L_000001e056c6e750 .functor OR 1, L_000001e056c6db10, L_000001e056c6c370, C4<0>, C4<0>;
v000001e056c0b010_0 .net "LED", 4 0, L_000001e056c6c410;  alias, 1 drivers
v000001e056c0acf0_0 .net *"_ivl_10", 0 0, L_000001e056c05d70;  1 drivers
v000001e056c0c730_0 .net *"_ivl_100", 0 0, L_000001e056c6e050;  1 drivers
v000001e056c0a930_0 .net *"_ivl_102", 0 0, L_000001e056c6e440;  1 drivers
v000001e056c0aa70_0 .net *"_ivl_105", 0 0, L_000001e056c6abb0;  1 drivers
v000001e056c0b830_0 .net *"_ivl_106", 0 0, L_000001e056c6e4b0;  1 drivers
v000001e056c0b1f0_0 .net *"_ivl_108", 0 0, L_000001e056c6df00;  1 drivers
v000001e056c0ab10_0 .net *"_ivl_113", 0 0, L_000001e056c6b790;  1 drivers
v000001e056c0ad90_0 .net *"_ivl_115", 0 0, L_000001e056c6c550;  1 drivers
v000001e056c0be70_0 .net *"_ivl_116", 0 0, L_000001e056c6e1a0;  1 drivers
v000001e056c0b470_0 .net *"_ivl_118", 0 0, L_000001e056c6e520;  1 drivers
v000001e056c0b150_0 .net *"_ivl_121", 0 0, L_000001e056c6acf0;  1 drivers
v000001e056c0b5b0_0 .net *"_ivl_122", 0 0, L_000001e056c6dcd0;  1 drivers
v000001e056c0c050_0 .net *"_ivl_125", 0 0, L_000001e056c6ae30;  1 drivers
v000001e056c0c190_0 .net *"_ivl_126", 0 0, L_000001e056c6dfe0;  1 drivers
v000001e056c0bdd0_0 .net *"_ivl_128", 0 0, L_000001e056c6e3d0;  1 drivers
v000001e056c0ae30_0 .net *"_ivl_13", 0 0, L_000001e056c6a9d0;  1 drivers
v000001e056c0c0f0_0 .net *"_ivl_133", 0 0, L_000001e056c6c0f0;  1 drivers
v000001e056c0b650_0 .net *"_ivl_135", 0 0, L_000001e056c6bbf0;  1 drivers
v000001e056c0b0b0_0 .net *"_ivl_136", 0 0, L_000001e056c6e600;  1 drivers
v000001e056c0b6f0_0 .net *"_ivl_139", 0 0, L_000001e056c6b3d0;  1 drivers
v000001e056c0b290_0 .net *"_ivl_14", 0 0, L_000001e056c05830;  1 drivers
v000001e056c0ba10_0 .net *"_ivl_140", 0 0, L_000001e056c6e590;  1 drivers
v000001e056c0c2d0_0 .net *"_ivl_142", 0 0, L_000001e056c6e210;  1 drivers
v000001e056c0c230_0 .net *"_ivl_145", 0 0, L_000001e056c6b470;  1 drivers
v000001e056c0b790_0 .net *"_ivl_146", 0 0, L_000001e056c6e670;  1 drivers
v000001e056c0b970_0 .net *"_ivl_148", 0 0, L_000001e056c6e6e0;  1 drivers
v000001e056c0c410_0 .net *"_ivl_154", 0 0, L_000001e056c6bd30;  1 drivers
v000001e056c0c550_0 .net *"_ivl_156", 0 0, L_000001e056c6b1f0;  1 drivers
v000001e056c0af70_0 .net *"_ivl_157", 0 0, L_000001e056c6da30;  1 drivers
v000001e056c0ac50_0 .net *"_ivl_16", 0 0, L_000001e056c05de0;  1 drivers
v000001e056c0b8d0_0 .net *"_ivl_160", 0 0, L_000001e056c6b330;  1 drivers
v000001e056c0bab0_0 .net *"_ivl_161", 0 0, L_000001e056c6d950;  1 drivers
v000001e056c0c5f0_0 .net *"_ivl_163", 0 0, L_000001e056c6dbf0;  1 drivers
v000001e056c0bb50_0 .net *"_ivl_166", 0 0, L_000001e056c6b5b0;  1 drivers
v000001e056c0bbf0_0 .net *"_ivl_167", 0 0, L_000001e056c6daa0;  1 drivers
v000001e056c0bc90_0 .net *"_ivl_172", 0 0, L_000001e056c6b510;  1 drivers
v000001e056c0bd30_0 .net *"_ivl_174", 0 0, L_000001e056c6b8d0;  1 drivers
v000001e056c0abb0_0 .net *"_ivl_175", 0 0, L_000001e056c6dd40;  1 drivers
v000001e056c0aed0_0 .net *"_ivl_178", 0 0, L_000001e056c6c2d0;  1 drivers
v000001e056c0c4b0_0 .net *"_ivl_179", 0 0, L_000001e056c6e360;  1 drivers
v000001e056c0c690_0 .net *"_ivl_182", 0 0, L_000001e056c6bdd0;  1 drivers
v000001e056c0a890_0 .net *"_ivl_183", 0 0, L_000001e056c6dc60;  1 drivers
v000001e056c0a9d0_0 .net *"_ivl_186", 0 0, L_000001e056c6bf10;  1 drivers
v000001e056bef0e0_0 .net *"_ivl_187", 0 0, L_000001e056c6df70;  1 drivers
v000001e056c69370_0 .net *"_ivl_19", 0 0, L_000001e056c6a930;  1 drivers
v000001e056c68ab0_0 .net *"_ivl_190", 0 0, L_000001e056c6c050;  1 drivers
v000001e056c699b0_0 .net *"_ivl_191", 0 0, L_000001e056c6ddb0;  1 drivers
v000001e056c69e10_0 .net *"_ivl_194", 0 0, L_000001e056c6c230;  1 drivers
v000001e056c68b50_0 .net *"_ivl_195", 0 0, L_000001e056c6db10;  1 drivers
v000001e056c68a10_0 .net *"_ivl_198", 0 0, L_000001e056c6c370;  1 drivers
v000001e056c69910_0 .net *"_ivl_199", 0 0, L_000001e056c6e750;  1 drivers
v000001e056c686f0_0 .net *"_ivl_20", 0 0, L_000001e056c056e0;  1 drivers
L_000001e056cb0088 .functor BUFT 1, C4<0>, C4<0>, C4<0>, C4<0>;
v000001e056c69410_0 .net/2u *"_ivl_203", 0 0, L_000001e056cb0088;  1 drivers
L_000001e056cb00d0 .functor BUFT 1, C4<0>, C4<0>, C4<0>, C4<0>;
v000001e056c6a1d0_0 .net/2u *"_ivl_207", 0 0, L_000001e056cb00d0;  1 drivers
L_000001e056cb0118 .functor BUFT 1, C4<0>, C4<0>, C4<0>, C4<0>;
v000001e056c6a3b0_0 .net/2u *"_ivl_211", 0 0, L_000001e056cb0118;  1 drivers
L_000001e056cb0160 .functor BUFT 1, C4<0>, C4<0>, C4<0>, C4<0>;
v000001e056c692d0_0 .net/2u *"_ivl_216", 0 0, L_000001e056cb0160;  1 drivers
v000001e056c69050_0 .net *"_ivl_22", 0 0, L_000001e056c05e50;  1 drivers
v000001e056c68d30_0 .net *"_ivl_27", 0 0, L_000001e056c6ac50;  1 drivers
v000001e056c68650_0 .net *"_ivl_28", 0 0, L_000001e056c05ec0;  1 drivers
v000001e056c69870_0 .net *"_ivl_3", 0 0, L_000001e056c6bb50;  1 drivers
v000001e056c69a50_0 .net *"_ivl_31", 0 0, L_000001e056c6aed0;  1 drivers
v000001e056c68f10_0 .net *"_ivl_32", 0 0, L_000001e056c061d0;  1 drivers
v000001e056c68bf0_0 .net *"_ivl_34", 0 0, L_000001e056c05750;  1 drivers
v000001e056c69ff0_0 .net *"_ivl_37", 0 0, L_000001e056c6c730;  1 drivers
v000001e056c68c90_0 .net *"_ivl_38", 0 0, L_000001e056c05c20;  1 drivers
v000001e056c69af0_0 .net *"_ivl_4", 0 0, L_000001e056c05980;  1 drivers
v000001e056c68510_0 .net *"_ivl_41", 0 0, L_000001e056c6b010;  1 drivers
v000001e056c685b0_0 .net *"_ivl_42", 0 0, L_000001e056c05f30;  1 drivers
v000001e056c69eb0_0 .net *"_ivl_44", 0 0, L_000001e056c05a60;  1 drivers
v000001e056c68790_0 .net *"_ivl_49", 0 0, L_000001e056c6b830;  1 drivers
v000001e056c68830_0 .net *"_ivl_50", 0 0, L_000001e056c05910;  1 drivers
v000001e056c6a130_0 .net *"_ivl_53", 0 0, L_000001e056c6bab0;  1 drivers
v000001e056c69230_0 .net *"_ivl_54", 0 0, L_000001e056c06320;  1 drivers
v000001e056c69190_0 .net *"_ivl_57", 0 0, L_000001e056c6b650;  1 drivers
v000001e056c69c30_0 .net *"_ivl_58", 0 0, L_000001e056c05fa0;  1 drivers
v000001e056c694b0_0 .net *"_ivl_60", 0 0, L_000001e056c05ad0;  1 drivers
v000001e056c69f50_0 .net *"_ivl_63", 0 0, L_000001e056c6b150;  1 drivers
v000001e056c688d0_0 .net *"_ivl_64", 0 0, L_000001e056c05b40;  1 drivers
v000001e056c69cd0_0 .net *"_ivl_66", 0 0, L_000001e056c05bb0;  1 drivers
v000001e056c697d0_0 .net *"_ivl_7", 0 0, L_000001e056c6b290;  1 drivers
v000001e056c68e70_0 .net *"_ivl_71", 0 0, L_000001e056c6b0b0;  1 drivers
v000001e056c6a270_0 .net *"_ivl_72", 0 0, L_000001e056c057c0;  1 drivers
v000001e056c68970_0 .net *"_ivl_75", 0 0, L_000001e056c6c7d0;  1 drivers
v000001e056c68dd0_0 .net *"_ivl_76", 0 0, L_000001e056c054b0;  1 drivers
v000001e056c69b90_0 .net *"_ivl_79", 0 0, L_000001e056c6c190;  1 drivers
v000001e056c6a310_0 .net *"_ivl_8", 0 0, L_000001e056c06160;  1 drivers
v000001e056c69d70_0 .net *"_ivl_80", 0 0, L_000001e056c05520;  1 drivers
v000001e056c6a090_0 .net *"_ivl_82", 0 0, L_000001e056c05c90;  1 drivers
v000001e056c69550_0 .net *"_ivl_85", 0 0, L_000001e056c6b6f0;  1 drivers
v000001e056c68fb0_0 .net *"_ivl_86", 0 0, L_000001e056c06010;  1 drivers
v000001e056c690f0_0 .net *"_ivl_91", 0 0, L_000001e056c6ad90;  1 drivers
v000001e056c695f0_0 .net *"_ivl_93", 0 0, L_000001e056c6aa70;  1 drivers
v000001e056c69690_0 .net *"_ivl_94", 0 0, L_000001e056c06080;  1 drivers
v000001e056c69730_0 .net *"_ivl_96", 0 0, L_000001e056c6de90;  1 drivers
v000001e056c6be70_0 .net *"_ivl_99", 0 0, L_000001e056c6ab10;  1 drivers
v000001e056c6b970_0 .net "button", 3 0, v000001e056c6bfb0_0;  1 drivers
v000001e056c6bc90_0 .net "m", 7 0, L_000001e056c6af70;  1 drivers
L_000001e056c6bb50 .part v000001e056c6bfb0_0, 0, 1;
L_000001e056c6b290 .part v000001e056c6bfb0_0, 1, 1;
L_000001e056c6a9d0 .part v000001e056c6bfb0_0, 2, 1;
L_000001e056c6a930 .part v000001e056c6bfb0_0, 3, 1;
L_000001e056c6ac50 .part v000001e056c6bfb0_0, 0, 1;
L_000001e056c6aed0 .part v000001e056c6bfb0_0, 1, 1;
L_000001e056c6c730 .part v000001e056c6bfb0_0, 2, 1;
L_000001e056c6b010 .part v000001e056c6bfb0_0, 3, 1;
L_000001e056c6b830 .part v000001e056c6bfb0_0, 0, 1;
L_000001e056c6bab0 .part v000001e056c6bfb0_0, 1, 1;
L_000001e056c6b650 .part v000001e056c6bfb0_0, 2, 1;
L_000001e056c6b150 .part v000001e056c6bfb0_0, 3, 1;
L_000001e056c6b0b0 .part v000001e056c6bfb0_0, 0, 1;
L_000001e056c6c7d0 .part v000001e056c6bfb0_0, 1, 1;
L_000001e056c6c190 .part v000001e056c6bfb0_0, 2, 1;
L_000001e056c6b6f0 .part v000001e056c6bfb0_0, 3, 1;
L_000001e056c6ad90 .part v000001e056c6bfb0_0, 0, 1;
L_000001e056c6aa70 .part v000001e056c6bfb0_0, 1, 1;
L_000001e056c6ab10 .part v000001e056c6bfb0_0, 2, 1;
L_000001e056c6abb0 .part v000001e056c6bfb0_0, 3, 1;
L_000001e056c6b790 .part v000001e056c6bfb0_0, 0, 1;
L_000001e056c6c550 .part v000001e056c6bfb0_0, 1, 1;
L_000001e056c6acf0 .part v000001e056c6bfb0_0, 2, 1;
L_000001e056c6ae30 .part v000001e056c6bfb0_0, 3, 1;
L_000001e056c6c0f0 .part v000001e056c6bfb0_0, 0, 1;
L_000001e056c6bbf0 .part v000001e056c6bfb0_0, 1, 1;
L_000001e056c6b3d0 .part v000001e056c6bfb0_0, 2, 1;
L_000001e056c6b470 .part v000001e056c6bfb0_0, 3, 1;
LS_000001e056c6af70_0_0 .concat8 [ 1 1 1 1], L_000001e056c05e50, L_000001e056c05a60, L_000001e056c05bb0, L_000001e056c06010;
LS_000001e056c6af70_0_4 .concat8 [ 1 1 1 1], L_000001e056c6df00, L_000001e056c6e3d0, L_000001e056c6e6e0, L_000001e056c6daa0;
L_000001e056c6af70 .concat8 [ 4 4 0 0], LS_000001e056c6af70_0_0, LS_000001e056c6af70_0_4;
L_000001e056c6bd30 .part v000001e056c6bfb0_0, 0, 1;
L_000001e056c6b1f0 .part v000001e056c6bfb0_0, 1, 1;
L_000001e056c6b330 .part v000001e056c6bfb0_0, 2, 1;
L_000001e056c6b5b0 .part v000001e056c6bfb0_0, 3, 1;
L_000001e056c6b510 .part L_000001e056c6af70, 0, 1;
L_000001e056c6b8d0 .part L_000001e056c6af70, 1, 1;
L_000001e056c6c2d0 .part L_000001e056c6af70, 2, 1;
L_000001e056c6bdd0 .part L_000001e056c6af70, 3, 1;
L_000001e056c6bf10 .part L_000001e056c6af70, 4, 1;
L_000001e056c6c050 .part L_000001e056c6af70, 5, 1;
L_000001e056c6c230 .part L_000001e056c6af70, 6, 1;
L_000001e056c6c370 .part L_000001e056c6af70, 7, 1;
LS_000001e056c6c410_0_0 .concat8 [ 1 1 1 1], L_000001e056c6e750, L_000001e056cb0088, L_000001e056cb00d0, L_000001e056cb0118;
LS_000001e056c6c410_0_4 .concat8 [ 1 0 0 0], L_000001e056cb0160;
L_000001e056c6c410 .concat8 [ 4 1 0 0], LS_000001e056c6c410_0_0, LS_000001e056c6c410_0_4;
    .scope S_000001e056c0e970;
T_0 ;
    %pushi/vec4 0, 0, 4;
    %store/vec4 v000001e056c6bfb0_0, 0, 4;
    %end;
    .thread T_0;
    .scope S_000001e056c0e970;
T_1 ;
    %vpi_call 2 30 "$dumpfile", "tb_Function_Optimization.vcd" {0 0 0};
    %vpi_call 2 31 "$dumpvars", 32'sb00000000000000000000000000000000, S_000001e056c0e970 {0 0 0};
    %end;
    .thread T_1;
    .scope S_000001e056c0e970;
T_2 ;
    %pushi/vec4 0, 0, 1;
    %ix/load 4, 0, 0;
    %flag_set/imm 4, 0;
    %store/vec4 v000001e056c6bfb0_0, 4, 1;
    %pushi/vec4 0, 0, 1;
    %ix/load 4, 1, 0;
    %flag_set/imm 4, 0;
    %store/vec4 v000001e056c6bfb0_0, 4, 1;
    %pushi/vec4 0, 0, 1;
    %ix/load 4, 2, 0;
    %flag_set/imm 4, 0;
    %store/vec4 v000001e056c6bfb0_0, 4, 1;
    %pushi/vec4 0, 0, 1;
    %ix/load 4, 3, 0;
    %flag_set/imm 4, 0;
    %store/vec4 v000001e056c6bfb0_0, 4, 1;
    %vpi_call 2 39 "$monitor", "At time %t, button[0] = %b, button[1] = %b, button[2] = %b, button[3] = %b, LED[0] = %b, LED[1] = %b, LED[2] = %b, LED[3] = %b,", $time, &PV<v000001e056c6bfb0_0, 0, 1>, &PV<v000001e056c6bfb0_0, 1, 1>, &PV<v000001e056c6bfb0_0, 2, 1>, &PV<v000001e056c6bfb0_0, 3, 1>, &PV<v000001e056c6ba10_0, 0, 1>, &PV<v000001e056c6ba10_0, 1, 1>, &PV<v000001e056c6ba10_0, 2, 1>, &PV<v000001e056c6ba10_0, 3, 1> {0 0 0};
    %delay 10000, 0;
    %pushi/vec4 0, 0, 1;
    %ix/load 4, 0, 0;
    %flag_set/imm 4, 0;
    %store/vec4 v000001e056c6bfb0_0, 4, 1;
    %pushi/vec4 0, 0, 1;
    %ix/load 4, 1, 0;
    %flag_set/imm 4, 0;
    %store/vec4 v000001e056c6bfb0_0, 4, 1;
    %pushi/vec4 0, 0, 1;
    %ix/load 4, 2, 0;
    %flag_set/imm 4, 0;
    %store/vec4 v000001e056c6bfb0_0, 4, 1;
    %pushi/vec4 1, 0, 1;
    %ix/load 4, 3, 0;
    %flag_set/imm 4, 0;
    %store/vec4 v000001e056c6bfb0_0, 4, 1;
    %delay 10000, 0;
    %pushi/vec4 0, 0, 1;
    %ix/load 4, 0, 0;
    %flag_set/imm 4, 0;
    %store/vec4 v000001e056c6bfb0_0, 4, 1;
    %pushi/vec4 0, 0, 1;
    %ix/load 4, 1, 0;
    %flag_set/imm 4, 0;
    %store/vec4 v000001e056c6bfb0_0, 4, 1;
    %pushi/vec4 1, 0, 1;
    %ix/load 4, 2, 0;
    %flag_set/imm 4, 0;
    %store/vec4 v000001e056c6bfb0_0, 4, 1;
    %pushi/vec4 0, 0, 1;
    %ix/load 4, 3, 0;
    %flag_set/imm 4, 0;
    %store/vec4 v000001e056c6bfb0_0, 4, 1;
    %delay 10000, 0;
    %pushi/vec4 0, 0, 1;
    %ix/load 4, 0, 0;
    %flag_set/imm 4, 0;
    %store/vec4 v000001e056c6bfb0_0, 4, 1;
    %pushi/vec4 0, 0, 1;
    %ix/load 4, 1, 0;
    %flag_set/imm 4, 0;
    %store/vec4 v000001e056c6bfb0_0, 4, 1;
    %pushi/vec4 1, 0, 1;
    %ix/load 4, 2, 0;
    %flag_set/imm 4, 0;
    %store/vec4 v000001e056c6bfb0_0, 4, 1;
    %pushi/vec4 1, 0, 1;
    %ix/load 4, 3, 0;
    %flag_set/imm 4, 0;
    %store/vec4 v000001e056c6bfb0_0, 4, 1;
    %delay 10000, 0;
    %pushi/vec4 0, 0, 1;
    %ix/load 4, 0, 0;
    %flag_set/imm 4, 0;
    %store/vec4 v000001e056c6bfb0_0, 4, 1;
    %pushi/vec4 1, 0, 1;
    %ix/load 4, 1, 0;
    %flag_set/imm 4, 0;
    %store/vec4 v000001e056c6bfb0_0, 4, 1;
    %pushi/vec4 0, 0, 1;
    %ix/load 4, 2, 0;
    %flag_set/imm 4, 0;
    %store/vec4 v000001e056c6bfb0_0, 4, 1;
    %pushi/vec4 0, 0, 1;
    %ix/load 4, 3, 0;
    %flag_set/imm 4, 0;
    %store/vec4 v000001e056c6bfb0_0, 4, 1;
    %delay 10000, 0;
    %pushi/vec4 0, 0, 1;
    %ix/load 4, 0, 0;
    %flag_set/imm 4, 0;
    %store/vec4 v000001e056c6bfb0_0, 4, 1;
    %pushi/vec4 1, 0, 1;
    %ix/load 4, 1, 0;
    %flag_set/imm 4, 0;
    %store/vec4 v000001e056c6bfb0_0, 4, 1;
    %pushi/vec4 0, 0, 1;
    %ix/load 4, 2, 0;
    %flag_set/imm 4, 0;
    %store/vec4 v000001e056c6bfb0_0, 4, 1;
    %pushi/vec4 1, 0, 1;
    %ix/load 4, 3, 0;
    %flag_set/imm 4, 0;
    %store/vec4 v000001e056c6bfb0_0, 4, 1;
    %delay 10000, 0;
    %vpi_call 2 49 "$finish" {0 0 0};
    %end;
    .thread T_2;
# The file index is used to find the file name in the following table.
:file_names 4;
    "N/A";
    "<interactive>";
    "tb_Function_Optimization.v";
    "./../../src/3_3/Function_Optimization.v";
